'R' register area map
;* Main file 'C:\USERS\HOME\DROPBOX\PROJECTS\GRAVITY\MOSAIC\MOSAICAPP\PARK-AVENUE-SHOWROOM\PARK-AVENUE-SHOWROOM\000-MAIN\000-MAIN.MAK'

R    0.0 	 =R1_1HALLLIGHT01	; 
R    0.1 	 =R2_3LIVINGROOMLIGHT02_07_08	; dimm
R    0.2 	 =R3_1BALCONYLIGHT	; 
R    0.3 	 =R2_2KITCHENLIGHT03	; 
R    0.4 	 =R2_2KITCHENLIGHT04_24	; 
R    0.5 	 =R2_1EATINGROOMLIGHT05_06_23	; 
R    0.6 	 =R4_1BEDROOM1LIGHT09	; 
R    0.7 	 =R5_1BEDROOM2LIGHT10	; 
R    1.0 	 =R5_1BEDROOM2LIGHT11	; 
R    1.1 	 =R5_1BEDROOM2LIGHT12	; 
R    1.2 	 =R6_1WARDROBELIGHT13_21	; 
R    1.3 	 =R8_1BATHROOM2LIGHT14_15_16	; 
R    1.4 	 =R7_1BATHROOM1LIGHT17_18_19	; dimm
R    1.5 	 =R1_1HALLLIGHT01_AUTO	; 
R    1.6 	 =R2_3LIVINGROOMLIGHT02_07_08_AUTO	; dimm
R    1.7 	 =R2_2KITCHENLIGHT03_AUTO	; 
R    2.0 	 =R2_2KITCHENLIGHT04_24_AUTO	; 
R    2.1 	 =R2_1EATINGROOMLIGHT05_06_23_AUTO	; 
R    2.2 	 =R4_1BEDROOM1LIGHT09_AUTO	; 
R    2.3 	 =R5_1BEDROOM2LIGHT10_AUTO	; 
R    2.4 	 =R5_15BEDROOM2LIGHT11_AUTO	; 
R    2.5 	 =R5_15BEDROOM2LIGHT12_AUTO	; 
R    2.6 	 =R6_1WARDROBELIGHT13_21_AUTO	; 
R    2.7 	 =R8_1BATHROOM2LIGHT14_15_16_AUTO	; 
R    3.0 	 =R7_1BATHROOM1LIGHT17_18_19_AUTO	; dimm
R    3.1 	 =R2_1EATINGROOMBLINDSUP	; 
R    3.2 	 =R2_1EATINGROOMBLINDSDOWN	; 
R    3.3 	 =R2_1EATINGROOMBLINDSSTOP	; 
R    3.4 	 =R4_1BEDROOM1BLINDSUP	; 
R    3.5 	 =R4_1BEDROOM1BLINDSDOWN	; 
R    3.6 	 =R4_1BEDROOM1BLINDSSTOP	; 
R    3.7 	 =R5_1BEDROOM2BLINDSUP	; 
R    4.0 	 =R5_1BEDROOM2BLINDSDOWN	; 
R    4.1 	 =R5_1BEDROOM2BLINDSSTOP	; 
R    4.2 	 =GENERALPOWER	; 
R    4.3 	 =FLOORHEATINGSTATE	; 
R    4.4 	 =WATERSTATE	; 
R    4.5 	 =WATERCLOSE	; 
R    4.6 	 =WATEROPEN	; 
R    4.7 	 =WATERALARMRESET	; 
R    5.0 	 =WATERALARM	; 
R    5.1 	 =SECURITY_ARM	; 
R    5.2 	 =SECURITY_DISARM	; 
R    5.3 	 =SECURITY_ALARM	; 
R    5.4 	 =SECURITY_ALARM_RESET	; 
R    5.5 	 =SECURITY_LED	; 
R    5.6 	 =SECURITY_STATE	; 
RF 105   : 108   =R2_3LIVINGROOMLIGHT02_07_08_LEVEL	; 
RF 109   : 112   =R7_1BATHROOM1LIGHT17_18_19_LEVEL	; 
RF 113   : 116   =R2_1EATINGROOMBLINDSPOSITION	; 
RF 117   : 120   =R4_1BEDROOM1BLINDSPOSITION	; 
RF 121   : 124   =R5_1BEDROOM2BLINDSPOSITION	; 
RF 125   : 128   =FLOORHEATINGLEVEL	; 
RF 129   : 132   =R4_BEDROOM1ACSETTEMPERATURE	; 
RF 133   : 136   =R5_BEDROOM2ACSETTEMPERATURE	; 
R  137   	 =R4_BEDROOM1ACMODE	; 
R  138   	 =R5_BEDROOM2ACMODE	; 
R  139   : 179   =TMI_CIB1_IN MI_CIB1_IN	; 
	RF139	  > MI_CIB1_IN~INTGR
	R143.0	  >>> MI_CIB1_IN~ID1_IN~STAT~OUF1
	R143.1	  >>> MI_CIB1_IN~ID1_IN~STAT~VLD1
	R143.2	  >>> MI_CIB1_IN~ID1_IN~STAT~OUF2
	R143.3	  >>> MI_CIB1_IN~ID1_IN~STAT~VLD2
	R143.4	  >>> MI_CIB1_IN~ID1_IN~STAT~OUF3
	R143.5	  >>> MI_CIB1_IN~ID1_IN~STAT~VLD3
	R143.6	  >>> MI_CIB1_IN~ID1_IN~STAT~MANMODE
	R143.7	  >>> MI_CIB1_IN~ID1_IN~STAT~POWERERR
	RF144	  >>> MI_CIB1_IN~ID1_IN~AI~AI1
	RF148	  >>> MI_CIB1_IN~ID1_IN~AI~AI2
	RF152	  >>> MI_CIB1_IN~ID1_IN~AI~AI3
	R156.0	  >>> MI_CIB1_IN~ID1_IN~DI~DI1
	R156.1	  >>> MI_CIB1_IN~ID1_IN~DI~DI2
	R156.2	  >>> MI_CIB1_IN~ID1_IN~DI~DI3
	R156.3	  >>> MI_CIB1_IN~ID1_IN~DI~DI4
	R156.4	  >>> MI_CIB1_IN~ID1_IN~DI~DI5
	R156.5	  >>> MI_CIB1_IN~ID1_IN~DI~DI6
	R156.6	  >>> MI_CIB1_IN~ID1_IN~DI~DI7
	R156.7	  >>> MI_CIB1_IN~ID1_IN~DI~DI8
	RF157	  >> MI_CIB1_IN~ID2_IN~ACT_LEVEL1
	RF161	  >> MI_CIB1_IN~ID2_IN~ACT_LEVEL2
	R165.0	  >>> MI_CIB1_IN~ID2_IN~STAT~OUF1
	R165.1	  >>> MI_CIB1_IN~ID2_IN~STAT~VLD1
	R165.2	  >>> MI_CIB1_IN~ID2_IN~STAT~OUF2
	R165.3	  >>> MI_CIB1_IN~ID2_IN~STAT~VLD2
	R165.4	  >>> MI_CIB1_IN~ID2_IN~STAT~OUF3
	R165.5	  >>> MI_CIB1_IN~ID2_IN~STAT~VLD3
	R165.6	  >>> MI_CIB1_IN~ID2_IN~STAT~OUF4
	R165.7	  >>> MI_CIB1_IN~ID2_IN~STAT~VLD4
	R166.0	  >>> MI_CIB1_IN~ID2_IN~STAT~OUFT
	R166.1	  >>> MI_CIB1_IN~ID2_IN~STAT~VLDT
	R166.2	  >>> MI_CIB1_IN~ID2_IN~STAT~MAN
	R166.3	  >>> MI_CIB1_IN~ID2_IN~STAT~ERR1
	R166.4	  >>> MI_CIB1_IN~ID2_IN~STAT~ERR2
	R166.5	  >>> MI_CIB1_IN~ID2_IN~STAT~HEAT
	R166.6	  >>> MI_CIB1_IN~ID2_IN~STAT~PWR_ERR
	RF167	  >> MI_CIB1_IN~ID2_IN~THERM
	R171.0	  >>> MI_CIB1_IN~ID3_IN~DI~DI1
	R171.1	  >>> MI_CIB1_IN~ID3_IN~DI~DI2
	R171.2	  >>> MI_CIB1_IN~ID3_IN~DI~DI3
	R171.3	  >>> MI_CIB1_IN~ID3_IN~DI~DI4
	R171.4	  >>> MI_CIB1_IN~ID3_IN~DI~DI5
	R171.5	  >>> MI_CIB1_IN~ID3_IN~DI~DI6
	R171.6	  >>> MI_CIB1_IN~ID3_IN~DI~DI7
	R171.7	  >>> MI_CIB1_IN~ID3_IN~DI~DI8
	R172.0	  >>> MI_CIB1_IN~ID3_IN~DI~CLICK1
	R172.1	  >>> MI_CIB1_IN~ID3_IN~DI~CLICK2
	R172.2	  >>> MI_CIB1_IN~ID3_IN~DI~CLICK3
	R172.3	  >>> MI_CIB1_IN~ID3_IN~DI~CLICK4
	R172.4	  >>> MI_CIB1_IN~ID3_IN~DI~CLICK5
	R172.5	  >>> MI_CIB1_IN~ID3_IN~DI~CLICK6
	R172.6	  >>> MI_CIB1_IN~ID3_IN~DI~CLICK7
	R172.7	  >>> MI_CIB1_IN~ID3_IN~DI~CLICK8
	R173.0	  >>> MI_CIB1_IN~ID3_IN~DI~PRESS1
	R173.1	  >>> MI_CIB1_IN~ID3_IN~DI~PRESS2
	R173.2	  >>> MI_CIB1_IN~ID3_IN~DI~PRESS3
	R173.3	  >>> MI_CIB1_IN~ID3_IN~DI~PRESS4
	R173.4	  >>> MI_CIB1_IN~ID3_IN~DI~PRESS5
	R173.5	  >>> MI_CIB1_IN~ID3_IN~DI~PRESS6
	R173.6	  >>> MI_CIB1_IN~ID3_IN~DI~PRESS7
	R173.7	  >>> MI_CIB1_IN~ID3_IN~DI~PRESS8
	R174.0	  >>> MI_CIB1_IN~ID3_IN~DI~TAMPER1
	R174.1	  >>> MI_CIB1_IN~ID3_IN~DI~TAMPER2
	R174.2	  >>> MI_CIB1_IN~ID3_IN~DI~TAMPER3
	R174.3	  >>> MI_CIB1_IN~ID3_IN~DI~TAMPER4
	R174.4	  >>> MI_CIB1_IN~ID3_IN~DI~TAMPER5
	R174.5	  >>> MI_CIB1_IN~ID3_IN~DI~TAMPER6
	R174.6	  >>> MI_CIB1_IN~ID3_IN~DI~TAMPER7
	R174.7	  >>> MI_CIB1_IN~ID3_IN~DI~TAMPER8
	R175.0	  >>> MI_CIB1_IN~ID3_IN~STAT~OUF7
	R175.1	  >>> MI_CIB1_IN~ID3_IN~STAT~VLD7
	R175.2	  >>> MI_CIB1_IN~ID3_IN~STAT~OUF8
	R175.3	  >>> MI_CIB1_IN~ID3_IN~STAT~VLD8
	R175.4	  >>> MI_CIB1_IN~ID3_IN~STAT~OUF9
	R175.5	  >>> MI_CIB1_IN~ID3_IN~STAT~VLD9
	RF176	  >> MI_CIB1_IN~ID3_IN~AI9
R  180   : 208   =TMI_CIB1_OUT MI_CIB1_OUT	; 
	RF180	  >>> MI_CIB1_OUT~ID1_OUT~AO~AO1
	RF184	  >>> MI_CIB1_OUT~ID1_OUT~AO~AO2
	R188.0	  >>> MI_CIB1_OUT~ID1_OUT~DOS~DO1
	R188.1	  >>> MI_CIB1_OUT~ID1_OUT~DOS~DO2
	R188.2	  >>> MI_CIB1_OUT~ID1_OUT~DOS~DO3
	R188.3	  >>> MI_CIB1_OUT~ID1_OUT~DOS~DO4
	R188.4	  >>> MI_CIB1_OUT~ID1_OUT~DOS~DO5
	R188.5	  >>> MI_CIB1_OUT~ID1_OUT~DOS~DO6
	R188.6	  >>> MI_CIB1_OUT~ID1_OUT~DOS~DO7
	R188.7	  >>> MI_CIB1_OUT~ID1_OUT~DOS~DO8
	R189.0	  >>> MI_CIB1_OUT~ID1_OUT~DOS~DO9
	R189.1	  >>> MI_CIB1_OUT~ID1_OUT~DOS~DO10
	R189.2	  >>> MI_CIB1_OUT~ID1_OUT~DOS~DO11
	RF190	  >>> MI_CIB1_OUT~ID2_OUT~OUT1~LEVEL
	R194	  >>> MI_CIB1_OUT~ID2_OUT~OUT1~RAMP
	RF195	  >>> MI_CIB1_OUT~ID2_OUT~OUT1~MINIMUM
	RF199	  >>> MI_CIB1_OUT~ID2_OUT~OUT2~LEVEL
	R203	  >>> MI_CIB1_OUT~ID2_OUT~OUT2~RAMP
	RF204	  >>> MI_CIB1_OUT~ID2_OUT~OUT2~MINIMUM
	R208.0	  >>> MI_CIB1_OUT~ID3_OUT~DOS~DO1
	R208.1	  >>> MI_CIB1_OUT~ID3_OUT~DOS~DO2
	R208.2	  >>> MI_CIB1_OUT~ID3_OUT~DOS~DO3
	R208.3	  >>> MI_CIB1_OUT~ID3_OUT~DOS~DO4
	R208.4	  >>> MI_CIB1_OUT~ID3_OUT~DOS~DO5
	R208.5	  >>> MI_CIB1_OUT~ID3_OUT~DOS~DO6
	R208.6	  >>> MI_CIB1_OUT~ID3_OUT~DOS~DO7
	R208.7	  >>> MI_CIB1_OUT~ID3_OUT~DOS~DO8
R  209   : 240   =INE_STAT_MI_CIB1 [32]	; 
	R209	  > INE_STAT_MI_CIB1[0]
	R210	  > INE_STAT_MI_CIB1[1]
	R211	  > INE_STAT_MI_CIB1[2]
	R212	  > INE_STAT_MI_CIB1[3]
	R213	  > INE_STAT_MI_CIB1[4]
	R214	  > INE_STAT_MI_CIB1[5]
	R215	  > INE_STAT_MI_CIB1[6]
	R216	  > INE_STAT_MI_CIB1[7]
	R217	  > INE_STAT_MI_CIB1[8]
	R218	  > INE_STAT_MI_CIB1[9]
	R219	  > INE_STAT_MI_CIB1[10]
	R220	  > INE_STAT_MI_CIB1[11]
	R221	  > INE_STAT_MI_CIB1[12]
	R222	  > INE_STAT_MI_CIB1[13]
	R223	  > INE_STAT_MI_CIB1[14]
	R224	  > INE_STAT_MI_CIB1[15]
	R225	  > INE_STAT_MI_CIB1[16]
	R226	  > INE_STAT_MI_CIB1[17]
	R227	  > INE_STAT_MI_CIB1[18]
	R228	  > INE_STAT_MI_CIB1[19]
	R229	  > INE_STAT_MI_CIB1[20]
	R230	  > INE_STAT_MI_CIB1[21]
	R231	  > INE_STAT_MI_CIB1[22]
	R232	  > INE_STAT_MI_CIB1[23]
	R233	  > INE_STAT_MI_CIB1[24]
	R234	  > INE_STAT_MI_CIB1[25]
	R235	  > INE_STAT_MI_CIB1[26]
	R236	  > INE_STAT_MI_CIB1[27]
	R237	  > INE_STAT_MI_CIB1[28]
	R238	  > INE_STAT_MI_CIB1[29]
	R239	  > INE_STAT_MI_CIB1[30]
	R240	  > INE_STAT_MI_CIB1[31]
R  241   : 272   =INE_ERR_MI_CIB1 [32]	; 
	R241	  > INE_ERR_MI_CIB1[0]
	R242	  > INE_ERR_MI_CIB1[1]
	R243	  > INE_ERR_MI_CIB1[2]
	R244	  > INE_ERR_MI_CIB1[3]
	R245	  > INE_ERR_MI_CIB1[4]
	R246	  > INE_ERR_MI_CIB1[5]
	R247	  > INE_ERR_MI_CIB1[6]
	R248	  > INE_ERR_MI_CIB1[7]
	R249	  > INE_ERR_MI_CIB1[8]
	R250	  > INE_ERR_MI_CIB1[9]
	R251	  > INE_ERR_MI_CIB1[10]
	R252	  > INE_ERR_MI_CIB1[11]
	R253	  > INE_ERR_MI_CIB1[12]
	R254	  > INE_ERR_MI_CIB1[13]
	R255	  > INE_ERR_MI_CIB1[14]
	R256	  > INE_ERR_MI_CIB1[15]
	R257	  > INE_ERR_MI_CIB1[16]
	R258	  > INE_ERR_MI_CIB1[17]
	R259	  > INE_ERR_MI_CIB1[18]
	R260	  > INE_ERR_MI_CIB1[19]
	R261	  > INE_ERR_MI_CIB1[20]
	R262	  > INE_ERR_MI_CIB1[21]
	R263	  > INE_ERR_MI_CIB1[22]
	R264	  > INE_ERR_MI_CIB1[23]
	R265	  > INE_ERR_MI_CIB1[24]
	R266	  > INE_ERR_MI_CIB1[25]
	R267	  > INE_ERR_MI_CIB1[26]
	R268	  > INE_ERR_MI_CIB1[27]
	R269	  > INE_ERR_MI_CIB1[28]
	R270	  > INE_ERR_MI_CIB1[29]
	R271	  > INE_ERR_MI_CIB1[30]
	R272	  > INE_ERR_MI_CIB1[31]
R  273   : 277   =TMI_CIB2_IN MI_CIB2_IN	; 
	RF273	  > MI_CIB2_IN~INTGR
	R277	  > MI_CIB2_IN~NODATA
R  278   	 =TMI_CIB2_OUT MI_CIB2_OUT	; 
	R278	  > MI_CIB2_OUT~NODATA
R  279   : 310   =INE_STAT_MI_CIB2 [32]	; 
	R279	  > INE_STAT_MI_CIB2[0]
	R280	  > INE_STAT_MI_CIB2[1]
	R281	  > INE_STAT_MI_CIB2[2]
	R282	  > INE_STAT_MI_CIB2[3]
	R283	  > INE_STAT_MI_CIB2[4]
	R284	  > INE_STAT_MI_CIB2[5]
	R285	  > INE_STAT_MI_CIB2[6]
	R286	  > INE_STAT_MI_CIB2[7]
	R287	  > INE_STAT_MI_CIB2[8]
	R288	  > INE_STAT_MI_CIB2[9]
	R289	  > INE_STAT_MI_CIB2[10]
	R290	  > INE_STAT_MI_CIB2[11]
	R291	  > INE_STAT_MI_CIB2[12]
	R292	  > INE_STAT_MI_CIB2[13]
	R293	  > INE_STAT_MI_CIB2[14]
	R294	  > INE_STAT_MI_CIB2[15]
	R295	  > INE_STAT_MI_CIB2[16]
	R296	  > INE_STAT_MI_CIB2[17]
	R297	  > INE_STAT_MI_CIB2[18]
	R298	  > INE_STAT_MI_CIB2[19]
	R299	  > INE_STAT_MI_CIB2[20]
	R300	  > INE_STAT_MI_CIB2[21]
	R301	  > INE_STAT_MI_CIB2[22]
	R302	  > INE_STAT_MI_CIB2[23]
	R303	  > INE_STAT_MI_CIB2[24]
	R304	  > INE_STAT_MI_CIB2[25]
	R305	  > INE_STAT_MI_CIB2[26]
	R306	  > INE_STAT_MI_CIB2[27]
	R307	  > INE_STAT_MI_CIB2[28]
	R308	  > INE_STAT_MI_CIB2[29]
	R309	  > INE_STAT_MI_CIB2[30]
	R310	  > INE_STAT_MI_CIB2[31]
R  311   : 342   =INE_ERR_MI_CIB2 [32]	; 
	R311	  > INE_ERR_MI_CIB2[0]
	R312	  > INE_ERR_MI_CIB2[1]
	R313	  > INE_ERR_MI_CIB2[2]
	R314	  > INE_ERR_MI_CIB2[3]
	R315	  > INE_ERR_MI_CIB2[4]
	R316	  > INE_ERR_MI_CIB2[5]
	R317	  > INE_ERR_MI_CIB2[6]
	R318	  > INE_ERR_MI_CIB2[7]
	R319	  > INE_ERR_MI_CIB2[8]
	R320	  > INE_ERR_MI_CIB2[9]
	R321	  > INE_ERR_MI_CIB2[10]
	R322	  > INE_ERR_MI_CIB2[11]
	R323	  > INE_ERR_MI_CIB2[12]
	R324	  > INE_ERR_MI_CIB2[13]
	R325	  > INE_ERR_MI_CIB2[14]
	R326	  > INE_ERR_MI_CIB2[15]
	R327	  > INE_ERR_MI_CIB2[16]
	R328	  > INE_ERR_MI_CIB2[17]
	R329	  > INE_ERR_MI_CIB2[18]
	R330	  > INE_ERR_MI_CIB2[19]
	R331	  > INE_ERR_MI_CIB2[20]
	R332	  > INE_ERR_MI_CIB2[21]
	R333	  > INE_ERR_MI_CIB2[22]
	R334	  > INE_ERR_MI_CIB2[23]
	R335	  > INE_ERR_MI_CIB2[24]
	R336	  > INE_ERR_MI_CIB2[25]
	R337	  > INE_ERR_MI_CIB2[26]
	R338	  > INE_ERR_MI_CIB2[27]
	R339	  > INE_ERR_MI_CIB2[28]
	R340	  > INE_ERR_MI_CIB2[29]
	R341	  > INE_ERR_MI_CIB2[30]
	R342	  > INE_ERR_MI_CIB2[31]
R  343   : 354   =SUB_TIME __INSTANCE__SUB_TIME	; 
	RL343	  > __INSTANCE__SUB_TIME~__FC__SUB_TIME
	RL347	  > __INSTANCE__SUB_TIME~IN1
	RL351	  > __INSTANCE__SUB_TIME~IN2
R  355   	 =PRGMAIN MAIN	; 
	R355.0	  > MAIN~INIT
R  356   : 493   =PRGHALLLIGHT HALLLIGHT	; 
	RL356	  >> HALLLIGHT~LAMP1~TRIGBUTTON
	R360.0	  >> HALLLIGHT~LAMP1~SETSTATE
	R361.0	  >>> HALLLIGHT~LAMP1~TRIGBUTTONOFF~CLK
	R361.1	  >>> HALLLIGHT~LAMP1~TRIGBUTTONOFF~Q
	R361.2	  >>> HALLLIGHT~LAMP1~TRIGBUTTONOFF~M
	R362.0	  >>> HALLLIGHT~LAMP1~TRIGBUTTONON~CLK
	R362.1	  >>> HALLLIGHT~LAMP1~TRIGBUTTONON~Q
	R362.2	  >>> HALLLIGHT~LAMP1~TRIGBUTTONON~M
	R363.0	  >> HALLLIGHT~LAMP1~STATECHANGED
	R363.1	  >> HALLLIGHT~LAMP1~STATE
	R364.0	  >>> HALLLIGHT~AUTO~SENSOR_DOOR~STATE
	R365	  >>> HALLLIGHT~AUTO~SENSOR_DOOR~MODE
	R366.0	  >>> HALLLIGHT~AUTO~SENSOR_MOTION~STATE
	R367	  >>> HALLLIGHT~AUTO~SENSOR_MOTION~MODE
	R368.0	  >> HALLLIGHT~AUTO~AUTOMODE
	R368.1	  >> HALLLIGHT~AUTO~NIGHTMODE
	R368.2	  >> HALLLIGHT~AUTO~FORGETMODE
	R368.3	  >> HALLLIGHT~AUTO~ANYLIGHTON
	R368.4	  >> HALLLIGHT~AUTO~ANYLIGHTCHANGED
	RL369	  >> HALLLIGHT~AUTO~TIMEAFTERDOOROPENCLOSE
	RL373	  >> HALLLIGHT~AUTO~TIMEAFTERMOTIONDETECT
	RL377	  >> HALLLIGHT~AUTO~TIMEAFTERLASTACTION
	R381.0	  >> HALLLIGHT~AUTO~SETSTATE
	R381.1	  >> HALLLIGHT~AUTO~PERSONLEFT
	R381.2	  >> HALLLIGHT~AUTO~FORGET
	R381.3	  >> HALLLIGHT~AUTO~STATECHANGED
	R381.4	  >> HALLLIGHT~AUTO~STATE
	R382.0	  >>> HALLLIGHT~AUTO~TIMERAFTERDOOROPENED~START
	R382.1	  >>> HALLLIGHT~AUTO~TIMERAFTERDOOROPENED~RESET
	RL383	  >>> HALLLIGHT~AUTO~TIMERAFTERDOOROPENED~TIMETOCOUNT
	R387.0	  >>> HALLLIGHT~AUTO~TIMERAFTERDOOROPENED~ISRUN
	R387.1	  >>> HALLLIGHT~AUTO~TIMERAFTERDOOROPENED~ISDONE
	RL388	  >>> HALLLIGHT~AUTO~TIMERAFTERDOOROPENED~CURRENTTIME
	R392.0	  >>>> HALLLIGHT~AUTO~TIMERAFTERDOOROPENED~TIMER~IN
	RL393	  >>>> HALLLIGHT~AUTO~TIMERAFTERDOOROPENED~TIMER~PT
	R397.0	  >>>> HALLLIGHT~AUTO~TIMERAFTERDOOROPENED~TIMER~Q
	RL398	  >>>> HALLLIGHT~AUTO~TIMERAFTERDOOROPENED~TIMER~ET
	R402.0	  >>>>> HALLLIGHT~AUTO~TIMERAFTERDOOROPENED~TIMER~IN_R_EDGE~CLK
	R402.1	  >>>>> HALLLIGHT~AUTO~TIMERAFTERDOOROPENED~TIMER~IN_R_EDGE~Q
	R402.2	  >>>>> HALLLIGHT~AUTO~TIMERAFTERDOOROPENED~TIMER~IN_R_EDGE~M
	RL403	  >>>> HALLLIGHT~AUTO~TIMERAFTERDOOROPENED~TIMER~LT
	R407.0	  >>> HALLLIGHT~AUTO~TIMERAFTERDOOROPENED~__EDGE_R__START
	R407.1	  >>> HALLLIGHT~AUTO~TIMERAFTERDOOROPENED~__EDGE_R__RESET
	R408.0	  >>> HALLLIGHT~AUTO~TIMERAFTERDOORCLOSED~START
	R408.1	  >>> HALLLIGHT~AUTO~TIMERAFTERDOORCLOSED~RESET
	RL409	  >>> HALLLIGHT~AUTO~TIMERAFTERDOORCLOSED~TIMETOCOUNT
	R413.0	  >>> HALLLIGHT~AUTO~TIMERAFTERDOORCLOSED~ISRUN
	R413.1	  >>> HALLLIGHT~AUTO~TIMERAFTERDOORCLOSED~ISDONE
	RL414	  >>> HALLLIGHT~AUTO~TIMERAFTERDOORCLOSED~CURRENTTIME
	R418.0	  >>>> HALLLIGHT~AUTO~TIMERAFTERDOORCLOSED~TIMER~IN
	RL419	  >>>> HALLLIGHT~AUTO~TIMERAFTERDOORCLOSED~TIMER~PT
	R423.0	  >>>> HALLLIGHT~AUTO~TIMERAFTERDOORCLOSED~TIMER~Q
	RL424	  >>>> HALLLIGHT~AUTO~TIMERAFTERDOORCLOSED~TIMER~ET
	R428.0	  >>>>> HALLLIGHT~AUTO~TIMERAFTERDOORCLOSED~TIMER~IN_R_EDGE~CLK
	R428.1	  >>>>> HALLLIGHT~AUTO~TIMERAFTERDOORCLOSED~TIMER~IN_R_EDGE~Q
	R428.2	  >>>>> HALLLIGHT~AUTO~TIMERAFTERDOORCLOSED~TIMER~IN_R_EDGE~M
	RL429	  >>>> HALLLIGHT~AUTO~TIMERAFTERDOORCLOSED~TIMER~LT
	R433.0	  >>> HALLLIGHT~AUTO~TIMERAFTERDOORCLOSED~__EDGE_R__START
	R433.1	  >>> HALLLIGHT~AUTO~TIMERAFTERDOORCLOSED~__EDGE_R__RESET
	R434.0	  >>> HALLLIGHT~AUTO~TIMERAFTERMOTIONDETECTED~START
	R434.1	  >>> HALLLIGHT~AUTO~TIMERAFTERMOTIONDETECTED~RESET
	RL435	  >>> HALLLIGHT~AUTO~TIMERAFTERMOTIONDETECTED~TIMETOCOUNT
	R439.0	  >>> HALLLIGHT~AUTO~TIMERAFTERMOTIONDETECTED~ISRUN
	R439.1	  >>> HALLLIGHT~AUTO~TIMERAFTERMOTIONDETECTED~ISDONE
	RL440	  >>> HALLLIGHT~AUTO~TIMERAFTERMOTIONDETECTED~CURRENTTIME
	R444.0	  >>>> HALLLIGHT~AUTO~TIMERAFTERMOTIONDETECTED~TIMER~IN
	RL445	  >>>> HALLLIGHT~AUTO~TIMERAFTERMOTIONDETECTED~TIMER~PT
	R449.0	  >>>> HALLLIGHT~AUTO~TIMERAFTERMOTIONDETECTED~TIMER~Q
	RL450	  >>>> HALLLIGHT~AUTO~TIMERAFTERMOTIONDETECTED~TIMER~ET
	R454.0	  >>>>> HALLLIGHT~AUTO~TIMERAFTERMOTIONDETECTED~TIMER~IN_R_EDGE~CLK
	R454.1	  >>>>> HALLLIGHT~AUTO~TIMERAFTERMOTIONDETECTED~TIMER~IN_R_EDGE~Q
	R454.2	  >>>>> HALLLIGHT~AUTO~TIMERAFTERMOTIONDETECTED~TIMER~IN_R_EDGE~M
	RL455	  >>>> HALLLIGHT~AUTO~TIMERAFTERMOTIONDETECTED~TIMER~LT
	R459.0	  >>> HALLLIGHT~AUTO~TIMERAFTERMOTIONDETECTED~__EDGE_R__START
	R459.1	  >>> HALLLIGHT~AUTO~TIMERAFTERMOTIONDETECTED~__EDGE_R__RESET
	R460.0	  >>> HALLLIGHT~AUTO~TIMERAFTERLASTACTION~START
	R460.1	  >>> HALLLIGHT~AUTO~TIMERAFTERLASTACTION~RESET
	RL461	  >>> HALLLIGHT~AUTO~TIMERAFTERLASTACTION~TIMETOCOUNT
	R465.0	  >>> HALLLIGHT~AUTO~TIMERAFTERLASTACTION~ISRUN
	R465.1	  >>> HALLLIGHT~AUTO~TIMERAFTERLASTACTION~ISDONE
	RL466	  >>> HALLLIGHT~AUTO~TIMERAFTERLASTACTION~CURRENTTIME
	R470.0	  >>>> HALLLIGHT~AUTO~TIMERAFTERLASTACTION~TIMER~IN
	RL471	  >>>> HALLLIGHT~AUTO~TIMERAFTERLASTACTION~TIMER~PT
	R475.0	  >>>> HALLLIGHT~AUTO~TIMERAFTERLASTACTION~TIMER~Q
	RL476	  >>>> HALLLIGHT~AUTO~TIMERAFTERLASTACTION~TIMER~ET
	R480.0	  >>>>> HALLLIGHT~AUTO~TIMERAFTERLASTACTION~TIMER~IN_R_EDGE~CLK
	R480.1	  >>>>> HALLLIGHT~AUTO~TIMERAFTERLASTACTION~TIMER~IN_R_EDGE~Q
	R480.2	  >>>>> HALLLIGHT~AUTO~TIMERAFTERLASTACTION~TIMER~IN_R_EDGE~M
	RL481	  >>>> HALLLIGHT~AUTO~TIMERAFTERLASTACTION~TIMER~LT
	R485.0	  >>> HALLLIGHT~AUTO~TIMERAFTERLASTACTION~__EDGE_R__START
	R485.1	  >>> HALLLIGHT~AUTO~TIMERAFTERLASTACTION~__EDGE_R__RESET
	R486.0	  >>> HALLLIGHT~AUTO~DOORSENSRISE~CLK
	R486.1	  >>> HALLLIGHT~AUTO~DOORSENSRISE~Q
	R486.2	  >>> HALLLIGHT~AUTO~DOORSENSRISE~M
	R487.0	  >>> HALLLIGHT~AUTO~DOORSENSFALL~CLK
	R487.1	  >>> HALLLIGHT~AUTO~DOORSENSFALL~Q
	R487.2	  >>> HALLLIGHT~AUTO~DOORSENSFALL~M
	R488.0	  >> HALLLIGHT~AUTO~DOORCLOSED
	R488.1	  >> HALLLIGHT~AUTO~DOOROPENED
	R489.0	  >>> HALLLIGHT~AUTO~MOTIONSENSRISE~CLK
	R489.1	  >>> HALLLIGHT~AUTO~MOTIONSENSRISE~Q
	R489.2	  >>> HALLLIGHT~AUTO~MOTIONSENSRISE~M
	R490.0	  >>> HALLLIGHT~AUTO~MOTIONSENSFALL~CLK
	R490.1	  >>> HALLLIGHT~AUTO~MOTIONSENSFALL~Q
	R490.2	  >>> HALLLIGHT~AUTO~MOTIONSENSFALL~M
	R491.0	  >> HALLLIGHT~AUTO~MOTIONDETECTED
	R491.1	  >> HALLLIGHT~AUTO~MOTIONEND
	R492.0	  >>> HALLLIGHT~AUTO~NIGHTMODEOFF~CLK
	R492.1	  >>> HALLLIGHT~AUTO~NIGHTMODEOFF~Q
	R492.2	  >>> HALLLIGHT~AUTO~NIGHTMODEOFF~M
	R493.0	  > HALLLIGHT~INIT
R  494   : 709   =PRGKITCHENLIGHT KITCHENLIGHT	; 
	RL494	  >> KITCHENLIGHT~LAMP1~TRIGBUTTON
	R498.0	  >> KITCHENLIGHT~LAMP1~SETSTATE
	R499.0	  >>> KITCHENLIGHT~LAMP1~TRIGBUTTONOFF~CLK
	R499.1	  >>> KITCHENLIGHT~LAMP1~TRIGBUTTONOFF~Q
	R499.2	  >>> KITCHENLIGHT~LAMP1~TRIGBUTTONOFF~M
	R500.0	  >>> KITCHENLIGHT~LAMP1~TRIGBUTTONON~CLK
	R500.1	  >>> KITCHENLIGHT~LAMP1~TRIGBUTTONON~Q
	R500.2	  >>> KITCHENLIGHT~LAMP1~TRIGBUTTONON~M
	R501.0	  >> KITCHENLIGHT~LAMP1~STATECHANGED
	R501.1	  >> KITCHENLIGHT~LAMP1~STATE
	RL502	  >> KITCHENLIGHT~BUTTON1~BTN
	RL506	  >> KITCHENLIGHT~BUTTON1~LONGPRESSTIME
	R510.0	  >> KITCHENLIGHT~BUTTON1~LONGPRESS
	R510.1	  >> KITCHENLIGHT~BUTTON1~SHORTPRESS
	R510.2	  >> KITCHENLIGHT~BUTTON1~BTNPRESSED
	R510.3	  >> KITCHENLIGHT~BUTTON1~BTNRELEASED
	R510.4	  >> KITCHENLIGHT~BUTTON1~BTNSTATE
	R510.5	  >> KITCHENLIGHT~BUTTON1~LONGPRESSANDHOLD
	R510.6	  >> KITCHENLIGHT~BUTTON1~BTNPREVSTATE
	R511.0	  >>> KITCHENLIGHT~BUTTON1~TIMER~START
	R511.1	  >>> KITCHENLIGHT~BUTTON1~TIMER~RESET
	RL512	  >>> KITCHENLIGHT~BUTTON1~TIMER~TIMETOCOUNT
	R516.0	  >>> KITCHENLIGHT~BUTTON1~TIMER~ISRUN
	R516.1	  >>> KITCHENLIGHT~BUTTON1~TIMER~ISDONE
	RL517	  >>> KITCHENLIGHT~BUTTON1~TIMER~CURRENTTIME
	R521.0	  >>>> KITCHENLIGHT~BUTTON1~TIMER~TIMER~IN
	RL522	  >>>> KITCHENLIGHT~BUTTON1~TIMER~TIMER~PT
	R526.0	  >>>> KITCHENLIGHT~BUTTON1~TIMER~TIMER~Q
	RL527	  >>>> KITCHENLIGHT~BUTTON1~TIMER~TIMER~ET
	R531.0	  >>>>> KITCHENLIGHT~BUTTON1~TIMER~TIMER~IN_R_EDGE~CLK
	R531.1	  >>>>> KITCHENLIGHT~BUTTON1~TIMER~TIMER~IN_R_EDGE~Q
	R531.2	  >>>>> KITCHENLIGHT~BUTTON1~TIMER~TIMER~IN_R_EDGE~M
	RL532	  >>>> KITCHENLIGHT~BUTTON1~TIMER~TIMER~LT
	R536.0	  >>> KITCHENLIGHT~BUTTON1~TIMER~__EDGE_R__START
	R536.1	  >>> KITCHENLIGHT~BUTTON1~TIMER~__EDGE_R__RESET
	RL537	  >> KITCHENLIGHT~BUTTON2~BTN
	RL541	  >> KITCHENLIGHT~BUTTON2~LONGPRESSTIME
	R545.0	  >> KITCHENLIGHT~BUTTON2~LONGPRESS
	R545.1	  >> KITCHENLIGHT~BUTTON2~SHORTPRESS
	R545.2	  >> KITCHENLIGHT~BUTTON2~BTNPRESSED
	R545.3	  >> KITCHENLIGHT~BUTTON2~BTNRELEASED
	R545.4	  >> KITCHENLIGHT~BUTTON2~BTNSTATE
	R545.5	  >> KITCHENLIGHT~BUTTON2~LONGPRESSANDHOLD
	R545.6	  >> KITCHENLIGHT~BUTTON2~BTNPREVSTATE
	R546.0	  >>> KITCHENLIGHT~BUTTON2~TIMER~START
	R546.1	  >>> KITCHENLIGHT~BUTTON2~TIMER~RESET
	RL547	  >>> KITCHENLIGHT~BUTTON2~TIMER~TIMETOCOUNT
	R551.0	  >>> KITCHENLIGHT~BUTTON2~TIMER~ISRUN
	R551.1	  >>> KITCHENLIGHT~BUTTON2~TIMER~ISDONE
	RL552	  >>> KITCHENLIGHT~BUTTON2~TIMER~CURRENTTIME
	R556.0	  >>>> KITCHENLIGHT~BUTTON2~TIMER~TIMER~IN
	RL557	  >>>> KITCHENLIGHT~BUTTON2~TIMER~TIMER~PT
	R561.0	  >>>> KITCHENLIGHT~BUTTON2~TIMER~TIMER~Q
	RL562	  >>>> KITCHENLIGHT~BUTTON2~TIMER~TIMER~ET
	R566.0	  >>>>> KITCHENLIGHT~BUTTON2~TIMER~TIMER~IN_R_EDGE~CLK
	R566.1	  >>>>> KITCHENLIGHT~BUTTON2~TIMER~TIMER~IN_R_EDGE~Q
	R566.2	  >>>>> KITCHENLIGHT~BUTTON2~TIMER~TIMER~IN_R_EDGE~M
	RL567	  >>>> KITCHENLIGHT~BUTTON2~TIMER~TIMER~LT
	R571.0	  >>> KITCHENLIGHT~BUTTON2~TIMER~__EDGE_R__START
	R571.1	  >>> KITCHENLIGHT~BUTTON2~TIMER~__EDGE_R__RESET
	RL572	  >> KITCHENLIGHT~LAMP2~TRIGBUTTON
	R576.0	  >> KITCHENLIGHT~LAMP2~SETSTATE
	R577.0	  >>> KITCHENLIGHT~LAMP2~TRIGBUTTONOFF~CLK
	R577.1	  >>> KITCHENLIGHT~LAMP2~TRIGBUTTONOFF~Q
	R577.2	  >>> KITCHENLIGHT~LAMP2~TRIGBUTTONOFF~M
	R578.0	  >>> KITCHENLIGHT~LAMP2~TRIGBUTTONON~CLK
	R578.1	  >>> KITCHENLIGHT~LAMP2~TRIGBUTTONON~Q
	R578.2	  >>> KITCHENLIGHT~LAMP2~TRIGBUTTONON~M
	R579.0	  >> KITCHENLIGHT~LAMP2~STATECHANGED
	R579.1	  >> KITCHENLIGHT~LAMP2~STATE
	R580.0	  >>> KITCHENLIGHT~AUTO~SENSOR_DOOR~STATE
	R581	  >>> KITCHENLIGHT~AUTO~SENSOR_DOOR~MODE
	R582.0	  >>> KITCHENLIGHT~AUTO~SENSOR_MOTION~STATE
	R583	  >>> KITCHENLIGHT~AUTO~SENSOR_MOTION~MODE
	R584.0	  >> KITCHENLIGHT~AUTO~AUTOMODE
	R584.1	  >> KITCHENLIGHT~AUTO~NIGHTMODE
	R584.2	  >> KITCHENLIGHT~AUTO~FORGETMODE
	R584.3	  >> KITCHENLIGHT~AUTO~ANYLIGHTON
	R584.4	  >> KITCHENLIGHT~AUTO~ANYLIGHTCHANGED
	RL585	  >> KITCHENLIGHT~AUTO~TIMEAFTERDOOROPENCLOSE
	RL589	  >> KITCHENLIGHT~AUTO~TIMEAFTERMOTIONDETECT
	RL593	  >> KITCHENLIGHT~AUTO~TIMEAFTERLASTACTION
	R597.0	  >> KITCHENLIGHT~AUTO~SETSTATE
	R597.1	  >> KITCHENLIGHT~AUTO~PERSONLEFT
	R597.2	  >> KITCHENLIGHT~AUTO~FORGET
	R597.3	  >> KITCHENLIGHT~AUTO~STATECHANGED
	R597.4	  >> KITCHENLIGHT~AUTO~STATE
	R598.0	  >>> KITCHENLIGHT~AUTO~TIMERAFTERDOOROPENED~START
	R598.1	  >>> KITCHENLIGHT~AUTO~TIMERAFTERDOOROPENED~RESET
	RL599	  >>> KITCHENLIGHT~AUTO~TIMERAFTERDOOROPENED~TIMETOCOUNT
	R603.0	  >>> KITCHENLIGHT~AUTO~TIMERAFTERDOOROPENED~ISRUN
	R603.1	  >>> KITCHENLIGHT~AUTO~TIMERAFTERDOOROPENED~ISDONE
	RL604	  >>> KITCHENLIGHT~AUTO~TIMERAFTERDOOROPENED~CURRENTTIME
	R608.0	  >>>> KITCHENLIGHT~AUTO~TIMERAFTERDOOROPENED~TIMER~IN
	RL609	  >>>> KITCHENLIGHT~AUTO~TIMERAFTERDOOROPENED~TIMER~PT
	R613.0	  >>>> KITCHENLIGHT~AUTO~TIMERAFTERDOOROPENED~TIMER~Q
	RL614	  >>>> KITCHENLIGHT~AUTO~TIMERAFTERDOOROPENED~TIMER~ET
	R618.0	  >>>>> KITCHENLIGHT~AUTO~TIMERAFTERDOOROPENED~TIMER~IN_R_EDGE~CLK
	R618.1	  >>>>> KITCHENLIGHT~AUTO~TIMERAFTERDOOROPENED~TIMER~IN_R_EDGE~Q
	R618.2	  >>>>> KITCHENLIGHT~AUTO~TIMERAFTERDOOROPENED~TIMER~IN_R_EDGE~M
	RL619	  >>>> KITCHENLIGHT~AUTO~TIMERAFTERDOOROPENED~TIMER~LT
	R623.0	  >>> KITCHENLIGHT~AUTO~TIMERAFTERDOOROPENED~__EDGE_R__START
	R623.1	  >>> KITCHENLIGHT~AUTO~TIMERAFTERDOOROPENED~__EDGE_R__RESET
	R624.0	  >>> KITCHENLIGHT~AUTO~TIMERAFTERDOORCLOSED~START
	R624.1	  >>> KITCHENLIGHT~AUTO~TIMERAFTERDOORCLOSED~RESET
	RL625	  >>> KITCHENLIGHT~AUTO~TIMERAFTERDOORCLOSED~TIMETOCOUNT
	R629.0	  >>> KITCHENLIGHT~AUTO~TIMERAFTERDOORCLOSED~ISRUN
	R629.1	  >>> KITCHENLIGHT~AUTO~TIMERAFTERDOORCLOSED~ISDONE
	RL630	  >>> KITCHENLIGHT~AUTO~TIMERAFTERDOORCLOSED~CURRENTTIME
	R634.0	  >>>> KITCHENLIGHT~AUTO~TIMERAFTERDOORCLOSED~TIMER~IN
	RL635	  >>>> KITCHENLIGHT~AUTO~TIMERAFTERDOORCLOSED~TIMER~PT
	R639.0	  >>>> KITCHENLIGHT~AUTO~TIMERAFTERDOORCLOSED~TIMER~Q
	RL640	  >>>> KITCHENLIGHT~AUTO~TIMERAFTERDOORCLOSED~TIMER~ET
	R644.0	  >>>>> KITCHENLIGHT~AUTO~TIMERAFTERDOORCLOSED~TIMER~IN_R_EDGE~CLK
	R644.1	  >>>>> KITCHENLIGHT~AUTO~TIMERAFTERDOORCLOSED~TIMER~IN_R_EDGE~Q
	R644.2	  >>>>> KITCHENLIGHT~AUTO~TIMERAFTERDOORCLOSED~TIMER~IN_R_EDGE~M
	RL645	  >>>> KITCHENLIGHT~AUTO~TIMERAFTERDOORCLOSED~TIMER~LT
	R649.0	  >>> KITCHENLIGHT~AUTO~TIMERAFTERDOORCLOSED~__EDGE_R__START
	R649.1	  >>> KITCHENLIGHT~AUTO~TIMERAFTERDOORCLOSED~__EDGE_R__RESET
	R650.0	  >>> KITCHENLIGHT~AUTO~TIMERAFTERMOTIONDETECTED~START
	R650.1	  >>> KITCHENLIGHT~AUTO~TIMERAFTERMOTIONDETECTED~RESET
	RL651	  >>> KITCHENLIGHT~AUTO~TIMERAFTERMOTIONDETECTED~TIMETOCOUNT
	R655.0	  >>> KITCHENLIGHT~AUTO~TIMERAFTERMOTIONDETECTED~ISRUN
	R655.1	  >>> KITCHENLIGHT~AUTO~TIMERAFTERMOTIONDETECTED~ISDONE
	RL656	  >>> KITCHENLIGHT~AUTO~TIMERAFTERMOTIONDETECTED~CURRENTTIME
	R660.0	  >>>> KITCHENLIGHT~AUTO~TIMERAFTERMOTIONDETECTED~TIMER~IN
	RL661	  >>>> KITCHENLIGHT~AUTO~TIMERAFTERMOTIONDETECTED~TIMER~PT
	R665.0	  >>>> KITCHENLIGHT~AUTO~TIMERAFTERMOTIONDETECTED~TIMER~Q
	RL666	  >>>> KITCHENLIGHT~AUTO~TIMERAFTERMOTIONDETECTED~TIMER~ET
	R670.0	  >>>>> KITCHENLIGHT~AUTO~TIMERAFTERMOTIONDETECTED~TIMER~IN_R_EDGE~CLK
	R670.1	  >>>>> KITCHENLIGHT~AUTO~TIMERAFTERMOTIONDETECTED~TIMER~IN_R_EDGE~Q
	R670.2	  >>>>> KITCHENLIGHT~AUTO~TIMERAFTERMOTIONDETECTED~TIMER~IN_R_EDGE~M
	RL671	  >>>> KITCHENLIGHT~AUTO~TIMERAFTERMOTIONDETECTED~TIMER~LT
	R675.0	  >>> KITCHENLIGHT~AUTO~TIMERAFTERMOTIONDETECTED~__EDGE_R__START
	R675.1	  >>> KITCHENLIGHT~AUTO~TIMERAFTERMOTIONDETECTED~__EDGE_R__RESET
	R676.0	  >>> KITCHENLIGHT~AUTO~TIMERAFTERLASTACTION~START
	R676.1	  >>> KITCHENLIGHT~AUTO~TIMERAFTERLASTACTION~RESET
	RL677	  >>> KITCHENLIGHT~AUTO~TIMERAFTERLASTACTION~TIMETOCOUNT
	R681.0	  >>> KITCHENLIGHT~AUTO~TIMERAFTERLASTACTION~ISRUN
	R681.1	  >>> KITCHENLIGHT~AUTO~TIMERAFTERLASTACTION~ISDONE
	RL682	  >>> KITCHENLIGHT~AUTO~TIMERAFTERLASTACTION~CURRENTTIME
	R686.0	  >>>> KITCHENLIGHT~AUTO~TIMERAFTERLASTACTION~TIMER~IN
	RL687	  >>>> KITCHENLIGHT~AUTO~TIMERAFTERLASTACTION~TIMER~PT
	R691.0	  >>>> KITCHENLIGHT~AUTO~TIMERAFTERLASTACTION~TIMER~Q
	RL692	  >>>> KITCHENLIGHT~AUTO~TIMERAFTERLASTACTION~TIMER~ET
	R696.0	  >>>>> KITCHENLIGHT~AUTO~TIMERAFTERLASTACTION~TIMER~IN_R_EDGE~CLK
	R696.1	  >>>>> KITCHENLIGHT~AUTO~TIMERAFTERLASTACTION~TIMER~IN_R_EDGE~Q
	R696.2	  >>>>> KITCHENLIGHT~AUTO~TIMERAFTERLASTACTION~TIMER~IN_R_EDGE~M
	RL697	  >>>> KITCHENLIGHT~AUTO~TIMERAFTERLASTACTION~TIMER~LT
	R701.0	  >>> KITCHENLIGHT~AUTO~TIMERAFTERLASTACTION~__EDGE_R__START
	R701.1	  >>> KITCHENLIGHT~AUTO~TIMERAFTERLASTACTION~__EDGE_R__RESET
	R702.0	  >>> KITCHENLIGHT~AUTO~DOORSENSRISE~CLK
	R702.1	  >>> KITCHENLIGHT~AUTO~DOORSENSRISE~Q
	R702.2	  >>> KITCHENLIGHT~AUTO~DOORSENSRISE~M
	R703.0	  >>> KITCHENLIGHT~AUTO~DOORSENSFALL~CLK
	R703.1	  >>> KITCHENLIGHT~AUTO~DOORSENSFALL~Q
	R703.2	  >>> KITCHENLIGHT~AUTO~DOORSENSFALL~M
	R704.0	  >> KITCHENLIGHT~AUTO~DOORCLOSED
	R704.1	  >> KITCHENLIGHT~AUTO~DOOROPENED
	R705.0	  >>> KITCHENLIGHT~AUTO~MOTIONSENSRISE~CLK
	R705.1	  >>> KITCHENLIGHT~AUTO~MOTIONSENSRISE~Q
	R705.2	  >>> KITCHENLIGHT~AUTO~MOTIONSENSRISE~M
	R706.0	  >>> KITCHENLIGHT~AUTO~MOTIONSENSFALL~CLK
	R706.1	  >>> KITCHENLIGHT~AUTO~MOTIONSENSFALL~Q
	R706.2	  >>> KITCHENLIGHT~AUTO~MOTIONSENSFALL~M
	R707.0	  >> KITCHENLIGHT~AUTO~MOTIONDETECTED
	R707.1	  >> KITCHENLIGHT~AUTO~MOTIONEND
	R708.0	  >>> KITCHENLIGHT~AUTO~NIGHTMODEOFF~CLK
	R708.1	  >>> KITCHENLIGHT~AUTO~NIGHTMODEOFF~Q
	R708.2	  >>> KITCHENLIGHT~AUTO~NIGHTMODEOFF~M
	R709.0	  > KITCHENLIGHT~INIT
R  710   : 718   =PRGBALCONYLIGHT BALCONYLIGHT	; 
	RL710	  >> BALCONYLIGHT~LAMP1~TRIGBUTTON
	R714.0	  >> BALCONYLIGHT~LAMP1~SETSTATE
	R715.0	  >>> BALCONYLIGHT~LAMP1~TRIGBUTTONOFF~CLK
	R715.1	  >>> BALCONYLIGHT~LAMP1~TRIGBUTTONOFF~Q
	R715.2	  >>> BALCONYLIGHT~LAMP1~TRIGBUTTONOFF~M
	R716.0	  >>> BALCONYLIGHT~LAMP1~TRIGBUTTONON~CLK
	R716.1	  >>> BALCONYLIGHT~LAMP1~TRIGBUTTONON~Q
	R716.2	  >>> BALCONYLIGHT~LAMP1~TRIGBUTTONON~M
	R717.0	  >> BALCONYLIGHT~LAMP1~STATECHANGED
	R717.1	  >> BALCONYLIGHT~LAMP1~STATE
	R718.0	  > BALCONYLIGHT~INIT
R  719   : 872   =PRGBEDROOM2LIGHT BEDROOM2LIGHT	; 
	RL719	  >> BEDROOM2LIGHT~LAMP1~TRIGBUTTON
	R723.0	  >> BEDROOM2LIGHT~LAMP1~SETSTATE
	R724.0	  >>> BEDROOM2LIGHT~LAMP1~TRIGBUTTONOFF~CLK
	R724.1	  >>> BEDROOM2LIGHT~LAMP1~TRIGBUTTONOFF~Q
	R724.2	  >>> BEDROOM2LIGHT~LAMP1~TRIGBUTTONOFF~M
	R725.0	  >>> BEDROOM2LIGHT~LAMP1~TRIGBUTTONON~CLK
	R725.1	  >>> BEDROOM2LIGHT~LAMP1~TRIGBUTTONON~Q
	R725.2	  >>> BEDROOM2LIGHT~LAMP1~TRIGBUTTONON~M
	R726.0	  >> BEDROOM2LIGHT~LAMP1~STATECHANGED
	R726.1	  >> BEDROOM2LIGHT~LAMP1~STATE
	RL727	  >> BEDROOM2LIGHT~LAMP2~TRIGBUTTON
	R731.0	  >> BEDROOM2LIGHT~LAMP2~SETSTATE
	R732.0	  >>> BEDROOM2LIGHT~LAMP2~TRIGBUTTONOFF~CLK
	R732.1	  >>> BEDROOM2LIGHT~LAMP2~TRIGBUTTONOFF~Q
	R732.2	  >>> BEDROOM2LIGHT~LAMP2~TRIGBUTTONOFF~M
	R733.0	  >>> BEDROOM2LIGHT~LAMP2~TRIGBUTTONON~CLK
	R733.1	  >>> BEDROOM2LIGHT~LAMP2~TRIGBUTTONON~Q
	R733.2	  >>> BEDROOM2LIGHT~LAMP2~TRIGBUTTONON~M
	R734.0	  >> BEDROOM2LIGHT~LAMP2~STATECHANGED
	R734.1	  >> BEDROOM2LIGHT~LAMP2~STATE
	RL735	  >> BEDROOM2LIGHT~LAMP3~TRIGBUTTON
	R739.0	  >> BEDROOM2LIGHT~LAMP3~SETSTATE
	R740.0	  >>> BEDROOM2LIGHT~LAMP3~TRIGBUTTONOFF~CLK
	R740.1	  >>> BEDROOM2LIGHT~LAMP3~TRIGBUTTONOFF~Q
	R740.2	  >>> BEDROOM2LIGHT~LAMP3~TRIGBUTTONOFF~M
	R741.0	  >>> BEDROOM2LIGHT~LAMP3~TRIGBUTTONON~CLK
	R741.1	  >>> BEDROOM2LIGHT~LAMP3~TRIGBUTTONON~Q
	R741.2	  >>> BEDROOM2LIGHT~LAMP3~TRIGBUTTONON~M
	R742.0	  >> BEDROOM2LIGHT~LAMP3~STATECHANGED
	R742.1	  >> BEDROOM2LIGHT~LAMP3~STATE
	R743.0	  >>> BEDROOM2LIGHT~AUTO~SENSOR_DOOR~STATE
	R744	  >>> BEDROOM2LIGHT~AUTO~SENSOR_DOOR~MODE
	R745.0	  >>> BEDROOM2LIGHT~AUTO~SENSOR_MOTION~STATE
	R746	  >>> BEDROOM2LIGHT~AUTO~SENSOR_MOTION~MODE
	R747.0	  >> BEDROOM2LIGHT~AUTO~AUTOMODE
	R747.1	  >> BEDROOM2LIGHT~AUTO~NIGHTMODE
	R747.2	  >> BEDROOM2LIGHT~AUTO~FORGETMODE
	R747.3	  >> BEDROOM2LIGHT~AUTO~ANYLIGHTON
	R747.4	  >> BEDROOM2LIGHT~AUTO~ANYLIGHTCHANGED
	RL748	  >> BEDROOM2LIGHT~AUTO~TIMEAFTERDOOROPENCLOSE
	RL752	  >> BEDROOM2LIGHT~AUTO~TIMEAFTERMOTIONDETECT
	RL756	  >> BEDROOM2LIGHT~AUTO~TIMEAFTERLASTACTION
	R760.0	  >> BEDROOM2LIGHT~AUTO~SETSTATE
	R760.1	  >> BEDROOM2LIGHT~AUTO~PERSONLEFT
	R760.2	  >> BEDROOM2LIGHT~AUTO~FORGET
	R760.3	  >> BEDROOM2LIGHT~AUTO~STATECHANGED
	R760.4	  >> BEDROOM2LIGHT~AUTO~STATE
	R761.0	  >>> BEDROOM2LIGHT~AUTO~TIMERAFTERDOOROPENED~START
	R761.1	  >>> BEDROOM2LIGHT~AUTO~TIMERAFTERDOOROPENED~RESET
	RL762	  >>> BEDROOM2LIGHT~AUTO~TIMERAFTERDOOROPENED~TIMETOCOUNT
	R766.0	  >>> BEDROOM2LIGHT~AUTO~TIMERAFTERDOOROPENED~ISRUN
	R766.1	  >>> BEDROOM2LIGHT~AUTO~TIMERAFTERDOOROPENED~ISDONE
	RL767	  >>> BEDROOM2LIGHT~AUTO~TIMERAFTERDOOROPENED~CURRENTTIME
	R771.0	  >>>> BEDROOM2LIGHT~AUTO~TIMERAFTERDOOROPENED~TIMER~IN
	RL772	  >>>> BEDROOM2LIGHT~AUTO~TIMERAFTERDOOROPENED~TIMER~PT
	R776.0	  >>>> BEDROOM2LIGHT~AUTO~TIMERAFTERDOOROPENED~TIMER~Q
	RL777	  >>>> BEDROOM2LIGHT~AUTO~TIMERAFTERDOOROPENED~TIMER~ET
	R781.0	  >>>>> BEDROOM2LIGHT~AUTO~TIMERAFTERDOOROPENED~TIMER~IN_R_EDGE~CLK
	R781.1	  >>>>> BEDROOM2LIGHT~AUTO~TIMERAFTERDOOROPENED~TIMER~IN_R_EDGE~Q
	R781.2	  >>>>> BEDROOM2LIGHT~AUTO~TIMERAFTERDOOROPENED~TIMER~IN_R_EDGE~M
	RL782	  >>>> BEDROOM2LIGHT~AUTO~TIMERAFTERDOOROPENED~TIMER~LT
	R786.0	  >>> BEDROOM2LIGHT~AUTO~TIMERAFTERDOOROPENED~__EDGE_R__START
	R786.1	  >>> BEDROOM2LIGHT~AUTO~TIMERAFTERDOOROPENED~__EDGE_R__RESET
	R787.0	  >>> BEDROOM2LIGHT~AUTO~TIMERAFTERDOORCLOSED~START
	R787.1	  >>> BEDROOM2LIGHT~AUTO~TIMERAFTERDOORCLOSED~RESET
	RL788	  >>> BEDROOM2LIGHT~AUTO~TIMERAFTERDOORCLOSED~TIMETOCOUNT
	R792.0	  >>> BEDROOM2LIGHT~AUTO~TIMERAFTERDOORCLOSED~ISRUN
	R792.1	  >>> BEDROOM2LIGHT~AUTO~TIMERAFTERDOORCLOSED~ISDONE
	RL793	  >>> BEDROOM2LIGHT~AUTO~TIMERAFTERDOORCLOSED~CURRENTTIME
	R797.0	  >>>> BEDROOM2LIGHT~AUTO~TIMERAFTERDOORCLOSED~TIMER~IN
	RL798	  >>>> BEDROOM2LIGHT~AUTO~TIMERAFTERDOORCLOSED~TIMER~PT
	R802.0	  >>>> BEDROOM2LIGHT~AUTO~TIMERAFTERDOORCLOSED~TIMER~Q
	RL803	  >>>> BEDROOM2LIGHT~AUTO~TIMERAFTERDOORCLOSED~TIMER~ET
	R807.0	  >>>>> BEDROOM2LIGHT~AUTO~TIMERAFTERDOORCLOSED~TIMER~IN_R_EDGE~CLK
	R807.1	  >>>>> BEDROOM2LIGHT~AUTO~TIMERAFTERDOORCLOSED~TIMER~IN_R_EDGE~Q
	R807.2	  >>>>> BEDROOM2LIGHT~AUTO~TIMERAFTERDOORCLOSED~TIMER~IN_R_EDGE~M
	RL808	  >>>> BEDROOM2LIGHT~AUTO~TIMERAFTERDOORCLOSED~TIMER~LT
	R812.0	  >>> BEDROOM2LIGHT~AUTO~TIMERAFTERDOORCLOSED~__EDGE_R__START
	R812.1	  >>> BEDROOM2LIGHT~AUTO~TIMERAFTERDOORCLOSED~__EDGE_R__RESET
	R813.0	  >>> BEDROOM2LIGHT~AUTO~TIMERAFTERMOTIONDETECTED~START
	R813.1	  >>> BEDROOM2LIGHT~AUTO~TIMERAFTERMOTIONDETECTED~RESET
	RL814	  >>> BEDROOM2LIGHT~AUTO~TIMERAFTERMOTIONDETECTED~TIMETOCOUNT
	R818.0	  >>> BEDROOM2LIGHT~AUTO~TIMERAFTERMOTIONDETECTED~ISRUN
	R818.1	  >>> BEDROOM2LIGHT~AUTO~TIMERAFTERMOTIONDETECTED~ISDONE
	RL819	  >>> BEDROOM2LIGHT~AUTO~TIMERAFTERMOTIONDETECTED~CURRENTTIME
	R823.0	  >>>> BEDROOM2LIGHT~AUTO~TIMERAFTERMOTIONDETECTED~TIMER~IN
	RL824	  >>>> BEDROOM2LIGHT~AUTO~TIMERAFTERMOTIONDETECTED~TIMER~PT
	R828.0	  >>>> BEDROOM2LIGHT~AUTO~TIMERAFTERMOTIONDETECTED~TIMER~Q
	RL829	  >>>> BEDROOM2LIGHT~AUTO~TIMERAFTERMOTIONDETECTED~TIMER~ET
	R833.0	  >>>>> BEDROOM2LIGHT~AUTO~TIMERAFTERMOTIONDETECTED~TIMER~IN_R_EDGE~CLK
	R833.1	  >>>>> BEDROOM2LIGHT~AUTO~TIMERAFTERMOTIONDETECTED~TIMER~IN_R_EDGE~Q
	R833.2	  >>>>> BEDROOM2LIGHT~AUTO~TIMERAFTERMOTIONDETECTED~TIMER~IN_R_EDGE~M
	RL834	  >>>> BEDROOM2LIGHT~AUTO~TIMERAFTERMOTIONDETECTED~TIMER~LT
	R838.0	  >>> BEDROOM2LIGHT~AUTO~TIMERAFTERMOTIONDETECTED~__EDGE_R__START
	R838.1	  >>> BEDROOM2LIGHT~AUTO~TIMERAFTERMOTIONDETECTED~__EDGE_R__RESET
	R839.0	  >>> BEDROOM2LIGHT~AUTO~TIMERAFTERLASTACTION~START
	R839.1	  >>> BEDROOM2LIGHT~AUTO~TIMERAFTERLASTACTION~RESET
	RL840	  >>> BEDROOM2LIGHT~AUTO~TIMERAFTERLASTACTION~TIMETOCOUNT
	R844.0	  >>> BEDROOM2LIGHT~AUTO~TIMERAFTERLASTACTION~ISRUN
	R844.1	  >>> BEDROOM2LIGHT~AUTO~TIMERAFTERLASTACTION~ISDONE
	RL845	  >>> BEDROOM2LIGHT~AUTO~TIMERAFTERLASTACTION~CURRENTTIME
	R849.0	  >>>> BEDROOM2LIGHT~AUTO~TIMERAFTERLASTACTION~TIMER~IN
	RL850	  >>>> BEDROOM2LIGHT~AUTO~TIMERAFTERLASTACTION~TIMER~PT
	R854.0	  >>>> BEDROOM2LIGHT~AUTO~TIMERAFTERLASTACTION~TIMER~Q
	RL855	  >>>> BEDROOM2LIGHT~AUTO~TIMERAFTERLASTACTION~TIMER~ET
	R859.0	  >>>>> BEDROOM2LIGHT~AUTO~TIMERAFTERLASTACTION~TIMER~IN_R_EDGE~CLK
	R859.1	  >>>>> BEDROOM2LIGHT~AUTO~TIMERAFTERLASTACTION~TIMER~IN_R_EDGE~Q
	R859.2	  >>>>> BEDROOM2LIGHT~AUTO~TIMERAFTERLASTACTION~TIMER~IN_R_EDGE~M
	RL860	  >>>> BEDROOM2LIGHT~AUTO~TIMERAFTERLASTACTION~TIMER~LT
	R864.0	  >>> BEDROOM2LIGHT~AUTO~TIMERAFTERLASTACTION~__EDGE_R__START
	R864.1	  >>> BEDROOM2LIGHT~AUTO~TIMERAFTERLASTACTION~__EDGE_R__RESET
	R865.0	  >>> BEDROOM2LIGHT~AUTO~DOORSENSRISE~CLK
	R865.1	  >>> BEDROOM2LIGHT~AUTO~DOORSENSRISE~Q
	R865.2	  >>> BEDROOM2LIGHT~AUTO~DOORSENSRISE~M
	R866.0	  >>> BEDROOM2LIGHT~AUTO~DOORSENSFALL~CLK
	R866.1	  >>> BEDROOM2LIGHT~AUTO~DOORSENSFALL~Q
	R866.2	  >>> BEDROOM2LIGHT~AUTO~DOORSENSFALL~M
	R867.0	  >> BEDROOM2LIGHT~AUTO~DOORCLOSED
	R867.1	  >> BEDROOM2LIGHT~AUTO~DOOROPENED
	R868.0	  >>> BEDROOM2LIGHT~AUTO~MOTIONSENSRISE~CLK
	R868.1	  >>> BEDROOM2LIGHT~AUTO~MOTIONSENSRISE~Q
	R868.2	  >>> BEDROOM2LIGHT~AUTO~MOTIONSENSRISE~M
	R869.0	  >>> BEDROOM2LIGHT~AUTO~MOTIONSENSFALL~CLK
	R869.1	  >>> BEDROOM2LIGHT~AUTO~MOTIONSENSFALL~Q
	R869.2	  >>> BEDROOM2LIGHT~AUTO~MOTIONSENSFALL~M
	R870.0	  >> BEDROOM2LIGHT~AUTO~MOTIONDETECTED
	R870.1	  >> BEDROOM2LIGHT~AUTO~MOTIONEND
	R871.0	  >>> BEDROOM2LIGHT~AUTO~NIGHTMODEOFF~CLK
	R871.1	  >>> BEDROOM2LIGHT~AUTO~NIGHTMODEOFF~Q
	R871.2	  >>> BEDROOM2LIGHT~AUTO~NIGHTMODEOFF~M
	R872.0	  > BEDROOM2LIGHT~INIT
R  873   :1087   =PRGEATINGROOMLIGHT EATINGROOMLIGHT	; 
	RL873	  >> EATINGROOMLIGHT~LAMP1~TRIGBUTTON
	R877.0	  >> EATINGROOMLIGHT~LAMP1~SETSTATE
	R878.0	  >>> EATINGROOMLIGHT~LAMP1~TRIGBUTTONOFF~CLK
	R878.1	  >>> EATINGROOMLIGHT~LAMP1~TRIGBUTTONOFF~Q
	R878.2	  >>> EATINGROOMLIGHT~LAMP1~TRIGBUTTONOFF~M
	R879.0	  >>> EATINGROOMLIGHT~LAMP1~TRIGBUTTONON~CLK
	R879.1	  >>> EATINGROOMLIGHT~LAMP1~TRIGBUTTONON~Q
	R879.2	  >>> EATINGROOMLIGHT~LAMP1~TRIGBUTTONON~M
	R880.0	  >> EATINGROOMLIGHT~LAMP1~STATECHANGED
	R880.1	  >> EATINGROOMLIGHT~LAMP1~STATE
	R881.0	  >>> EATINGROOMLIGHT~AUTO~SENSOR_DOOR~STATE
	R882	  >>> EATINGROOMLIGHT~AUTO~SENSOR_DOOR~MODE
	R883.0	  >>> EATINGROOMLIGHT~AUTO~SENSOR_MOTION~STATE
	R884	  >>> EATINGROOMLIGHT~AUTO~SENSOR_MOTION~MODE
	R885.0	  >> EATINGROOMLIGHT~AUTO~AUTOMODE
	R885.1	  >> EATINGROOMLIGHT~AUTO~NIGHTMODE
	R885.2	  >> EATINGROOMLIGHT~AUTO~FORGETMODE
	R885.3	  >> EATINGROOMLIGHT~AUTO~ANYLIGHTON
	R885.4	  >> EATINGROOMLIGHT~AUTO~ANYLIGHTCHANGED
	RL886	  >> EATINGROOMLIGHT~AUTO~TIMEAFTERDOOROPENCLOSE
	RL890	  >> EATINGROOMLIGHT~AUTO~TIMEAFTERMOTIONDETECT
	RL894	  >> EATINGROOMLIGHT~AUTO~TIMEAFTERLASTACTION
	R898.0	  >> EATINGROOMLIGHT~AUTO~SETSTATE
	R898.1	  >> EATINGROOMLIGHT~AUTO~PERSONLEFT
	R898.2	  >> EATINGROOMLIGHT~AUTO~FORGET
	R898.3	  >> EATINGROOMLIGHT~AUTO~STATECHANGED
	R898.4	  >> EATINGROOMLIGHT~AUTO~STATE
	R899.0	  >>> EATINGROOMLIGHT~AUTO~TIMERAFTERDOOROPENED~START
	R899.1	  >>> EATINGROOMLIGHT~AUTO~TIMERAFTERDOOROPENED~RESET
	RL900	  >>> EATINGROOMLIGHT~AUTO~TIMERAFTERDOOROPENED~TIMETOCOUNT
	R904.0	  >>> EATINGROOMLIGHT~AUTO~TIMERAFTERDOOROPENED~ISRUN
	R904.1	  >>> EATINGROOMLIGHT~AUTO~TIMERAFTERDOOROPENED~ISDONE
	RL905	  >>> EATINGROOMLIGHT~AUTO~TIMERAFTERDOOROPENED~CURRENTTIME
	R909.0	  >>>> EATINGROOMLIGHT~AUTO~TIMERAFTERDOOROPENED~TIMER~IN
	RL910	  >>>> EATINGROOMLIGHT~AUTO~TIMERAFTERDOOROPENED~TIMER~PT
	R914.0	  >>>> EATINGROOMLIGHT~AUTO~TIMERAFTERDOOROPENED~TIMER~Q
	RL915	  >>>> EATINGROOMLIGHT~AUTO~TIMERAFTERDOOROPENED~TIMER~ET
	R919.0	  >>>>> EATINGROOMLIGHT~AUTO~TIMERAFTERDOOROPENED~TIMER~IN_R_EDGE~CLK
	R919.1	  >>>>> EATINGROOMLIGHT~AUTO~TIMERAFTERDOOROPENED~TIMER~IN_R_EDGE~Q
	R919.2	  >>>>> EATINGROOMLIGHT~AUTO~TIMERAFTERDOOROPENED~TIMER~IN_R_EDGE~M
	RL920	  >>>> EATINGROOMLIGHT~AUTO~TIMERAFTERDOOROPENED~TIMER~LT
	R924.0	  >>> EATINGROOMLIGHT~AUTO~TIMERAFTERDOOROPENED~__EDGE_R__START
	R924.1	  >>> EATINGROOMLIGHT~AUTO~TIMERAFTERDOOROPENED~__EDGE_R__RESET
	R925.0	  >>> EATINGROOMLIGHT~AUTO~TIMERAFTERDOORCLOSED~START
	R925.1	  >>> EATINGROOMLIGHT~AUTO~TIMERAFTERDOORCLOSED~RESET
	RL926	  >>> EATINGROOMLIGHT~AUTO~TIMERAFTERDOORCLOSED~TIMETOCOUNT
	R930.0	  >>> EATINGROOMLIGHT~AUTO~TIMERAFTERDOORCLOSED~ISRUN
	R930.1	  >>> EATINGROOMLIGHT~AUTO~TIMERAFTERDOORCLOSED~ISDONE
	RL931	  >>> EATINGROOMLIGHT~AUTO~TIMERAFTERDOORCLOSED~CURRENTTIME
	R935.0	  >>>> EATINGROOMLIGHT~AUTO~TIMERAFTERDOORCLOSED~TIMER~IN
	RL936	  >>>> EATINGROOMLIGHT~AUTO~TIMERAFTERDOORCLOSED~TIMER~PT
	R940.0	  >>>> EATINGROOMLIGHT~AUTO~TIMERAFTERDOORCLOSED~TIMER~Q
	RL941	  >>>> EATINGROOMLIGHT~AUTO~TIMERAFTERDOORCLOSED~TIMER~ET
	R945.0	  >>>>> EATINGROOMLIGHT~AUTO~TIMERAFTERDOORCLOSED~TIMER~IN_R_EDGE~CLK
	R945.1	  >>>>> EATINGROOMLIGHT~AUTO~TIMERAFTERDOORCLOSED~TIMER~IN_R_EDGE~Q
	R945.2	  >>>>> EATINGROOMLIGHT~AUTO~TIMERAFTERDOORCLOSED~TIMER~IN_R_EDGE~M
	RL946	  >>>> EATINGROOMLIGHT~AUTO~TIMERAFTERDOORCLOSED~TIMER~LT
	R950.0	  >>> EATINGROOMLIGHT~AUTO~TIMERAFTERDOORCLOSED~__EDGE_R__START
	R950.1	  >>> EATINGROOMLIGHT~AUTO~TIMERAFTERDOORCLOSED~__EDGE_R__RESET
	R951.0	  >>> EATINGROOMLIGHT~AUTO~TIMERAFTERMOTIONDETECTED~START
	R951.1	  >>> EATINGROOMLIGHT~AUTO~TIMERAFTERMOTIONDETECTED~RESET
	RL952	  >>> EATINGROOMLIGHT~AUTO~TIMERAFTERMOTIONDETECTED~TIMETOCOUNT
	R956.0	  >>> EATINGROOMLIGHT~AUTO~TIMERAFTERMOTIONDETECTED~ISRUN
	R956.1	  >>> EATINGROOMLIGHT~AUTO~TIMERAFTERMOTIONDETECTED~ISDONE
	RL957	  >>> EATINGROOMLIGHT~AUTO~TIMERAFTERMOTIONDETECTED~CURRENTTIME
	R961.0	  >>>> EATINGROOMLIGHT~AUTO~TIMERAFTERMOTIONDETECTED~TIMER~IN
	RL962	  >>>> EATINGROOMLIGHT~AUTO~TIMERAFTERMOTIONDETECTED~TIMER~PT
	R966.0	  >>>> EATINGROOMLIGHT~AUTO~TIMERAFTERMOTIONDETECTED~TIMER~Q
	RL967	  >>>> EATINGROOMLIGHT~AUTO~TIMERAFTERMOTIONDETECTED~TIMER~ET
	R971.0	  >>>>> EATINGROOMLIGHT~AUTO~TIMERAFTERMOTIONDETECTED~TIMER~IN_R_EDGE~CLK
	R971.1	  >>>>> EATINGROOMLIGHT~AUTO~TIMERAFTERMOTIONDETECTED~TIMER~IN_R_EDGE~Q
	R971.2	  >>>>> EATINGROOMLIGHT~AUTO~TIMERAFTERMOTIONDETECTED~TIMER~IN_R_EDGE~M
	RL972	  >>>> EATINGROOMLIGHT~AUTO~TIMERAFTERMOTIONDETECTED~TIMER~LT
	R976.0	  >>> EATINGROOMLIGHT~AUTO~TIMERAFTERMOTIONDETECTED~__EDGE_R__START
	R976.1	  >>> EATINGROOMLIGHT~AUTO~TIMERAFTERMOTIONDETECTED~__EDGE_R__RESET
	R977.0	  >>> EATINGROOMLIGHT~AUTO~TIMERAFTERLASTACTION~START
	R977.1	  >>> EATINGROOMLIGHT~AUTO~TIMERAFTERLASTACTION~RESET
	RL978	  >>> EATINGROOMLIGHT~AUTO~TIMERAFTERLASTACTION~TIMETOCOUNT
	R982.0	  >>> EATINGROOMLIGHT~AUTO~TIMERAFTERLASTACTION~ISRUN
	R982.1	  >>> EATINGROOMLIGHT~AUTO~TIMERAFTERLASTACTION~ISDONE
	RL983	  >>> EATINGROOMLIGHT~AUTO~TIMERAFTERLASTACTION~CURRENTTIME
	R987.0	  >>>> EATINGROOMLIGHT~AUTO~TIMERAFTERLASTACTION~TIMER~IN
	RL988	  >>>> EATINGROOMLIGHT~AUTO~TIMERAFTERLASTACTION~TIMER~PT
	R992.0	  >>>> EATINGROOMLIGHT~AUTO~TIMERAFTERLASTACTION~TIMER~Q
	RL993	  >>>> EATINGROOMLIGHT~AUTO~TIMERAFTERLASTACTION~TIMER~ET
	R997.0	  >>>>> EATINGROOMLIGHT~AUTO~TIMERAFTERLASTACTION~TIMER~IN_R_EDGE~CLK
	R997.1	  >>>>> EATINGROOMLIGHT~AUTO~TIMERAFTERLASTACTION~TIMER~IN_R_EDGE~Q
	R997.2	  >>>>> EATINGROOMLIGHT~AUTO~TIMERAFTERLASTACTION~TIMER~IN_R_EDGE~M
	RL998	  >>>> EATINGROOMLIGHT~AUTO~TIMERAFTERLASTACTION~TIMER~LT
	R1002.0	  >>> EATINGROOMLIGHT~AUTO~TIMERAFTERLASTACTION~__EDGE_R__START
	R1002.1	  >>> EATINGROOMLIGHT~AUTO~TIMERAFTERLASTACTION~__EDGE_R__RESET
	R1003.0	  >>> EATINGROOMLIGHT~AUTO~DOORSENSRISE~CLK
	R1003.1	  >>> EATINGROOMLIGHT~AUTO~DOORSENSRISE~Q
	R1003.2	  >>> EATINGROOMLIGHT~AUTO~DOORSENSRISE~M
	R1004.0	  >>> EATINGROOMLIGHT~AUTO~DOORSENSFALL~CLK
	R1004.1	  >>> EATINGROOMLIGHT~AUTO~DOORSENSFALL~Q
	R1004.2	  >>> EATINGROOMLIGHT~AUTO~DOORSENSFALL~M
	R1005.0	  >> EATINGROOMLIGHT~AUTO~DOORCLOSED
	R1005.1	  >> EATINGROOMLIGHT~AUTO~DOOROPENED
	R1006.0	  >>> EATINGROOMLIGHT~AUTO~MOTIONSENSRISE~CLK
	R1006.1	  >>> EATINGROOMLIGHT~AUTO~MOTIONSENSRISE~Q
	R1006.2	  >>> EATINGROOMLIGHT~AUTO~MOTIONSENSRISE~M
	R1007.0	  >>> EATINGROOMLIGHT~AUTO~MOTIONSENSFALL~CLK
	R1007.1	  >>> EATINGROOMLIGHT~AUTO~MOTIONSENSFALL~Q
	R1007.2	  >>> EATINGROOMLIGHT~AUTO~MOTIONSENSFALL~M
	R1008.0	  >> EATINGROOMLIGHT~AUTO~MOTIONDETECTED
	R1008.1	  >> EATINGROOMLIGHT~AUTO~MOTIONEND
	R1009.0	  >>> EATINGROOMLIGHT~AUTO~NIGHTMODEOFF~CLK
	R1009.1	  >>> EATINGROOMLIGHT~AUTO~NIGHTMODEOFF~Q
	R1009.2	  >>> EATINGROOMLIGHT~AUTO~NIGHTMODEOFF~M
	RL1010	  >> EATINGROOMLIGHT~BLIND~TIMETO_UP_DOWN
	R1014.0	  >> EATINGROOMLIGHT~BLIND~OPEN
	R1014.1	  >> EATINGROOMLIGHT~BLIND~CLOSE
	R1014.2	  >> EATINGROOMLIGHT~BLIND~STOP
	RF1015	  >> EATINGROOMLIGHT~BLIND~SETPOSITION
	R1019.0	  >> EATINGROOMLIGHT~BLIND~UP
	R1019.1	  >> EATINGROOMLIGHT~BLIND~DOWN
	RF1020	  >> EATINGROOMLIGHT~BLIND~CURRENTPOSITION
	RL1024	  >> EATINGROOMLIGHT~BLIND~T1
	R1028.0	  >>> EATINGROOMLIGHT~BLIND~TIMER~START
	R1028.1	  >>> EATINGROOMLIGHT~BLIND~TIMER~RESET
	RL1029	  >>> EATINGROOMLIGHT~BLIND~TIMER~TIMETOCOUNT
	R1033.0	  >>> EATINGROOMLIGHT~BLIND~TIMER~ISRUN
	R1033.1	  >>> EATINGROOMLIGHT~BLIND~TIMER~ISDONE
	RL1034	  >>> EATINGROOMLIGHT~BLIND~TIMER~CURRENTTIME
	R1038.0	  >>>> EATINGROOMLIGHT~BLIND~TIMER~TIMER~IN
	RL1039	  >>>> EATINGROOMLIGHT~BLIND~TIMER~TIMER~PT
	R1043.0	  >>>> EATINGROOMLIGHT~BLIND~TIMER~TIMER~Q
	RL1044	  >>>> EATINGROOMLIGHT~BLIND~TIMER~TIMER~ET
	R1048.0	  >>>>> EATINGROOMLIGHT~BLIND~TIMER~TIMER~IN_R_EDGE~CLK
	R1048.1	  >>>>> EATINGROOMLIGHT~BLIND~TIMER~TIMER~IN_R_EDGE~Q
	R1048.2	  >>>>> EATINGROOMLIGHT~BLIND~TIMER~TIMER~IN_R_EDGE~M
	RL1049	  >>>> EATINGROOMLIGHT~BLIND~TIMER~TIMER~LT
	R1053.0	  >>> EATINGROOMLIGHT~BLIND~TIMER~__EDGE_R__START
	R1053.1	  >>> EATINGROOMLIGHT~BLIND~TIMER~__EDGE_R__RESET
	R1054.0	  >> EATINGROOMLIGHT~BLIND~DIRECTION
	RF1055	  >> EATINGROOMLIGHT~BLIND~POSITION
	R1059.0	  >>> EATINGROOMLIGHT~BLIND~STOPTTIGG~CLK
	R1059.1	  >>> EATINGROOMLIGHT~BLIND~STOPTTIGG~Q
	R1059.2	  >>> EATINGROOMLIGHT~BLIND~STOPTTIGG~M
	R1060.0	  >>> EATINGROOMLIGHT~BLIND~OPENTRIGG~CLK
	R1060.1	  >>> EATINGROOMLIGHT~BLIND~OPENTRIGG~Q
	R1060.2	  >>> EATINGROOMLIGHT~BLIND~OPENTRIGG~M
	R1061.0	  >>> EATINGROOMLIGHT~BLIND~CLOSETRIGG~CLK
	R1061.1	  >>> EATINGROOMLIGHT~BLIND~CLOSETRIGG~Q
	R1061.2	  >>> EATINGROOMLIGHT~BLIND~CLOSETRIGG~M
	R1062.0	  >> EATINGROOMLIGHT~BLIND~__EDGE_R__OPEN
	R1062.1	  >> EATINGROOMLIGHT~BLIND~__EDGE_R__CLOSE
	R1062.2	  >> EATINGROOMLIGHT~BLIND~__EDGE_R__STOP
	RF1063	  >> EATINGROOMLIGHT~BLINDSETPOSITIONOBSERBER~VALUE
	RF1067	  >> EATINGROOMLIGHT~BLINDSETPOSITIONOBSERBER~PREVVALUE
	R1071.0	  >> EATINGROOMLIGHT~BLINDSETPOSITIONOBSERBER~VALUECHANGED
	R1071.1	  >> EATINGROOMLIGHT~BLINDSETPOSITIONOBSERBER~RISING
	R1071.2	  >> EATINGROOMLIGHT~BLINDSETPOSITIONOBSERBER~FALLING
	R1072.0	  >> EATINGROOMLIGHT~INITTIMER~IN
	RL1073	  >> EATINGROOMLIGHT~INITTIMER~PT
	R1077.0	  >> EATINGROOMLIGHT~INITTIMER~Q
	RL1078	  >> EATINGROOMLIGHT~INITTIMER~ET
	R1082.0	  >>> EATINGROOMLIGHT~INITTIMER~IN_R_EDGE~CLK
	R1082.1	  >>> EATINGROOMLIGHT~INITTIMER~IN_R_EDGE~Q
	R1082.2	  >>> EATINGROOMLIGHT~INITTIMER~IN_R_EDGE~M
	RL1083	  >> EATINGROOMLIGHT~INITTIMER~LT
	R1087.0	  > EATINGROOMLIGHT~INIT
R 1088   :1332   =PRGBATHROOM1LIGHT BATHROOM1LIGHT	; 
	R1088.0	  >> BATHROOM1LIGHT~LAMP1~BTN
	RF1089	  >> BATHROOM1LIGHT~LAMP1~MINVALUE
	RF1093	  >> BATHROOM1LIGHT~LAMP1~MAXVALUE
	RF1097	  >> BATHROOM1LIGHT~LAMP1~DIMMSPEED
	RF1101	  >> BATHROOM1LIGHT~LAMP1~SETVALUE
	R1105.0	  >> BATHROOM1LIGHT~LAMP1~SETSTATE
	RL1106	  >> BATHROOM1LIGHT~LAMP1~SLIDER
	RL1110	  >> BATHROOM1LIGHT~LAMP1~TRIGBUTTON
	RF1114	  >> BATHROOM1LIGHT~LAMP1~VALUE
	R1118.0	  >> BATHROOM1LIGHT~LAMP1~VALUECHANGED
	R1118.1	  >> BATHROOM1LIGHT~LAMP1~STATE
	R1118.2	  >> BATHROOM1LIGHT~LAMP1~STATECHANGED
	RF1119	  >> BATHROOM1LIGHT~LAMP1~DIRECTION
	RF1123	  >> BATHROOM1LIGHT~LAMP1~USERVALUE
	R1127.0	  >> BATHROOM1LIGHT~LAMP1~DIMMING
	R1128.0	  >>> BATHROOM1LIGHT~LAMP1~TIMER~IN
	RL1129	  >>> BATHROOM1LIGHT~LAMP1~TIMER~PT
	R1133.0	  >>> BATHROOM1LIGHT~LAMP1~TIMER~Q
	RL1134	  >>> BATHROOM1LIGHT~LAMP1~TIMER~ET
	R1138.0	  >>>> BATHROOM1LIGHT~LAMP1~TIMER~IN_R_EDGE~CLK
	R1138.1	  >>>> BATHROOM1LIGHT~LAMP1~TIMER~IN_R_EDGE~Q
	R1138.2	  >>>> BATHROOM1LIGHT~LAMP1~TIMER~IN_R_EDGE~M
	RL1139	  >>> BATHROOM1LIGHT~LAMP1~TIMER~LT
	RL1143	  >> BATHROOM1LIGHT~LAMP1~CYCLETIME
	RL1147	  >> BATHROOM1LIGHT~LAMP1~PREVTIME
	RF1151	  >> BATHROOM1LIGHT~LAMP1~STEP
	R1155.0	  >> BATHROOM1LIGHT~LAMP1~INIT
	RF1156	  >> BATHROOM1LIGHT~LAMP1~PREVVALUE
	RF1160	  >> BATHROOM1LIGHT~LAMP1~PREVSETVALUE
	RF1164	  >> BATHROOM1LIGHT~LAMP1~PREVSLIDER
	RL1168	  >>> BATHROOM1LIGHT~LAMP1~BUTTONPROCESSOR~BTN
	RL1172	  >>> BATHROOM1LIGHT~LAMP1~BUTTONPROCESSOR~LONGPRESSTIME
	R1176.0	  >>> BATHROOM1LIGHT~LAMP1~BUTTONPROCESSOR~LONGPRESS
	R1176.1	  >>> BATHROOM1LIGHT~LAMP1~BUTTONPROCESSOR~SHORTPRESS
	R1176.2	  >>> BATHROOM1LIGHT~LAMP1~BUTTONPROCESSOR~BTNPRESSED
	R1176.3	  >>> BATHROOM1LIGHT~LAMP1~BUTTONPROCESSOR~BTNRELEASED
	R1176.4	  >>> BATHROOM1LIGHT~LAMP1~BUTTONPROCESSOR~BTNSTATE
	R1176.5	  >>> BATHROOM1LIGHT~LAMP1~BUTTONPROCESSOR~LONGPRESSANDHOLD
	R1176.6	  >>> BATHROOM1LIGHT~LAMP1~BUTTONPROCESSOR~BTNPREVSTATE
	R1177.0	  >>>> BATHROOM1LIGHT~LAMP1~BUTTONPROCESSOR~TIMER~START
	R1177.1	  >>>> BATHROOM1LIGHT~LAMP1~BUTTONPROCESSOR~TIMER~RESET
	RL1178	  >>>> BATHROOM1LIGHT~LAMP1~BUTTONPROCESSOR~TIMER~TIMETOCOUNT
	R1182.0	  >>>> BATHROOM1LIGHT~LAMP1~BUTTONPROCESSOR~TIMER~ISRUN
	R1182.1	  >>>> BATHROOM1LIGHT~LAMP1~BUTTONPROCESSOR~TIMER~ISDONE
	RL1183	  >>>> BATHROOM1LIGHT~LAMP1~BUTTONPROCESSOR~TIMER~CURRENTTIME
	R1187.0	  >>>>> BATHROOM1LIGHT~LAMP1~BUTTONPROCESSOR~TIMER~TIMER~IN
	RL1188	  >>>>> BATHROOM1LIGHT~LAMP1~BUTTONPROCESSOR~TIMER~TIMER~PT
	R1192.0	  >>>>> BATHROOM1LIGHT~LAMP1~BUTTONPROCESSOR~TIMER~TIMER~Q
	RL1193	  >>>>> BATHROOM1LIGHT~LAMP1~BUTTONPROCESSOR~TIMER~TIMER~ET
	R1197.0	  >>>>>> BATHROOM1LIGHT~LAMP1~BUTTONPROCESSOR~TIMER~TIMER~IN_R_EDGE~CLK
	R1197.1	  >>>>>> BATHROOM1LIGHT~LAMP1~BUTTONPROCESSOR~TIMER~TIMER~IN_R_EDGE~Q
	R1197.2	  >>>>>> BATHROOM1LIGHT~LAMP1~BUTTONPROCESSOR~TIMER~TIMER~IN_R_EDGE~M
	RL1198	  >>>>> BATHROOM1LIGHT~LAMP1~BUTTONPROCESSOR~TIMER~TIMER~LT
	R1202.0	  >>>> BATHROOM1LIGHT~LAMP1~BUTTONPROCESSOR~TIMER~__EDGE_R__START
	R1202.1	  >>>> BATHROOM1LIGHT~LAMP1~BUTTONPROCESSOR~TIMER~__EDGE_R__RESET
	R1203.0	  >>> BATHROOM1LIGHT~AUTO~SENSOR_DOOR~STATE
	R1204	  >>> BATHROOM1LIGHT~AUTO~SENSOR_DOOR~MODE
	R1205.0	  >>> BATHROOM1LIGHT~AUTO~SENSOR_MOTION~STATE
	R1206	  >>> BATHROOM1LIGHT~AUTO~SENSOR_MOTION~MODE
	R1207.0	  >> BATHROOM1LIGHT~AUTO~AUTOMODE
	R1207.1	  >> BATHROOM1LIGHT~AUTO~NIGHTMODE
	R1207.2	  >> BATHROOM1LIGHT~AUTO~FORGETMODE
	R1207.3	  >> BATHROOM1LIGHT~AUTO~ANYLIGHTON
	R1207.4	  >> BATHROOM1LIGHT~AUTO~ANYLIGHTCHANGED
	RL1208	  >> BATHROOM1LIGHT~AUTO~TIMEAFTERDOOROPENCLOSE
	RL1212	  >> BATHROOM1LIGHT~AUTO~TIMEAFTERMOTIONDETECT
	RL1216	  >> BATHROOM1LIGHT~AUTO~TIMEAFTERLASTACTION
	R1220.0	  >> BATHROOM1LIGHT~AUTO~SETSTATE
	R1220.1	  >> BATHROOM1LIGHT~AUTO~PERSONLEFT
	R1220.2	  >> BATHROOM1LIGHT~AUTO~FORGET
	R1220.3	  >> BATHROOM1LIGHT~AUTO~STATECHANGED
	R1220.4	  >> BATHROOM1LIGHT~AUTO~STATE
	R1221.0	  >>> BATHROOM1LIGHT~AUTO~TIMERAFTERDOOROPENED~START
	R1221.1	  >>> BATHROOM1LIGHT~AUTO~TIMERAFTERDOOROPENED~RESET
	RL1222	  >>> BATHROOM1LIGHT~AUTO~TIMERAFTERDOOROPENED~TIMETOCOUNT
	R1226.0	  >>> BATHROOM1LIGHT~AUTO~TIMERAFTERDOOROPENED~ISRUN
	R1226.1	  >>> BATHROOM1LIGHT~AUTO~TIMERAFTERDOOROPENED~ISDONE
	RL1227	  >>> BATHROOM1LIGHT~AUTO~TIMERAFTERDOOROPENED~CURRENTTIME
	R1231.0	  >>>> BATHROOM1LIGHT~AUTO~TIMERAFTERDOOROPENED~TIMER~IN
	RL1232	  >>>> BATHROOM1LIGHT~AUTO~TIMERAFTERDOOROPENED~TIMER~PT
	R1236.0	  >>>> BATHROOM1LIGHT~AUTO~TIMERAFTERDOOROPENED~TIMER~Q
	RL1237	  >>>> BATHROOM1LIGHT~AUTO~TIMERAFTERDOOROPENED~TIMER~ET
	R1241.0	  >>>>> BATHROOM1LIGHT~AUTO~TIMERAFTERDOOROPENED~TIMER~IN_R_EDGE~CLK
	R1241.1	  >>>>> BATHROOM1LIGHT~AUTO~TIMERAFTERDOOROPENED~TIMER~IN_R_EDGE~Q
	R1241.2	  >>>>> BATHROOM1LIGHT~AUTO~TIMERAFTERDOOROPENED~TIMER~IN_R_EDGE~M
	RL1242	  >>>> BATHROOM1LIGHT~AUTO~TIMERAFTERDOOROPENED~TIMER~LT
	R1246.0	  >>> BATHROOM1LIGHT~AUTO~TIMERAFTERDOOROPENED~__EDGE_R__START
	R1246.1	  >>> BATHROOM1LIGHT~AUTO~TIMERAFTERDOOROPENED~__EDGE_R__RESET
	R1247.0	  >>> BATHROOM1LIGHT~AUTO~TIMERAFTERDOORCLOSED~START
	R1247.1	  >>> BATHROOM1LIGHT~AUTO~TIMERAFTERDOORCLOSED~RESET
	RL1248	  >>> BATHROOM1LIGHT~AUTO~TIMERAFTERDOORCLOSED~TIMETOCOUNT
	R1252.0	  >>> BATHROOM1LIGHT~AUTO~TIMERAFTERDOORCLOSED~ISRUN
	R1252.1	  >>> BATHROOM1LIGHT~AUTO~TIMERAFTERDOORCLOSED~ISDONE
	RL1253	  >>> BATHROOM1LIGHT~AUTO~TIMERAFTERDOORCLOSED~CURRENTTIME
	R1257.0	  >>>> BATHROOM1LIGHT~AUTO~TIMERAFTERDOORCLOSED~TIMER~IN
	RL1258	  >>>> BATHROOM1LIGHT~AUTO~TIMERAFTERDOORCLOSED~TIMER~PT
	R1262.0	  >>>> BATHROOM1LIGHT~AUTO~TIMERAFTERDOORCLOSED~TIMER~Q
	RL1263	  >>>> BATHROOM1LIGHT~AUTO~TIMERAFTERDOORCLOSED~TIMER~ET
	R1267.0	  >>>>> BATHROOM1LIGHT~AUTO~TIMERAFTERDOORCLOSED~TIMER~IN_R_EDGE~CLK
	R1267.1	  >>>>> BATHROOM1LIGHT~AUTO~TIMERAFTERDOORCLOSED~TIMER~IN_R_EDGE~Q
	R1267.2	  >>>>> BATHROOM1LIGHT~AUTO~TIMERAFTERDOORCLOSED~TIMER~IN_R_EDGE~M
	RL1268	  >>>> BATHROOM1LIGHT~AUTO~TIMERAFTERDOORCLOSED~TIMER~LT
	R1272.0	  >>> BATHROOM1LIGHT~AUTO~TIMERAFTERDOORCLOSED~__EDGE_R__START
	R1272.1	  >>> BATHROOM1LIGHT~AUTO~TIMERAFTERDOORCLOSED~__EDGE_R__RESET
	R1273.0	  >>> BATHROOM1LIGHT~AUTO~TIMERAFTERMOTIONDETECTED~START
	R1273.1	  >>> BATHROOM1LIGHT~AUTO~TIMERAFTERMOTIONDETECTED~RESET
	RL1274	  >>> BATHROOM1LIGHT~AUTO~TIMERAFTERMOTIONDETECTED~TIMETOCOUNT
	R1278.0	  >>> BATHROOM1LIGHT~AUTO~TIMERAFTERMOTIONDETECTED~ISRUN
	R1278.1	  >>> BATHROOM1LIGHT~AUTO~TIMERAFTERMOTIONDETECTED~ISDONE
	RL1279	  >>> BATHROOM1LIGHT~AUTO~TIMERAFTERMOTIONDETECTED~CURRENTTIME
	R1283.0	  >>>> BATHROOM1LIGHT~AUTO~TIMERAFTERMOTIONDETECTED~TIMER~IN
	RL1284	  >>>> BATHROOM1LIGHT~AUTO~TIMERAFTERMOTIONDETECTED~TIMER~PT
	R1288.0	  >>>> BATHROOM1LIGHT~AUTO~TIMERAFTERMOTIONDETECTED~TIMER~Q
	RL1289	  >>>> BATHROOM1LIGHT~AUTO~TIMERAFTERMOTIONDETECTED~TIMER~ET
	R1293.0	  >>>>> BATHROOM1LIGHT~AUTO~TIMERAFTERMOTIONDETECTED~TIMER~IN_R_EDGE~CLK
	R1293.1	  >>>>> BATHROOM1LIGHT~AUTO~TIMERAFTERMOTIONDETECTED~TIMER~IN_R_EDGE~Q
	R1293.2	  >>>>> BATHROOM1LIGHT~AUTO~TIMERAFTERMOTIONDETECTED~TIMER~IN_R_EDGE~M
	RL1294	  >>>> BATHROOM1LIGHT~AUTO~TIMERAFTERMOTIONDETECTED~TIMER~LT
	R1298.0	  >>> BATHROOM1LIGHT~AUTO~TIMERAFTERMOTIONDETECTED~__EDGE_R__START
	R1298.1	  >>> BATHROOM1LIGHT~AUTO~TIMERAFTERMOTIONDETECTED~__EDGE_R__RESET
	R1299.0	  >>> BATHROOM1LIGHT~AUTO~TIMERAFTERLASTACTION~START
	R1299.1	  >>> BATHROOM1LIGHT~AUTO~TIMERAFTERLASTACTION~RESET
	RL1300	  >>> BATHROOM1LIGHT~AUTO~TIMERAFTERLASTACTION~TIMETOCOUNT
	R1304.0	  >>> BATHROOM1LIGHT~AUTO~TIMERAFTERLASTACTION~ISRUN
	R1304.1	  >>> BATHROOM1LIGHT~AUTO~TIMERAFTERLASTACTION~ISDONE
	RL1305	  >>> BATHROOM1LIGHT~AUTO~TIMERAFTERLASTACTION~CURRENTTIME
	R1309.0	  >>>> BATHROOM1LIGHT~AUTO~TIMERAFTERLASTACTION~TIMER~IN
	RL1310	  >>>> BATHROOM1LIGHT~AUTO~TIMERAFTERLASTACTION~TIMER~PT
	R1314.0	  >>>> BATHROOM1LIGHT~AUTO~TIMERAFTERLASTACTION~TIMER~Q
	RL1315	  >>>> BATHROOM1LIGHT~AUTO~TIMERAFTERLASTACTION~TIMER~ET
	R1319.0	  >>>>> BATHROOM1LIGHT~AUTO~TIMERAFTERLASTACTION~TIMER~IN_R_EDGE~CLK
	R1319.1	  >>>>> BATHROOM1LIGHT~AUTO~TIMERAFTERLASTACTION~TIMER~IN_R_EDGE~Q
	R1319.2	  >>>>> BATHROOM1LIGHT~AUTO~TIMERAFTERLASTACTION~TIMER~IN_R_EDGE~M
	RL1320	  >>>> BATHROOM1LIGHT~AUTO~TIMERAFTERLASTACTION~TIMER~LT
	R1324.0	  >>> BATHROOM1LIGHT~AUTO~TIMERAFTERLASTACTION~__EDGE_R__START
	R1324.1	  >>> BATHROOM1LIGHT~AUTO~TIMERAFTERLASTACTION~__EDGE_R__RESET
	R1325.0	  >>> BATHROOM1LIGHT~AUTO~DOORSENSRISE~CLK
	R1325.1	  >>> BATHROOM1LIGHT~AUTO~DOORSENSRISE~Q
	R1325.2	  >>> BATHROOM1LIGHT~AUTO~DOORSENSRISE~M
	R1326.0	  >>> BATHROOM1LIGHT~AUTO~DOORSENSFALL~CLK
	R1326.1	  >>> BATHROOM1LIGHT~AUTO~DOORSENSFALL~Q
	R1326.2	  >>> BATHROOM1LIGHT~AUTO~DOORSENSFALL~M
	R1327.0	  >> BATHROOM1LIGHT~AUTO~DOORCLOSED
	R1327.1	  >> BATHROOM1LIGHT~AUTO~DOOROPENED
	R1328.0	  >>> BATHROOM1LIGHT~AUTO~MOTIONSENSRISE~CLK
	R1328.1	  >>> BATHROOM1LIGHT~AUTO~MOTIONSENSRISE~Q
	R1328.2	  >>> BATHROOM1LIGHT~AUTO~MOTIONSENSRISE~M
	R1329.0	  >>> BATHROOM1LIGHT~AUTO~MOTIONSENSFALL~CLK
	R1329.1	  >>> BATHROOM1LIGHT~AUTO~MOTIONSENSFALL~Q
	R1329.2	  >>> BATHROOM1LIGHT~AUTO~MOTIONSENSFALL~M
	R1330.0	  >> BATHROOM1LIGHT~AUTO~MOTIONDETECTED
	R1330.1	  >> BATHROOM1LIGHT~AUTO~MOTIONEND
	R1331.0	  >>> BATHROOM1LIGHT~AUTO~NIGHTMODEOFF~CLK
	R1331.1	  >>> BATHROOM1LIGHT~AUTO~NIGHTMODEOFF~Q
	R1331.2	  >>> BATHROOM1LIGHT~AUTO~NIGHTMODEOFF~M
	R1332.0	  > BATHROOM1LIGHT~INIT
R 1333   :1470   =PRGBATHROOM2LIGHT BATHROOM2LIGHT	; 
	RL1333	  >> BATHROOM2LIGHT~LAMP1~TRIGBUTTON
	R1337.0	  >> BATHROOM2LIGHT~LAMP1~SETSTATE
	R1338.0	  >>> BATHROOM2LIGHT~LAMP1~TRIGBUTTONOFF~CLK
	R1338.1	  >>> BATHROOM2LIGHT~LAMP1~TRIGBUTTONOFF~Q
	R1338.2	  >>> BATHROOM2LIGHT~LAMP1~TRIGBUTTONOFF~M
	R1339.0	  >>> BATHROOM2LIGHT~LAMP1~TRIGBUTTONON~CLK
	R1339.1	  >>> BATHROOM2LIGHT~LAMP1~TRIGBUTTONON~Q
	R1339.2	  >>> BATHROOM2LIGHT~LAMP1~TRIGBUTTONON~M
	R1340.0	  >> BATHROOM2LIGHT~LAMP1~STATECHANGED
	R1340.1	  >> BATHROOM2LIGHT~LAMP1~STATE
	R1341.0	  >>> BATHROOM2LIGHT~AUTO~SENSOR_DOOR~STATE
	R1342	  >>> BATHROOM2LIGHT~AUTO~SENSOR_DOOR~MODE
	R1343.0	  >>> BATHROOM2LIGHT~AUTO~SENSOR_MOTION~STATE
	R1344	  >>> BATHROOM2LIGHT~AUTO~SENSOR_MOTION~MODE
	R1345.0	  >> BATHROOM2LIGHT~AUTO~AUTOMODE
	R1345.1	  >> BATHROOM2LIGHT~AUTO~NIGHTMODE
	R1345.2	  >> BATHROOM2LIGHT~AUTO~FORGETMODE
	R1345.3	  >> BATHROOM2LIGHT~AUTO~ANYLIGHTON
	R1345.4	  >> BATHROOM2LIGHT~AUTO~ANYLIGHTCHANGED
	RL1346	  >> BATHROOM2LIGHT~AUTO~TIMEAFTERDOOROPENCLOSE
	RL1350	  >> BATHROOM2LIGHT~AUTO~TIMEAFTERMOTIONDETECT
	RL1354	  >> BATHROOM2LIGHT~AUTO~TIMEAFTERLASTACTION
	R1358.0	  >> BATHROOM2LIGHT~AUTO~SETSTATE
	R1358.1	  >> BATHROOM2LIGHT~AUTO~PERSONLEFT
	R1358.2	  >> BATHROOM2LIGHT~AUTO~FORGET
	R1358.3	  >> BATHROOM2LIGHT~AUTO~STATECHANGED
	R1358.4	  >> BATHROOM2LIGHT~AUTO~STATE
	R1359.0	  >>> BATHROOM2LIGHT~AUTO~TIMERAFTERDOOROPENED~START
	R1359.1	  >>> BATHROOM2LIGHT~AUTO~TIMERAFTERDOOROPENED~RESET
	RL1360	  >>> BATHROOM2LIGHT~AUTO~TIMERAFTERDOOROPENED~TIMETOCOUNT
	R1364.0	  >>> BATHROOM2LIGHT~AUTO~TIMERAFTERDOOROPENED~ISRUN
	R1364.1	  >>> BATHROOM2LIGHT~AUTO~TIMERAFTERDOOROPENED~ISDONE
	RL1365	  >>> BATHROOM2LIGHT~AUTO~TIMERAFTERDOOROPENED~CURRENTTIME
	R1369.0	  >>>> BATHROOM2LIGHT~AUTO~TIMERAFTERDOOROPENED~TIMER~IN
	RL1370	  >>>> BATHROOM2LIGHT~AUTO~TIMERAFTERDOOROPENED~TIMER~PT
	R1374.0	  >>>> BATHROOM2LIGHT~AUTO~TIMERAFTERDOOROPENED~TIMER~Q
	RL1375	  >>>> BATHROOM2LIGHT~AUTO~TIMERAFTERDOOROPENED~TIMER~ET
	R1379.0	  >>>>> BATHROOM2LIGHT~AUTO~TIMERAFTERDOOROPENED~TIMER~IN_R_EDGE~CLK
	R1379.1	  >>>>> BATHROOM2LIGHT~AUTO~TIMERAFTERDOOROPENED~TIMER~IN_R_EDGE~Q
	R1379.2	  >>>>> BATHROOM2LIGHT~AUTO~TIMERAFTERDOOROPENED~TIMER~IN_R_EDGE~M
	RL1380	  >>>> BATHROOM2LIGHT~AUTO~TIMERAFTERDOOROPENED~TIMER~LT
	R1384.0	  >>> BATHROOM2LIGHT~AUTO~TIMERAFTERDOOROPENED~__EDGE_R__START
	R1384.1	  >>> BATHROOM2LIGHT~AUTO~TIMERAFTERDOOROPENED~__EDGE_R__RESET
	R1385.0	  >>> BATHROOM2LIGHT~AUTO~TIMERAFTERDOORCLOSED~START
	R1385.1	  >>> BATHROOM2LIGHT~AUTO~TIMERAFTERDOORCLOSED~RESET
	RL1386	  >>> BATHROOM2LIGHT~AUTO~TIMERAFTERDOORCLOSED~TIMETOCOUNT
	R1390.0	  >>> BATHROOM2LIGHT~AUTO~TIMERAFTERDOORCLOSED~ISRUN
	R1390.1	  >>> BATHROOM2LIGHT~AUTO~TIMERAFTERDOORCLOSED~ISDONE
	RL1391	  >>> BATHROOM2LIGHT~AUTO~TIMERAFTERDOORCLOSED~CURRENTTIME
	R1395.0	  >>>> BATHROOM2LIGHT~AUTO~TIMERAFTERDOORCLOSED~TIMER~IN
	RL1396	  >>>> BATHROOM2LIGHT~AUTO~TIMERAFTERDOORCLOSED~TIMER~PT
	R1400.0	  >>>> BATHROOM2LIGHT~AUTO~TIMERAFTERDOORCLOSED~TIMER~Q
	RL1401	  >>>> BATHROOM2LIGHT~AUTO~TIMERAFTERDOORCLOSED~TIMER~ET
	R1405.0	  >>>>> BATHROOM2LIGHT~AUTO~TIMERAFTERDOORCLOSED~TIMER~IN_R_EDGE~CLK
	R1405.1	  >>>>> BATHROOM2LIGHT~AUTO~TIMERAFTERDOORCLOSED~TIMER~IN_R_EDGE~Q
	R1405.2	  >>>>> BATHROOM2LIGHT~AUTO~TIMERAFTERDOORCLOSED~TIMER~IN_R_EDGE~M
	RL1406	  >>>> BATHROOM2LIGHT~AUTO~TIMERAFTERDOORCLOSED~TIMER~LT
	R1410.0	  >>> BATHROOM2LIGHT~AUTO~TIMERAFTERDOORCLOSED~__EDGE_R__START
	R1410.1	  >>> BATHROOM2LIGHT~AUTO~TIMERAFTERDOORCLOSED~__EDGE_R__RESET
	R1411.0	  >>> BATHROOM2LIGHT~AUTO~TIMERAFTERMOTIONDETECTED~START
	R1411.1	  >>> BATHROOM2LIGHT~AUTO~TIMERAFTERMOTIONDETECTED~RESET
	RL1412	  >>> BATHROOM2LIGHT~AUTO~TIMERAFTERMOTIONDETECTED~TIMETOCOUNT
	R1416.0	  >>> BATHROOM2LIGHT~AUTO~TIMERAFTERMOTIONDETECTED~ISRUN
	R1416.1	  >>> BATHROOM2LIGHT~AUTO~TIMERAFTERMOTIONDETECTED~ISDONE
	RL1417	  >>> BATHROOM2LIGHT~AUTO~TIMERAFTERMOTIONDETECTED~CURRENTTIME
	R1421.0	  >>>> BATHROOM2LIGHT~AUTO~TIMERAFTERMOTIONDETECTED~TIMER~IN
	RL1422	  >>>> BATHROOM2LIGHT~AUTO~TIMERAFTERMOTIONDETECTED~TIMER~PT
	R1426.0	  >>>> BATHROOM2LIGHT~AUTO~TIMERAFTERMOTIONDETECTED~TIMER~Q
	RL1427	  >>>> BATHROOM2LIGHT~AUTO~TIMERAFTERMOTIONDETECTED~TIMER~ET
	R1431.0	  >>>>> BATHROOM2LIGHT~AUTO~TIMERAFTERMOTIONDETECTED~TIMER~IN_R_EDGE~CLK
	R1431.1	  >>>>> BATHROOM2LIGHT~AUTO~TIMERAFTERMOTIONDETECTED~TIMER~IN_R_EDGE~Q
	R1431.2	  >>>>> BATHROOM2LIGHT~AUTO~TIMERAFTERMOTIONDETECTED~TIMER~IN_R_EDGE~M
	RL1432	  >>>> BATHROOM2LIGHT~AUTO~TIMERAFTERMOTIONDETECTED~TIMER~LT
	R1436.0	  >>> BATHROOM2LIGHT~AUTO~TIMERAFTERMOTIONDETECTED~__EDGE_R__START
	R1436.1	  >>> BATHROOM2LIGHT~AUTO~TIMERAFTERMOTIONDETECTED~__EDGE_R__RESET
	R1437.0	  >>> BATHROOM2LIGHT~AUTO~TIMERAFTERLASTACTION~START
	R1437.1	  >>> BATHROOM2LIGHT~AUTO~TIMERAFTERLASTACTION~RESET
	RL1438	  >>> BATHROOM2LIGHT~AUTO~TIMERAFTERLASTACTION~TIMETOCOUNT
	R1442.0	  >>> BATHROOM2LIGHT~AUTO~TIMERAFTERLASTACTION~ISRUN
	R1442.1	  >>> BATHROOM2LIGHT~AUTO~TIMERAFTERLASTACTION~ISDONE
	RL1443	  >>> BATHROOM2LIGHT~AUTO~TIMERAFTERLASTACTION~CURRENTTIME
	R1447.0	  >>>> BATHROOM2LIGHT~AUTO~TIMERAFTERLASTACTION~TIMER~IN
	RL1448	  >>>> BATHROOM2LIGHT~AUTO~TIMERAFTERLASTACTION~TIMER~PT
	R1452.0	  >>>> BATHROOM2LIGHT~AUTO~TIMERAFTERLASTACTION~TIMER~Q
	RL1453	  >>>> BATHROOM2LIGHT~AUTO~TIMERAFTERLASTACTION~TIMER~ET
	R1457.0	  >>>>> BATHROOM2LIGHT~AUTO~TIMERAFTERLASTACTION~TIMER~IN_R_EDGE~CLK
	R1457.1	  >>>>> BATHROOM2LIGHT~AUTO~TIMERAFTERLASTACTION~TIMER~IN_R_EDGE~Q
	R1457.2	  >>>>> BATHROOM2LIGHT~AUTO~TIMERAFTERLASTACTION~TIMER~IN_R_EDGE~M
	RL1458	  >>>> BATHROOM2LIGHT~AUTO~TIMERAFTERLASTACTION~TIMER~LT
	R1462.0	  >>> BATHROOM2LIGHT~AUTO~TIMERAFTERLASTACTION~__EDGE_R__START
	R1462.1	  >>> BATHROOM2LIGHT~AUTO~TIMERAFTERLASTACTION~__EDGE_R__RESET
	R1463.0	  >>> BATHROOM2LIGHT~AUTO~DOORSENSRISE~CLK
	R1463.1	  >>> BATHROOM2LIGHT~AUTO~DOORSENSRISE~Q
	R1463.2	  >>> BATHROOM2LIGHT~AUTO~DOORSENSRISE~M
	R1464.0	  >>> BATHROOM2LIGHT~AUTO~DOORSENSFALL~CLK
	R1464.1	  >>> BATHROOM2LIGHT~AUTO~DOORSENSFALL~Q
	R1464.2	  >>> BATHROOM2LIGHT~AUTO~DOORSENSFALL~M
	R1465.0	  >> BATHROOM2LIGHT~AUTO~DOORCLOSED
	R1465.1	  >> BATHROOM2LIGHT~AUTO~DOOROPENED
	R1466.0	  >>> BATHROOM2LIGHT~AUTO~MOTIONSENSRISE~CLK
	R1466.1	  >>> BATHROOM2LIGHT~AUTO~MOTIONSENSRISE~Q
	R1466.2	  >>> BATHROOM2LIGHT~AUTO~MOTIONSENSRISE~M
	R1467.0	  >>> BATHROOM2LIGHT~AUTO~MOTIONSENSFALL~CLK
	R1467.1	  >>> BATHROOM2LIGHT~AUTO~MOTIONSENSFALL~Q
	R1467.2	  >>> BATHROOM2LIGHT~AUTO~MOTIONSENSFALL~M
	R1468.0	  >> BATHROOM2LIGHT~AUTO~MOTIONDETECTED
	R1468.1	  >> BATHROOM2LIGHT~AUTO~MOTIONEND
	R1469.0	  >>> BATHROOM2LIGHT~AUTO~NIGHTMODEOFF~CLK
	R1469.1	  >>> BATHROOM2LIGHT~AUTO~NIGHTMODEOFF~Q
	R1469.2	  >>> BATHROOM2LIGHT~AUTO~NIGHTMODEOFF~M
	R1470.0	  > BATHROOM2LIGHT~INIT
R 1471   :1715   =PRGLIVINGROOMLIGHT LIVINGROOMLIGHT	; 
	R1471.0	  >> LIVINGROOMLIGHT~LAMP1~BTN
	RF1472	  >> LIVINGROOMLIGHT~LAMP1~MINVALUE
	RF1476	  >> LIVINGROOMLIGHT~LAMP1~MAXVALUE
	RF1480	  >> LIVINGROOMLIGHT~LAMP1~DIMMSPEED
	RF1484	  >> LIVINGROOMLIGHT~LAMP1~SETVALUE
	R1488.0	  >> LIVINGROOMLIGHT~LAMP1~SETSTATE
	RL1489	  >> LIVINGROOMLIGHT~LAMP1~SLIDER
	RL1493	  >> LIVINGROOMLIGHT~LAMP1~TRIGBUTTON
	RF1497	  >> LIVINGROOMLIGHT~LAMP1~VALUE
	R1501.0	  >> LIVINGROOMLIGHT~LAMP1~VALUECHANGED
	R1501.1	  >> LIVINGROOMLIGHT~LAMP1~STATE
	R1501.2	  >> LIVINGROOMLIGHT~LAMP1~STATECHANGED
	RF1502	  >> LIVINGROOMLIGHT~LAMP1~DIRECTION
	RF1506	  >> LIVINGROOMLIGHT~LAMP1~USERVALUE
	R1510.0	  >> LIVINGROOMLIGHT~LAMP1~DIMMING
	R1511.0	  >>> LIVINGROOMLIGHT~LAMP1~TIMER~IN
	RL1512	  >>> LIVINGROOMLIGHT~LAMP1~TIMER~PT
	R1516.0	  >>> LIVINGROOMLIGHT~LAMP1~TIMER~Q
	RL1517	  >>> LIVINGROOMLIGHT~LAMP1~TIMER~ET
	R1521.0	  >>>> LIVINGROOMLIGHT~LAMP1~TIMER~IN_R_EDGE~CLK
	R1521.1	  >>>> LIVINGROOMLIGHT~LAMP1~TIMER~IN_R_EDGE~Q
	R1521.2	  >>>> LIVINGROOMLIGHT~LAMP1~TIMER~IN_R_EDGE~M
	RL1522	  >>> LIVINGROOMLIGHT~LAMP1~TIMER~LT
	RL1526	  >> LIVINGROOMLIGHT~LAMP1~CYCLETIME
	RL1530	  >> LIVINGROOMLIGHT~LAMP1~PREVTIME
	RF1534	  >> LIVINGROOMLIGHT~LAMP1~STEP
	R1538.0	  >> LIVINGROOMLIGHT~LAMP1~INIT
	RF1539	  >> LIVINGROOMLIGHT~LAMP1~PREVVALUE
	RF1543	  >> LIVINGROOMLIGHT~LAMP1~PREVSETVALUE
	RF1547	  >> LIVINGROOMLIGHT~LAMP1~PREVSLIDER
	RL1551	  >>> LIVINGROOMLIGHT~LAMP1~BUTTONPROCESSOR~BTN
	RL1555	  >>> LIVINGROOMLIGHT~LAMP1~BUTTONPROCESSOR~LONGPRESSTIME
	R1559.0	  >>> LIVINGROOMLIGHT~LAMP1~BUTTONPROCESSOR~LONGPRESS
	R1559.1	  >>> LIVINGROOMLIGHT~LAMP1~BUTTONPROCESSOR~SHORTPRESS
	R1559.2	  >>> LIVINGROOMLIGHT~LAMP1~BUTTONPROCESSOR~BTNPRESSED
	R1559.3	  >>> LIVINGROOMLIGHT~LAMP1~BUTTONPROCESSOR~BTNRELEASED
	R1559.4	  >>> LIVINGROOMLIGHT~LAMP1~BUTTONPROCESSOR~BTNSTATE
	R1559.5	  >>> LIVINGROOMLIGHT~LAMP1~BUTTONPROCESSOR~LONGPRESSANDHOLD
	R1559.6	  >>> LIVINGROOMLIGHT~LAMP1~BUTTONPROCESSOR~BTNPREVSTATE
	R1560.0	  >>>> LIVINGROOMLIGHT~LAMP1~BUTTONPROCESSOR~TIMER~START
	R1560.1	  >>>> LIVINGROOMLIGHT~LAMP1~BUTTONPROCESSOR~TIMER~RESET
	RL1561	  >>>> LIVINGROOMLIGHT~LAMP1~BUTTONPROCESSOR~TIMER~TIMETOCOUNT
	R1565.0	  >>>> LIVINGROOMLIGHT~LAMP1~BUTTONPROCESSOR~TIMER~ISRUN
	R1565.1	  >>>> LIVINGROOMLIGHT~LAMP1~BUTTONPROCESSOR~TIMER~ISDONE
	RL1566	  >>>> LIVINGROOMLIGHT~LAMP1~BUTTONPROCESSOR~TIMER~CURRENTTIME
	R1570.0	  >>>>> LIVINGROOMLIGHT~LAMP1~BUTTONPROCESSOR~TIMER~TIMER~IN
	RL1571	  >>>>> LIVINGROOMLIGHT~LAMP1~BUTTONPROCESSOR~TIMER~TIMER~PT
	R1575.0	  >>>>> LIVINGROOMLIGHT~LAMP1~BUTTONPROCESSOR~TIMER~TIMER~Q
	RL1576	  >>>>> LIVINGROOMLIGHT~LAMP1~BUTTONPROCESSOR~TIMER~TIMER~ET
	R1580.0	  >>>>>> LIVINGROOMLIGHT~LAMP1~BUTTONPROCESSOR~TIMER~TIMER~IN_R_EDGE~CLK
	R1580.1	  >>>>>> LIVINGROOMLIGHT~LAMP1~BUTTONPROCESSOR~TIMER~TIMER~IN_R_EDGE~Q
	R1580.2	  >>>>>> LIVINGROOMLIGHT~LAMP1~BUTTONPROCESSOR~TIMER~TIMER~IN_R_EDGE~M
	RL1581	  >>>>> LIVINGROOMLIGHT~LAMP1~BUTTONPROCESSOR~TIMER~TIMER~LT
	R1585.0	  >>>> LIVINGROOMLIGHT~LAMP1~BUTTONPROCESSOR~TIMER~__EDGE_R__START
	R1585.1	  >>>> LIVINGROOMLIGHT~LAMP1~BUTTONPROCESSOR~TIMER~__EDGE_R__RESET
	R1586.0	  >>> LIVINGROOMLIGHT~AUTO~SENSOR_DOOR~STATE
	R1587	  >>> LIVINGROOMLIGHT~AUTO~SENSOR_DOOR~MODE
	R1588.0	  >>> LIVINGROOMLIGHT~AUTO~SENSOR_MOTION~STATE
	R1589	  >>> LIVINGROOMLIGHT~AUTO~SENSOR_MOTION~MODE
	R1590.0	  >> LIVINGROOMLIGHT~AUTO~AUTOMODE
	R1590.1	  >> LIVINGROOMLIGHT~AUTO~NIGHTMODE
	R1590.2	  >> LIVINGROOMLIGHT~AUTO~FORGETMODE
	R1590.3	  >> LIVINGROOMLIGHT~AUTO~ANYLIGHTON
	R1590.4	  >> LIVINGROOMLIGHT~AUTO~ANYLIGHTCHANGED
	RL1591	  >> LIVINGROOMLIGHT~AUTO~TIMEAFTERDOOROPENCLOSE
	RL1595	  >> LIVINGROOMLIGHT~AUTO~TIMEAFTERMOTIONDETECT
	RL1599	  >> LIVINGROOMLIGHT~AUTO~TIMEAFTERLASTACTION
	R1603.0	  >> LIVINGROOMLIGHT~AUTO~SETSTATE
	R1603.1	  >> LIVINGROOMLIGHT~AUTO~PERSONLEFT
	R1603.2	  >> LIVINGROOMLIGHT~AUTO~FORGET
	R1603.3	  >> LIVINGROOMLIGHT~AUTO~STATECHANGED
	R1603.4	  >> LIVINGROOMLIGHT~AUTO~STATE
	R1604.0	  >>> LIVINGROOMLIGHT~AUTO~TIMERAFTERDOOROPENED~START
	R1604.1	  >>> LIVINGROOMLIGHT~AUTO~TIMERAFTERDOOROPENED~RESET
	RL1605	  >>> LIVINGROOMLIGHT~AUTO~TIMERAFTERDOOROPENED~TIMETOCOUNT
	R1609.0	  >>> LIVINGROOMLIGHT~AUTO~TIMERAFTERDOOROPENED~ISRUN
	R1609.1	  >>> LIVINGROOMLIGHT~AUTO~TIMERAFTERDOOROPENED~ISDONE
	RL1610	  >>> LIVINGROOMLIGHT~AUTO~TIMERAFTERDOOROPENED~CURRENTTIME
	R1614.0	  >>>> LIVINGROOMLIGHT~AUTO~TIMERAFTERDOOROPENED~TIMER~IN
	RL1615	  >>>> LIVINGROOMLIGHT~AUTO~TIMERAFTERDOOROPENED~TIMER~PT
	R1619.0	  >>>> LIVINGROOMLIGHT~AUTO~TIMERAFTERDOOROPENED~TIMER~Q
	RL1620	  >>>> LIVINGROOMLIGHT~AUTO~TIMERAFTERDOOROPENED~TIMER~ET
	R1624.0	  >>>>> LIVINGROOMLIGHT~AUTO~TIMERAFTERDOOROPENED~TIMER~IN_R_EDGE~CLK
	R1624.1	  >>>>> LIVINGROOMLIGHT~AUTO~TIMERAFTERDOOROPENED~TIMER~IN_R_EDGE~Q
	R1624.2	  >>>>> LIVINGROOMLIGHT~AUTO~TIMERAFTERDOOROPENED~TIMER~IN_R_EDGE~M
	RL1625	  >>>> LIVINGROOMLIGHT~AUTO~TIMERAFTERDOOROPENED~TIMER~LT
	R1629.0	  >>> LIVINGROOMLIGHT~AUTO~TIMERAFTERDOOROPENED~__EDGE_R__START
	R1629.1	  >>> LIVINGROOMLIGHT~AUTO~TIMERAFTERDOOROPENED~__EDGE_R__RESET
	R1630.0	  >>> LIVINGROOMLIGHT~AUTO~TIMERAFTERDOORCLOSED~START
	R1630.1	  >>> LIVINGROOMLIGHT~AUTO~TIMERAFTERDOORCLOSED~RESET
	RL1631	  >>> LIVINGROOMLIGHT~AUTO~TIMERAFTERDOORCLOSED~TIMETOCOUNT
	R1635.0	  >>> LIVINGROOMLIGHT~AUTO~TIMERAFTERDOORCLOSED~ISRUN
	R1635.1	  >>> LIVINGROOMLIGHT~AUTO~TIMERAFTERDOORCLOSED~ISDONE
	RL1636	  >>> LIVINGROOMLIGHT~AUTO~TIMERAFTERDOORCLOSED~CURRENTTIME
	R1640.0	  >>>> LIVINGROOMLIGHT~AUTO~TIMERAFTERDOORCLOSED~TIMER~IN
	RL1641	  >>>> LIVINGROOMLIGHT~AUTO~TIMERAFTERDOORCLOSED~TIMER~PT
	R1645.0	  >>>> LIVINGROOMLIGHT~AUTO~TIMERAFTERDOORCLOSED~TIMER~Q
	RL1646	  >>>> LIVINGROOMLIGHT~AUTO~TIMERAFTERDOORCLOSED~TIMER~ET
	R1650.0	  >>>>> LIVINGROOMLIGHT~AUTO~TIMERAFTERDOORCLOSED~TIMER~IN_R_EDGE~CLK
	R1650.1	  >>>>> LIVINGROOMLIGHT~AUTO~TIMERAFTERDOORCLOSED~TIMER~IN_R_EDGE~Q
	R1650.2	  >>>>> LIVINGROOMLIGHT~AUTO~TIMERAFTERDOORCLOSED~TIMER~IN_R_EDGE~M
	RL1651	  >>>> LIVINGROOMLIGHT~AUTO~TIMERAFTERDOORCLOSED~TIMER~LT
	R1655.0	  >>> LIVINGROOMLIGHT~AUTO~TIMERAFTERDOORCLOSED~__EDGE_R__START
	R1655.1	  >>> LIVINGROOMLIGHT~AUTO~TIMERAFTERDOORCLOSED~__EDGE_R__RESET
	R1656.0	  >>> LIVINGROOMLIGHT~AUTO~TIMERAFTERMOTIONDETECTED~START
	R1656.1	  >>> LIVINGROOMLIGHT~AUTO~TIMERAFTERMOTIONDETECTED~RESET
	RL1657	  >>> LIVINGROOMLIGHT~AUTO~TIMERAFTERMOTIONDETECTED~TIMETOCOUNT
	R1661.0	  >>> LIVINGROOMLIGHT~AUTO~TIMERAFTERMOTIONDETECTED~ISRUN
	R1661.1	  >>> LIVINGROOMLIGHT~AUTO~TIMERAFTERMOTIONDETECTED~ISDONE
	RL1662	  >>> LIVINGROOMLIGHT~AUTO~TIMERAFTERMOTIONDETECTED~CURRENTTIME
	R1666.0	  >>>> LIVINGROOMLIGHT~AUTO~TIMERAFTERMOTIONDETECTED~TIMER~IN
	RL1667	  >>>> LIVINGROOMLIGHT~AUTO~TIMERAFTERMOTIONDETECTED~TIMER~PT
	R1671.0	  >>>> LIVINGROOMLIGHT~AUTO~TIMERAFTERMOTIONDETECTED~TIMER~Q
	RL1672	  >>>> LIVINGROOMLIGHT~AUTO~TIMERAFTERMOTIONDETECTED~TIMER~ET
	R1676.0	  >>>>> LIVINGROOMLIGHT~AUTO~TIMERAFTERMOTIONDETECTED~TIMER~IN_R_EDGE~CLK
	R1676.1	  >>>>> LIVINGROOMLIGHT~AUTO~TIMERAFTERMOTIONDETECTED~TIMER~IN_R_EDGE~Q
	R1676.2	  >>>>> LIVINGROOMLIGHT~AUTO~TIMERAFTERMOTIONDETECTED~TIMER~IN_R_EDGE~M
	RL1677	  >>>> LIVINGROOMLIGHT~AUTO~TIMERAFTERMOTIONDETECTED~TIMER~LT
	R1681.0	  >>> LIVINGROOMLIGHT~AUTO~TIMERAFTERMOTIONDETECTED~__EDGE_R__START
	R1681.1	  >>> LIVINGROOMLIGHT~AUTO~TIMERAFTERMOTIONDETECTED~__EDGE_R__RESET
	R1682.0	  >>> LIVINGROOMLIGHT~AUTO~TIMERAFTERLASTACTION~START
	R1682.1	  >>> LIVINGROOMLIGHT~AUTO~TIMERAFTERLASTACTION~RESET
	RL1683	  >>> LIVINGROOMLIGHT~AUTO~TIMERAFTERLASTACTION~TIMETOCOUNT
	R1687.0	  >>> LIVINGROOMLIGHT~AUTO~TIMERAFTERLASTACTION~ISRUN
	R1687.1	  >>> LIVINGROOMLIGHT~AUTO~TIMERAFTERLASTACTION~ISDONE
	RL1688	  >>> LIVINGROOMLIGHT~AUTO~TIMERAFTERLASTACTION~CURRENTTIME
	R1692.0	  >>>> LIVINGROOMLIGHT~AUTO~TIMERAFTERLASTACTION~TIMER~IN
	RL1693	  >>>> LIVINGROOMLIGHT~AUTO~TIMERAFTERLASTACTION~TIMER~PT
	R1697.0	  >>>> LIVINGROOMLIGHT~AUTO~TIMERAFTERLASTACTION~TIMER~Q
	RL1698	  >>>> LIVINGROOMLIGHT~AUTO~TIMERAFTERLASTACTION~TIMER~ET
	R1702.0	  >>>>> LIVINGROOMLIGHT~AUTO~TIMERAFTERLASTACTION~TIMER~IN_R_EDGE~CLK
	R1702.1	  >>>>> LIVINGROOMLIGHT~AUTO~TIMERAFTERLASTACTION~TIMER~IN_R_EDGE~Q
	R1702.2	  >>>>> LIVINGROOMLIGHT~AUTO~TIMERAFTERLASTACTION~TIMER~IN_R_EDGE~M
	RL1703	  >>>> LIVINGROOMLIGHT~AUTO~TIMERAFTERLASTACTION~TIMER~LT
	R1707.0	  >>> LIVINGROOMLIGHT~AUTO~TIMERAFTERLASTACTION~__EDGE_R__START
	R1707.1	  >>> LIVINGROOMLIGHT~AUTO~TIMERAFTERLASTACTION~__EDGE_R__RESET
	R1708.0	  >>> LIVINGROOMLIGHT~AUTO~DOORSENSRISE~CLK
	R1708.1	  >>> LIVINGROOMLIGHT~AUTO~DOORSENSRISE~Q
	R1708.2	  >>> LIVINGROOMLIGHT~AUTO~DOORSENSRISE~M
	R1709.0	  >>> LIVINGROOMLIGHT~AUTO~DOORSENSFALL~CLK
	R1709.1	  >>> LIVINGROOMLIGHT~AUTO~DOORSENSFALL~Q
	R1709.2	  >>> LIVINGROOMLIGHT~AUTO~DOORSENSFALL~M
	R1710.0	  >> LIVINGROOMLIGHT~AUTO~DOORCLOSED
	R1710.1	  >> LIVINGROOMLIGHT~AUTO~DOOROPENED
	R1711.0	  >>> LIVINGROOMLIGHT~AUTO~MOTIONSENSRISE~CLK
	R1711.1	  >>> LIVINGROOMLIGHT~AUTO~MOTIONSENSRISE~Q
	R1711.2	  >>> LIVINGROOMLIGHT~AUTO~MOTIONSENSRISE~M
	R1712.0	  >>> LIVINGROOMLIGHT~AUTO~MOTIONSENSFALL~CLK
	R1712.1	  >>> LIVINGROOMLIGHT~AUTO~MOTIONSENSFALL~Q
	R1712.2	  >>> LIVINGROOMLIGHT~AUTO~MOTIONSENSFALL~M
	R1713.0	  >> LIVINGROOMLIGHT~AUTO~MOTIONDETECTED
	R1713.1	  >> LIVINGROOMLIGHT~AUTO~MOTIONEND
	R1714.0	  >>> LIVINGROOMLIGHT~AUTO~NIGHTMODEOFF~CLK
	R1714.1	  >>> LIVINGROOMLIGHT~AUTO~NIGHTMODEOFF~Q
	R1714.2	  >>> LIVINGROOMLIGHT~AUTO~NIGHTMODEOFF~M
	R1715.0	  > LIVINGROOMLIGHT~INIT
R 1716   :1853   =PRGBEDROOM1LIGHT BEDROOM1LIGHT	; 
	RL1716	  >> BEDROOM1LIGHT~LAMP1~TRIGBUTTON
	R1720.0	  >> BEDROOM1LIGHT~LAMP1~SETSTATE
	R1721.0	  >>> BEDROOM1LIGHT~LAMP1~TRIGBUTTONOFF~CLK
	R1721.1	  >>> BEDROOM1LIGHT~LAMP1~TRIGBUTTONOFF~Q
	R1721.2	  >>> BEDROOM1LIGHT~LAMP1~TRIGBUTTONOFF~M
	R1722.0	  >>> BEDROOM1LIGHT~LAMP1~TRIGBUTTONON~CLK
	R1722.1	  >>> BEDROOM1LIGHT~LAMP1~TRIGBUTTONON~Q
	R1722.2	  >>> BEDROOM1LIGHT~LAMP1~TRIGBUTTONON~M
	R1723.0	  >> BEDROOM1LIGHT~LAMP1~STATECHANGED
	R1723.1	  >> BEDROOM1LIGHT~LAMP1~STATE
	R1724.0	  >>> BEDROOM1LIGHT~AUTO~SENSOR_DOOR~STATE
	R1725	  >>> BEDROOM1LIGHT~AUTO~SENSOR_DOOR~MODE
	R1726.0	  >>> BEDROOM1LIGHT~AUTO~SENSOR_MOTION~STATE
	R1727	  >>> BEDROOM1LIGHT~AUTO~SENSOR_MOTION~MODE
	R1728.0	  >> BEDROOM1LIGHT~AUTO~AUTOMODE
	R1728.1	  >> BEDROOM1LIGHT~AUTO~NIGHTMODE
	R1728.2	  >> BEDROOM1LIGHT~AUTO~FORGETMODE
	R1728.3	  >> BEDROOM1LIGHT~AUTO~ANYLIGHTON
	R1728.4	  >> BEDROOM1LIGHT~AUTO~ANYLIGHTCHANGED
	RL1729	  >> BEDROOM1LIGHT~AUTO~TIMEAFTERDOOROPENCLOSE
	RL1733	  >> BEDROOM1LIGHT~AUTO~TIMEAFTERMOTIONDETECT
	RL1737	  >> BEDROOM1LIGHT~AUTO~TIMEAFTERLASTACTION
	R1741.0	  >> BEDROOM1LIGHT~AUTO~SETSTATE
	R1741.1	  >> BEDROOM1LIGHT~AUTO~PERSONLEFT
	R1741.2	  >> BEDROOM1LIGHT~AUTO~FORGET
	R1741.3	  >> BEDROOM1LIGHT~AUTO~STATECHANGED
	R1741.4	  >> BEDROOM1LIGHT~AUTO~STATE
	R1742.0	  >>> BEDROOM1LIGHT~AUTO~TIMERAFTERDOOROPENED~START
	R1742.1	  >>> BEDROOM1LIGHT~AUTO~TIMERAFTERDOOROPENED~RESET
	RL1743	  >>> BEDROOM1LIGHT~AUTO~TIMERAFTERDOOROPENED~TIMETOCOUNT
	R1747.0	  >>> BEDROOM1LIGHT~AUTO~TIMERAFTERDOOROPENED~ISRUN
	R1747.1	  >>> BEDROOM1LIGHT~AUTO~TIMERAFTERDOOROPENED~ISDONE
	RL1748	  >>> BEDROOM1LIGHT~AUTO~TIMERAFTERDOOROPENED~CURRENTTIME
	R1752.0	  >>>> BEDROOM1LIGHT~AUTO~TIMERAFTERDOOROPENED~TIMER~IN
	RL1753	  >>>> BEDROOM1LIGHT~AUTO~TIMERAFTERDOOROPENED~TIMER~PT
	R1757.0	  >>>> BEDROOM1LIGHT~AUTO~TIMERAFTERDOOROPENED~TIMER~Q
	RL1758	  >>>> BEDROOM1LIGHT~AUTO~TIMERAFTERDOOROPENED~TIMER~ET
	R1762.0	  >>>>> BEDROOM1LIGHT~AUTO~TIMERAFTERDOOROPENED~TIMER~IN_R_EDGE~CLK
	R1762.1	  >>>>> BEDROOM1LIGHT~AUTO~TIMERAFTERDOOROPENED~TIMER~IN_R_EDGE~Q
	R1762.2	  >>>>> BEDROOM1LIGHT~AUTO~TIMERAFTERDOOROPENED~TIMER~IN_R_EDGE~M
	RL1763	  >>>> BEDROOM1LIGHT~AUTO~TIMERAFTERDOOROPENED~TIMER~LT
	R1767.0	  >>> BEDROOM1LIGHT~AUTO~TIMERAFTERDOOROPENED~__EDGE_R__START
	R1767.1	  >>> BEDROOM1LIGHT~AUTO~TIMERAFTERDOOROPENED~__EDGE_R__RESET
	R1768.0	  >>> BEDROOM1LIGHT~AUTO~TIMERAFTERDOORCLOSED~START
	R1768.1	  >>> BEDROOM1LIGHT~AUTO~TIMERAFTERDOORCLOSED~RESET
	RL1769	  >>> BEDROOM1LIGHT~AUTO~TIMERAFTERDOORCLOSED~TIMETOCOUNT
	R1773.0	  >>> BEDROOM1LIGHT~AUTO~TIMERAFTERDOORCLOSED~ISRUN
	R1773.1	  >>> BEDROOM1LIGHT~AUTO~TIMERAFTERDOORCLOSED~ISDONE
	RL1774	  >>> BEDROOM1LIGHT~AUTO~TIMERAFTERDOORCLOSED~CURRENTTIME
	R1778.0	  >>>> BEDROOM1LIGHT~AUTO~TIMERAFTERDOORCLOSED~TIMER~IN
	RL1779	  >>>> BEDROOM1LIGHT~AUTO~TIMERAFTERDOORCLOSED~TIMER~PT
	R1783.0	  >>>> BEDROOM1LIGHT~AUTO~TIMERAFTERDOORCLOSED~TIMER~Q
	RL1784	  >>>> BEDROOM1LIGHT~AUTO~TIMERAFTERDOORCLOSED~TIMER~ET
	R1788.0	  >>>>> BEDROOM1LIGHT~AUTO~TIMERAFTERDOORCLOSED~TIMER~IN_R_EDGE~CLK
	R1788.1	  >>>>> BEDROOM1LIGHT~AUTO~TIMERAFTERDOORCLOSED~TIMER~IN_R_EDGE~Q
	R1788.2	  >>>>> BEDROOM1LIGHT~AUTO~TIMERAFTERDOORCLOSED~TIMER~IN_R_EDGE~M
	RL1789	  >>>> BEDROOM1LIGHT~AUTO~TIMERAFTERDOORCLOSED~TIMER~LT
	R1793.0	  >>> BEDROOM1LIGHT~AUTO~TIMERAFTERDOORCLOSED~__EDGE_R__START
	R1793.1	  >>> BEDROOM1LIGHT~AUTO~TIMERAFTERDOORCLOSED~__EDGE_R__RESET
	R1794.0	  >>> BEDROOM1LIGHT~AUTO~TIMERAFTERMOTIONDETECTED~START
	R1794.1	  >>> BEDROOM1LIGHT~AUTO~TIMERAFTERMOTIONDETECTED~RESET
	RL1795	  >>> BEDROOM1LIGHT~AUTO~TIMERAFTERMOTIONDETECTED~TIMETOCOUNT
	R1799.0	  >>> BEDROOM1LIGHT~AUTO~TIMERAFTERMOTIONDETECTED~ISRUN
	R1799.1	  >>> BEDROOM1LIGHT~AUTO~TIMERAFTERMOTIONDETECTED~ISDONE
	RL1800	  >>> BEDROOM1LIGHT~AUTO~TIMERAFTERMOTIONDETECTED~CURRENTTIME
	R1804.0	  >>>> BEDROOM1LIGHT~AUTO~TIMERAFTERMOTIONDETECTED~TIMER~IN
	RL1805	  >>>> BEDROOM1LIGHT~AUTO~TIMERAFTERMOTIONDETECTED~TIMER~PT
	R1809.0	  >>>> BEDROOM1LIGHT~AUTO~TIMERAFTERMOTIONDETECTED~TIMER~Q
	RL1810	  >>>> BEDROOM1LIGHT~AUTO~TIMERAFTERMOTIONDETECTED~TIMER~ET
	R1814.0	  >>>>> BEDROOM1LIGHT~AUTO~TIMERAFTERMOTIONDETECTED~TIMER~IN_R_EDGE~CLK
	R1814.1	  >>>>> BEDROOM1LIGHT~AUTO~TIMERAFTERMOTIONDETECTED~TIMER~IN_R_EDGE~Q
	R1814.2	  >>>>> BEDROOM1LIGHT~AUTO~TIMERAFTERMOTIONDETECTED~TIMER~IN_R_EDGE~M
	RL1815	  >>>> BEDROOM1LIGHT~AUTO~TIMERAFTERMOTIONDETECTED~TIMER~LT
	R1819.0	  >>> BEDROOM1LIGHT~AUTO~TIMERAFTERMOTIONDETECTED~__EDGE_R__START
	R1819.1	  >>> BEDROOM1LIGHT~AUTO~TIMERAFTERMOTIONDETECTED~__EDGE_R__RESET
	R1820.0	  >>> BEDROOM1LIGHT~AUTO~TIMERAFTERLASTACTION~START
	R1820.1	  >>> BEDROOM1LIGHT~AUTO~TIMERAFTERLASTACTION~RESET
	RL1821	  >>> BEDROOM1LIGHT~AUTO~TIMERAFTERLASTACTION~TIMETOCOUNT
	R1825.0	  >>> BEDROOM1LIGHT~AUTO~TIMERAFTERLASTACTION~ISRUN
	R1825.1	  >>> BEDROOM1LIGHT~AUTO~TIMERAFTERLASTACTION~ISDONE
	RL1826	  >>> BEDROOM1LIGHT~AUTO~TIMERAFTERLASTACTION~CURRENTTIME
	R1830.0	  >>>> BEDROOM1LIGHT~AUTO~TIMERAFTERLASTACTION~TIMER~IN
	RL1831	  >>>> BEDROOM1LIGHT~AUTO~TIMERAFTERLASTACTION~TIMER~PT
	R1835.0	  >>>> BEDROOM1LIGHT~AUTO~TIMERAFTERLASTACTION~TIMER~Q
	RL1836	  >>>> BEDROOM1LIGHT~AUTO~TIMERAFTERLASTACTION~TIMER~ET
	R1840.0	  >>>>> BEDROOM1LIGHT~AUTO~TIMERAFTERLASTACTION~TIMER~IN_R_EDGE~CLK
	R1840.1	  >>>>> BEDROOM1LIGHT~AUTO~TIMERAFTERLASTACTION~TIMER~IN_R_EDGE~Q
	R1840.2	  >>>>> BEDROOM1LIGHT~AUTO~TIMERAFTERLASTACTION~TIMER~IN_R_EDGE~M
	RL1841	  >>>> BEDROOM1LIGHT~AUTO~TIMERAFTERLASTACTION~TIMER~LT
	R1845.0	  >>> BEDROOM1LIGHT~AUTO~TIMERAFTERLASTACTION~__EDGE_R__START
	R1845.1	  >>> BEDROOM1LIGHT~AUTO~TIMERAFTERLASTACTION~__EDGE_R__RESET
	R1846.0	  >>> BEDROOM1LIGHT~AUTO~DOORSENSRISE~CLK
	R1846.1	  >>> BEDROOM1LIGHT~AUTO~DOORSENSRISE~Q
	R1846.2	  >>> BEDROOM1LIGHT~AUTO~DOORSENSRISE~M
	R1847.0	  >>> BEDROOM1LIGHT~AUTO~DOORSENSFALL~CLK
	R1847.1	  >>> BEDROOM1LIGHT~AUTO~DOORSENSFALL~Q
	R1847.2	  >>> BEDROOM1LIGHT~AUTO~DOORSENSFALL~M
	R1848.0	  >> BEDROOM1LIGHT~AUTO~DOORCLOSED
	R1848.1	  >> BEDROOM1LIGHT~AUTO~DOOROPENED
	R1849.0	  >>> BEDROOM1LIGHT~AUTO~MOTIONSENSRISE~CLK
	R1849.1	  >>> BEDROOM1LIGHT~AUTO~MOTIONSENSRISE~Q
	R1849.2	  >>> BEDROOM1LIGHT~AUTO~MOTIONSENSRISE~M
	R1850.0	  >>> BEDROOM1LIGHT~AUTO~MOTIONSENSFALL~CLK
	R1850.1	  >>> BEDROOM1LIGHT~AUTO~MOTIONSENSFALL~Q
	R1850.2	  >>> BEDROOM1LIGHT~AUTO~MOTIONSENSFALL~M
	R1851.0	  >> BEDROOM1LIGHT~AUTO~MOTIONDETECTED
	R1851.1	  >> BEDROOM1LIGHT~AUTO~MOTIONEND
	R1852.0	  >>> BEDROOM1LIGHT~AUTO~NIGHTMODEOFF~CLK
	R1852.1	  >>> BEDROOM1LIGHT~AUTO~NIGHTMODEOFF~Q
	R1852.2	  >>> BEDROOM1LIGHT~AUTO~NIGHTMODEOFF~M
	R1853.0	  > BEDROOM1LIGHT~INIT
R 1854   :2026   =PRGWARDROBELIGHT WARDROBELIGHT	; 
	RL1854	  >> WARDROBELIGHT~LAMP1~TRIGBUTTON
	R1858.0	  >> WARDROBELIGHT~LAMP1~SETSTATE
	R1859.0	  >>> WARDROBELIGHT~LAMP1~TRIGBUTTONOFF~CLK
	R1859.1	  >>> WARDROBELIGHT~LAMP1~TRIGBUTTONOFF~Q
	R1859.2	  >>> WARDROBELIGHT~LAMP1~TRIGBUTTONOFF~M
	R1860.0	  >>> WARDROBELIGHT~LAMP1~TRIGBUTTONON~CLK
	R1860.1	  >>> WARDROBELIGHT~LAMP1~TRIGBUTTONON~Q
	R1860.2	  >>> WARDROBELIGHT~LAMP1~TRIGBUTTONON~M
	R1861.0	  >> WARDROBELIGHT~LAMP1~STATECHANGED
	R1861.1	  >> WARDROBELIGHT~LAMP1~STATE
	RL1862	  >> WARDROBELIGHT~BUTTON~BTN
	RL1866	  >> WARDROBELIGHT~BUTTON~LONGPRESSTIME
	R1870.0	  >> WARDROBELIGHT~BUTTON~LONGPRESS
	R1870.1	  >> WARDROBELIGHT~BUTTON~SHORTPRESS
	R1870.2	  >> WARDROBELIGHT~BUTTON~BTNPRESSED
	R1870.3	  >> WARDROBELIGHT~BUTTON~BTNRELEASED
	R1870.4	  >> WARDROBELIGHT~BUTTON~BTNSTATE
	R1870.5	  >> WARDROBELIGHT~BUTTON~LONGPRESSANDHOLD
	R1870.6	  >> WARDROBELIGHT~BUTTON~BTNPREVSTATE
	R1871.0	  >>> WARDROBELIGHT~BUTTON~TIMER~START
	R1871.1	  >>> WARDROBELIGHT~BUTTON~TIMER~RESET
	RL1872	  >>> WARDROBELIGHT~BUTTON~TIMER~TIMETOCOUNT
	R1876.0	  >>> WARDROBELIGHT~BUTTON~TIMER~ISRUN
	R1876.1	  >>> WARDROBELIGHT~BUTTON~TIMER~ISDONE
	RL1877	  >>> WARDROBELIGHT~BUTTON~TIMER~CURRENTTIME
	R1881.0	  >>>> WARDROBELIGHT~BUTTON~TIMER~TIMER~IN
	RL1882	  >>>> WARDROBELIGHT~BUTTON~TIMER~TIMER~PT
	R1886.0	  >>>> WARDROBELIGHT~BUTTON~TIMER~TIMER~Q
	RL1887	  >>>> WARDROBELIGHT~BUTTON~TIMER~TIMER~ET
	R1891.0	  >>>>> WARDROBELIGHT~BUTTON~TIMER~TIMER~IN_R_EDGE~CLK
	R1891.1	  >>>>> WARDROBELIGHT~BUTTON~TIMER~TIMER~IN_R_EDGE~Q
	R1891.2	  >>>>> WARDROBELIGHT~BUTTON~TIMER~TIMER~IN_R_EDGE~M
	RL1892	  >>>> WARDROBELIGHT~BUTTON~TIMER~TIMER~LT
	R1896.0	  >>> WARDROBELIGHT~BUTTON~TIMER~__EDGE_R__START
	R1896.1	  >>> WARDROBELIGHT~BUTTON~TIMER~__EDGE_R__RESET
	R1897.0	  >>> WARDROBELIGHT~AUTO~SENSOR_DOOR~STATE
	R1898	  >>> WARDROBELIGHT~AUTO~SENSOR_DOOR~MODE
	R1899.0	  >>> WARDROBELIGHT~AUTO~SENSOR_MOTION~STATE
	R1900	  >>> WARDROBELIGHT~AUTO~SENSOR_MOTION~MODE
	R1901.0	  >> WARDROBELIGHT~AUTO~AUTOMODE
	R1901.1	  >> WARDROBELIGHT~AUTO~NIGHTMODE
	R1901.2	  >> WARDROBELIGHT~AUTO~FORGETMODE
	R1901.3	  >> WARDROBELIGHT~AUTO~ANYLIGHTON
	R1901.4	  >> WARDROBELIGHT~AUTO~ANYLIGHTCHANGED
	RL1902	  >> WARDROBELIGHT~AUTO~TIMEAFTERDOOROPENCLOSE
	RL1906	  >> WARDROBELIGHT~AUTO~TIMEAFTERMOTIONDETECT
	RL1910	  >> WARDROBELIGHT~AUTO~TIMEAFTERLASTACTION
	R1914.0	  >> WARDROBELIGHT~AUTO~SETSTATE
	R1914.1	  >> WARDROBELIGHT~AUTO~PERSONLEFT
	R1914.2	  >> WARDROBELIGHT~AUTO~FORGET
	R1914.3	  >> WARDROBELIGHT~AUTO~STATECHANGED
	R1914.4	  >> WARDROBELIGHT~AUTO~STATE
	R1915.0	  >>> WARDROBELIGHT~AUTO~TIMERAFTERDOOROPENED~START
	R1915.1	  >>> WARDROBELIGHT~AUTO~TIMERAFTERDOOROPENED~RESET
	RL1916	  >>> WARDROBELIGHT~AUTO~TIMERAFTERDOOROPENED~TIMETOCOUNT
	R1920.0	  >>> WARDROBELIGHT~AUTO~TIMERAFTERDOOROPENED~ISRUN
	R1920.1	  >>> WARDROBELIGHT~AUTO~TIMERAFTERDOOROPENED~ISDONE
	RL1921	  >>> WARDROBELIGHT~AUTO~TIMERAFTERDOOROPENED~CURRENTTIME
	R1925.0	  >>>> WARDROBELIGHT~AUTO~TIMERAFTERDOOROPENED~TIMER~IN
	RL1926	  >>>> WARDROBELIGHT~AUTO~TIMERAFTERDOOROPENED~TIMER~PT
	R1930.0	  >>>> WARDROBELIGHT~AUTO~TIMERAFTERDOOROPENED~TIMER~Q
	RL1931	  >>>> WARDROBELIGHT~AUTO~TIMERAFTERDOOROPENED~TIMER~ET
	R1935.0	  >>>>> WARDROBELIGHT~AUTO~TIMERAFTERDOOROPENED~TIMER~IN_R_EDGE~CLK
	R1935.1	  >>>>> WARDROBELIGHT~AUTO~TIMERAFTERDOOROPENED~TIMER~IN_R_EDGE~Q
	R1935.2	  >>>>> WARDROBELIGHT~AUTO~TIMERAFTERDOOROPENED~TIMER~IN_R_EDGE~M
	RL1936	  >>>> WARDROBELIGHT~AUTO~TIMERAFTERDOOROPENED~TIMER~LT
	R1940.0	  >>> WARDROBELIGHT~AUTO~TIMERAFTERDOOROPENED~__EDGE_R__START
	R1940.1	  >>> WARDROBELIGHT~AUTO~TIMERAFTERDOOROPENED~__EDGE_R__RESET
	R1941.0	  >>> WARDROBELIGHT~AUTO~TIMERAFTERDOORCLOSED~START
	R1941.1	  >>> WARDROBELIGHT~AUTO~TIMERAFTERDOORCLOSED~RESET
	RL1942	  >>> WARDROBELIGHT~AUTO~TIMERAFTERDOORCLOSED~TIMETOCOUNT
	R1946.0	  >>> WARDROBELIGHT~AUTO~TIMERAFTERDOORCLOSED~ISRUN
	R1946.1	  >>> WARDROBELIGHT~AUTO~TIMERAFTERDOORCLOSED~ISDONE
	RL1947	  >>> WARDROBELIGHT~AUTO~TIMERAFTERDOORCLOSED~CURRENTTIME
	R1951.0	  >>>> WARDROBELIGHT~AUTO~TIMERAFTERDOORCLOSED~TIMER~IN
	RL1952	  >>>> WARDROBELIGHT~AUTO~TIMERAFTERDOORCLOSED~TIMER~PT
	R1956.0	  >>>> WARDROBELIGHT~AUTO~TIMERAFTERDOORCLOSED~TIMER~Q
	RL1957	  >>>> WARDROBELIGHT~AUTO~TIMERAFTERDOORCLOSED~TIMER~ET
	R1961.0	  >>>>> WARDROBELIGHT~AUTO~TIMERAFTERDOORCLOSED~TIMER~IN_R_EDGE~CLK
	R1961.1	  >>>>> WARDROBELIGHT~AUTO~TIMERAFTERDOORCLOSED~TIMER~IN_R_EDGE~Q
	R1961.2	  >>>>> WARDROBELIGHT~AUTO~TIMERAFTERDOORCLOSED~TIMER~IN_R_EDGE~M
	RL1962	  >>>> WARDROBELIGHT~AUTO~TIMERAFTERDOORCLOSED~TIMER~LT
	R1966.0	  >>> WARDROBELIGHT~AUTO~TIMERAFTERDOORCLOSED~__EDGE_R__START
	R1966.1	  >>> WARDROBELIGHT~AUTO~TIMERAFTERDOORCLOSED~__EDGE_R__RESET
	R1967.0	  >>> WARDROBELIGHT~AUTO~TIMERAFTERMOTIONDETECTED~START
	R1967.1	  >>> WARDROBELIGHT~AUTO~TIMERAFTERMOTIONDETECTED~RESET
	RL1968	  >>> WARDROBELIGHT~AUTO~TIMERAFTERMOTIONDETECTED~TIMETOCOUNT
	R1972.0	  >>> WARDROBELIGHT~AUTO~TIMERAFTERMOTIONDETECTED~ISRUN
	R1972.1	  >>> WARDROBELIGHT~AUTO~TIMERAFTERMOTIONDETECTED~ISDONE
	RL1973	  >>> WARDROBELIGHT~AUTO~TIMERAFTERMOTIONDETECTED~CURRENTTIME
	R1977.0	  >>>> WARDROBELIGHT~AUTO~TIMERAFTERMOTIONDETECTED~TIMER~IN
	RL1978	  >>>> WARDROBELIGHT~AUTO~TIMERAFTERMOTIONDETECTED~TIMER~PT
	R1982.0	  >>>> WARDROBELIGHT~AUTO~TIMERAFTERMOTIONDETECTED~TIMER~Q
	RL1983	  >>>> WARDROBELIGHT~AUTO~TIMERAFTERMOTIONDETECTED~TIMER~ET
	R1987.0	  >>>>> WARDROBELIGHT~AUTO~TIMERAFTERMOTIONDETECTED~TIMER~IN_R_EDGE~CLK
	R1987.1	  >>>>> WARDROBELIGHT~AUTO~TIMERAFTERMOTIONDETECTED~TIMER~IN_R_EDGE~Q
	R1987.2	  >>>>> WARDROBELIGHT~AUTO~TIMERAFTERMOTIONDETECTED~TIMER~IN_R_EDGE~M
	RL1988	  >>>> WARDROBELIGHT~AUTO~TIMERAFTERMOTIONDETECTED~TIMER~LT
	R1992.0	  >>> WARDROBELIGHT~AUTO~TIMERAFTERMOTIONDETECTED~__EDGE_R__START
	R1992.1	  >>> WARDROBELIGHT~AUTO~TIMERAFTERMOTIONDETECTED~__EDGE_R__RESET
	R1993.0	  >>> WARDROBELIGHT~AUTO~TIMERAFTERLASTACTION~START
	R1993.1	  >>> WARDROBELIGHT~AUTO~TIMERAFTERLASTACTION~RESET
	RL1994	  >>> WARDROBELIGHT~AUTO~TIMERAFTERLASTACTION~TIMETOCOUNT
	R1998.0	  >>> WARDROBELIGHT~AUTO~TIMERAFTERLASTACTION~ISRUN
	R1998.1	  >>> WARDROBELIGHT~AUTO~TIMERAFTERLASTACTION~ISDONE
	RL1999	  >>> WARDROBELIGHT~AUTO~TIMERAFTERLASTACTION~CURRENTTIME
	R2003.0	  >>>> WARDROBELIGHT~AUTO~TIMERAFTERLASTACTION~TIMER~IN
	RL2004	  >>>> WARDROBELIGHT~AUTO~TIMERAFTERLASTACTION~TIMER~PT
	R2008.0	  >>>> WARDROBELIGHT~AUTO~TIMERAFTERLASTACTION~TIMER~Q
	RL2009	  >>>> WARDROBELIGHT~AUTO~TIMERAFTERLASTACTION~TIMER~ET
	R2013.0	  >>>>> WARDROBELIGHT~AUTO~TIMERAFTERLASTACTION~TIMER~IN_R_EDGE~CLK
	R2013.1	  >>>>> WARDROBELIGHT~AUTO~TIMERAFTERLASTACTION~TIMER~IN_R_EDGE~Q
	R2013.2	  >>>>> WARDROBELIGHT~AUTO~TIMERAFTERLASTACTION~TIMER~IN_R_EDGE~M
	RL2014	  >>>> WARDROBELIGHT~AUTO~TIMERAFTERLASTACTION~TIMER~LT
	R2018.0	  >>> WARDROBELIGHT~AUTO~TIMERAFTERLASTACTION~__EDGE_R__START
	R2018.1	  >>> WARDROBELIGHT~AUTO~TIMERAFTERLASTACTION~__EDGE_R__RESET
	R2019.0	  >>> WARDROBELIGHT~AUTO~DOORSENSRISE~CLK
	R2019.1	  >>> WARDROBELIGHT~AUTO~DOORSENSRISE~Q
	R2019.2	  >>> WARDROBELIGHT~AUTO~DOORSENSRISE~M
	R2020.0	  >>> WARDROBELIGHT~AUTO~DOORSENSFALL~CLK
	R2020.1	  >>> WARDROBELIGHT~AUTO~DOORSENSFALL~Q
	R2020.2	  >>> WARDROBELIGHT~AUTO~DOORSENSFALL~M
	R2021.0	  >> WARDROBELIGHT~AUTO~DOORCLOSED
	R2021.1	  >> WARDROBELIGHT~AUTO~DOOROPENED
	R2022.0	  >>> WARDROBELIGHT~AUTO~MOTIONSENSRISE~CLK
	R2022.1	  >>> WARDROBELIGHT~AUTO~MOTIONSENSRISE~Q
	R2022.2	  >>> WARDROBELIGHT~AUTO~MOTIONSENSRISE~M
	R2023.0	  >>> WARDROBELIGHT~AUTO~MOTIONSENSFALL~CLK
	R2023.1	  >>> WARDROBELIGHT~AUTO~MOTIONSENSFALL~Q
	R2023.2	  >>> WARDROBELIGHT~AUTO~MOTIONSENSFALL~M
	R2024.0	  >> WARDROBELIGHT~AUTO~MOTIONDETECTED
	R2024.1	  >> WARDROBELIGHT~AUTO~MOTIONEND
	R2025.0	  >>> WARDROBELIGHT~AUTO~NIGHTMODEOFF~CLK
	R2025.1	  >>> WARDROBELIGHT~AUTO~NIGHTMODEOFF~Q
	R2025.2	  >>> WARDROBELIGHT~AUTO~NIGHTMODEOFF~M
	R2026.0	  > WARDROBELIGHT~INIT
R 2027   :2084   =PRGFLOORHEATING FLOORHEATING	; 
	RL2027	  >> FLOORHEATING~TERMOSTAT~PERIOD
	R2031.0	  >> FLOORHEATING~TERMOSTAT~OUT
	RL2032	  >> FLOORHEATING~TERMOSTAT~STATE
	RL2036	  >> FLOORHEATING~TERMOSTAT~POWER
	R2040.0	  >>> FLOORHEATING~TERMOSTAT~PWMGENERATOR~ENB
	RL2041	  >>> FLOORHEATING~TERMOSTAT~PWMGENERATOR~PER
	RF2045	  >>> FLOORHEATING~TERMOSTAT~PWMGENERATOR~PLS
	R2049.0	  >>> FLOORHEATING~TERMOSTAT~PWMGENERATOR~OUT
	R2050.0	  >>>> FLOORHEATING~TERMOSTAT~PWMGENERATOR~TIMERPERIOD~IN
	RL2051	  >>>> FLOORHEATING~TERMOSTAT~PWMGENERATOR~TIMERPERIOD~PT
	R2055.0	  >>>> FLOORHEATING~TERMOSTAT~PWMGENERATOR~TIMERPERIOD~Q
	RL2056	  >>>> FLOORHEATING~TERMOSTAT~PWMGENERATOR~TIMERPERIOD~ET
	R2060.0	  >>>>> FLOORHEATING~TERMOSTAT~PWMGENERATOR~TIMERPERIOD~IN_F_EDGE~CLK
	R2060.1	  >>>>> FLOORHEATING~TERMOSTAT~PWMGENERATOR~TIMERPERIOD~IN_F_EDGE~Q
	R2060.2	  >>>>> FLOORHEATING~TERMOSTAT~PWMGENERATOR~TIMERPERIOD~IN_F_EDGE~M
	RL2061	  >>>> FLOORHEATING~TERMOSTAT~PWMGENERATOR~TIMERPERIOD~LT
	R2065.0	  >>>> FLOORHEATING~TERMOSTAT~PWMGENERATOR~TIMERPULSE~IN
	RL2066	  >>>> FLOORHEATING~TERMOSTAT~PWMGENERATOR~TIMERPULSE~PT
	R2070.0	  >>>> FLOORHEATING~TERMOSTAT~PWMGENERATOR~TIMERPULSE~Q
	RL2071	  >>>> FLOORHEATING~TERMOSTAT~PWMGENERATOR~TIMERPULSE~ET
	R2075.0	  >>>>> FLOORHEATING~TERMOSTAT~PWMGENERATOR~TIMERPULSE~IN_R_EDGE~CLK
	R2075.1	  >>>>> FLOORHEATING~TERMOSTAT~PWMGENERATOR~TIMERPULSE~IN_R_EDGE~Q
	R2075.2	  >>>>> FLOORHEATING~TERMOSTAT~PWMGENERATOR~TIMERPULSE~IN_R_EDGE~M
	RL2076	  >>>> FLOORHEATING~TERMOSTAT~PWMGENERATOR~TIMERPULSE~LT
	RL2080	  >>> FLOORHEATING~TERMOSTAT~PWMGENERATOR~PTPULSE
	R2084.0	  >>> FLOORHEATING~TERMOSTAT~PWMGENERATOR~START
R 2085   :2134   =PRGWATERLEAKEGECONTROL WATERLEAKEGECONTROL	; 
	R2085.0	  >> WATERLEAKEGECONTROL~WATERLEACKEGECONTROL~SENSOR
	R2085.1	  >> WATERLEAKEGECONTROL~WATERLEACKEGECONTROL~OPENWATER
	R2085.2	  >> WATERLEAKEGECONTROL~WATERLEACKEGECONTROL~CLOSEWATER
	R2085.3	  >> WATERLEAKEGECONTROL~WATERLEACKEGECONTROL~ALARMRESET
	R2086	  >>> WATERLEAKEGECONTROL~WATERLEACKEGECONTROL~CONFIG~SENSORMODE
	R2087	  >>> WATERLEAKEGECONTROL~WATERLEACKEGECONTROL~CONFIG~VALVEMODE
	RL2088	  >>> WATERLEAKEGECONTROL~WATERLEACKEGECONTROL~CONFIG~TIMETRESHOLD
	RL2092	  >>> WATERLEAKEGECONTROL~WATERLEACKEGECONTROL~CONFIG~WATERONSENDORSTIMEOUTTIME
	R2096.0	  >> WATERLEAKEGECONTROL~WATERLEACKEGECONTROL~AUTOCONTROL
	R2096.1	  >> WATERLEAKEGECONTROL~WATERLEACKEGECONTROL~VALVE
	R2096.2	  >> WATERLEAKEGECONTROL~WATERLEACKEGECONTROL~ALARM
	RL2097	  >> WATERLEAKEGECONTROL~WATERLEACKEGECONTROL~WATERSTATE
	R2101.0	  >> WATERLEAKEGECONTROL~WATERLEACKEGECONTROL~WATERONSENSOR
	R2102.0	  >>> WATERLEAKEGECONTROL~WATERLEACKEGECONTROL~TIMETRESHOLD~IN
	RL2103	  >>> WATERLEAKEGECONTROL~WATERLEACKEGECONTROL~TIMETRESHOLD~PT
	R2107.0	  >>> WATERLEAKEGECONTROL~WATERLEACKEGECONTROL~TIMETRESHOLD~Q
	RL2108	  >>> WATERLEAKEGECONTROL~WATERLEACKEGECONTROL~TIMETRESHOLD~ET
	R2112.0	  >>>> WATERLEAKEGECONTROL~WATERLEACKEGECONTROL~TIMETRESHOLD~IN_R_EDGE~CLK
	R2112.1	  >>>> WATERLEAKEGECONTROL~WATERLEACKEGECONTROL~TIMETRESHOLD~IN_R_EDGE~Q
	R2112.2	  >>>> WATERLEAKEGECONTROL~WATERLEACKEGECONTROL~TIMETRESHOLD~IN_R_EDGE~M
	RL2113	  >>> WATERLEAKEGECONTROL~WATERLEACKEGECONTROL~TIMETRESHOLD~LT
	R2117.0	  >>> WATERLEAKEGECONTROL~WATERLEACKEGECONTROL~WATERONSENDORSTIMEOUT~IN
	RL2118	  >>> WATERLEAKEGECONTROL~WATERLEACKEGECONTROL~WATERONSENDORSTIMEOUT~PT
	R2122.0	  >>> WATERLEAKEGECONTROL~WATERLEACKEGECONTROL~WATERONSENDORSTIMEOUT~Q
	RL2123	  >>> WATERLEAKEGECONTROL~WATERLEACKEGECONTROL~WATERONSENDORSTIMEOUT~ET
	R2127.0	  >>>> WATERLEAKEGECONTROL~WATERLEACKEGECONTROL~WATERONSENDORSTIMEOUT~IN_R_EDGE~CLK
	R2127.1	  >>>> WATERLEAKEGECONTROL~WATERLEACKEGECONTROL~WATERONSENDORSTIMEOUT~IN_R_EDGE~Q
	R2127.2	  >>>> WATERLEAKEGECONTROL~WATERLEACKEGECONTROL~WATERONSENDORSTIMEOUT~IN_R_EDGE~M
	RL2128	  >>> WATERLEAKEGECONTROL~WATERLEACKEGECONTROL~WATERONSENDORSTIMEOUT~LT
	R2132.0	  >>> WATERLEAKEGECONTROL~WATERLEACKEGECONTROL~TIMEOUT~CLK
	R2132.1	  >>> WATERLEAKEGECONTROL~WATERLEACKEGECONTROL~TIMEOUT~Q
	R2132.2	  >>> WATERLEAKEGECONTROL~WATERLEACKEGECONTROL~TIMEOUT~M
	R2133.0	  >> WATERLEAKEGECONTROL~WATERLEACKEGECONTROL~__EDGE_R__OPENWATER
	R2133.1	  >> WATERLEAKEGECONTROL~WATERLEACKEGECONTROL~__EDGE_R__CLOSEWATER
	R2133.2	  >> WATERLEAKEGECONTROL~WATERLEACKEGECONTROL~__EDGE_R__ALARMRESET
	R2134.0	  > WATERLEAKEGECONTROL~INIT
R 2135   :2249   =PRGSECURITY SECURITY	; 
	RL2135	  >>> SECURITY~SECURITY~CONFIG~EXITTIME
	RL2139	  >>> SECURITY~SECURITY~CONFIG~ENTERENCETIME
	R2143	  >>> SECURITY~SECURITY~CONFIG~Z1MODE
	R2144	  >>> SECURITY~SECURITY~CONFIG~Z2MODE
	R2145	  >>> SECURITY~SECURITY~CONFIG~Z3MODE
	R2146	  >>> SECURITY~SECURITY~CONFIG~Z4MODE
	R2147	  >>> SECURITY~SECURITY~CONFIG~Z5MODE
	R2148.0	  >>> SECURITY~SECURITY~CONFIG~KEYBOARDENABLE
	RL2149	  >>> SECURITY~SECURITY~CONFIG~KEYBIMPULSETIME
	R2153.0	  >> SECURITY~SECURITY~Z1
	R2153.1	  >> SECURITY~SECURITY~Z2
	R2153.2	  >> SECURITY~SECURITY~Z3
	R2153.3	  >> SECURITY~SECURITY~Z4
	R2153.4	  >> SECURITY~SECURITY~Z5
	R2153.5	  >> SECURITY~SECURITY~KEYBOARD
	R2153.6	  >> SECURITY~SECURITY~ARM
	R2153.7	  >> SECURITY~SECURITY~DISARM
	R2154.0	  >> SECURITY~SECURITY~ALARMRESET
	R2154.1	  >> SECURITY~SECURITY~SABOTAGERESET
	R2154.2	  >> SECURITY~SECURITY~SECURITYSTATE
	R2154.3	  >> SECURITY~SECURITY~ALARM
	R2154.4	  >> SECURITY~SECURITY~SIREN
	R2154.5	  >> SECURITY~SECURITY~LEDINDICATOR
	R2154.6	  >> SECURITY~SECURITY~SABOTAGE
	R2154.7	  >> SECURITY~SECURITY~ERROR
	R2155	  >> SECURITY~SECURITY~ERRORCODE
	R2156	  >> SECURITY~SECURITY~STATE
	R2157.0	  >>> SECURITY~SECURITY~KEYBOARDIMPULSE~IN
	RL2158	  >>> SECURITY~SECURITY~KEYBOARDIMPULSE~PT
	R2162.0	  >>> SECURITY~SECURITY~KEYBOARDIMPULSE~Q
	RL2163	  >>> SECURITY~SECURITY~KEYBOARDIMPULSE~ET
	R2167.0	  >>>> SECURITY~SECURITY~KEYBOARDIMPULSE~IN_R_EDGE~CLK
	R2167.1	  >>>> SECURITY~SECURITY~KEYBOARDIMPULSE~IN_R_EDGE~Q
	R2167.2	  >>>> SECURITY~SECURITY~KEYBOARDIMPULSE~IN_R_EDGE~M
	RL2168	  >>> SECURITY~SECURITY~KEYBOARDIMPULSE~LT
	R2172.0	  >>> SECURITY~SECURITY~KEYBOARDEVENT~CLK
	R2172.1	  >>> SECURITY~SECURITY~KEYBOARDEVENT~Q
	R2172.2	  >>> SECURITY~SECURITY~KEYBOARDEVENT~M
	R2173.0	  >>> SECURITY~SECURITY~KEYBOARDIMPULSEEND~CLK
	R2173.1	  >>> SECURITY~SECURITY~KEYBOARDIMPULSEEND~Q
	R2173.2	  >>> SECURITY~SECURITY~KEYBOARDIMPULSEEND~M
	R2174.0	  >>> SECURITY~SECURITY~EXITTIMER~IN
	RL2175	  >>> SECURITY~SECURITY~EXITTIMER~PT
	R2179.0	  >>> SECURITY~SECURITY~EXITTIMER~Q
	RL2180	  >>> SECURITY~SECURITY~EXITTIMER~ET
	R2184.0	  >>>> SECURITY~SECURITY~EXITTIMER~IN_R_EDGE~CLK
	R2184.1	  >>>> SECURITY~SECURITY~EXITTIMER~IN_R_EDGE~Q
	R2184.2	  >>>> SECURITY~SECURITY~EXITTIMER~IN_R_EDGE~M
	RL2185	  >>> SECURITY~SECURITY~EXITTIMER~LT
	R2189.0	  >>> SECURITY~SECURITY~ENTRANCETIMER~IN
	RL2190	  >>> SECURITY~SECURITY~ENTRANCETIMER~PT
	R2194.0	  >>> SECURITY~SECURITY~ENTRANCETIMER~Q
	RL2195	  >>> SECURITY~SECURITY~ENTRANCETIMER~ET
	R2199.0	  >>>> SECURITY~SECURITY~ENTRANCETIMER~IN_R_EDGE~CLK
	R2199.1	  >>>> SECURITY~SECURITY~ENTRANCETIMER~IN_R_EDGE~Q
	R2199.2	  >>>> SECURITY~SECURITY~ENTRANCETIMER~IN_R_EDGE~M
	RL2200	  >>> SECURITY~SECURITY~ENTRANCETIMER~LT
	R2204.0	  >>> SECURITY~SECURITY~LEDPULSE~ENB
	RL2205	  >>> SECURITY~SECURITY~LEDPULSE~PER
	RF2209	  >>> SECURITY~SECURITY~LEDPULSE~PLS
	R2213.0	  >>> SECURITY~SECURITY~LEDPULSE~OUT
	R2214.0	  >>>> SECURITY~SECURITY~LEDPULSE~TIMERPERIOD~IN
	RL2215	  >>>> SECURITY~SECURITY~LEDPULSE~TIMERPERIOD~PT
	R2219.0	  >>>> SECURITY~SECURITY~LEDPULSE~TIMERPERIOD~Q
	RL2220	  >>>> SECURITY~SECURITY~LEDPULSE~TIMERPERIOD~ET
	R2224.0	  >>>>> SECURITY~SECURITY~LEDPULSE~TIMERPERIOD~IN_F_EDGE~CLK
	R2224.1	  >>>>> SECURITY~SECURITY~LEDPULSE~TIMERPERIOD~IN_F_EDGE~Q
	R2224.2	  >>>>> SECURITY~SECURITY~LEDPULSE~TIMERPERIOD~IN_F_EDGE~M
	RL2225	  >>>> SECURITY~SECURITY~LEDPULSE~TIMERPERIOD~LT
	R2229.0	  >>>> SECURITY~SECURITY~LEDPULSE~TIMERPULSE~IN
	RL2230	  >>>> SECURITY~SECURITY~LEDPULSE~TIMERPULSE~PT
	R2234.0	  >>>> SECURITY~SECURITY~LEDPULSE~TIMERPULSE~Q
	RL2235	  >>>> SECURITY~SECURITY~LEDPULSE~TIMERPULSE~ET
	R2239.0	  >>>>> SECURITY~SECURITY~LEDPULSE~TIMERPULSE~IN_R_EDGE~CLK
	R2239.1	  >>>>> SECURITY~SECURITY~LEDPULSE~TIMERPULSE~IN_R_EDGE~Q
	R2239.2	  >>>>> SECURITY~SECURITY~LEDPULSE~TIMERPULSE~IN_R_EDGE~M
	RL2240	  >>>> SECURITY~SECURITY~LEDPULSE~TIMERPULSE~LT
	RL2244	  >>> SECURITY~SECURITY~LEDPULSE~PTPULSE
	R2248.0	  >>> SECURITY~SECURITY~LEDPULSE~START
	R2249.0	  >> SECURITY~SECURITY~USERENTERPASSWORD
	R2249.1	  >> SECURITY~SECURITY~ARMWITHOUTDELAY
	R2249.2	  >> SECURITY~SECURITY~__EDGE_R__ARM
	R2249.3	  >> SECURITY~SECURITY~__EDGE_R__DISARM
	R2249.4	  >> SECURITY~SECURITY~__EDGE_R__ALARMRESET
	R2249.5	  >> SECURITY~SECURITY~__EDGE_R__SABOTAGERESET
R 2250   :2253   =GETCHANINDEX __INSTANCE__GETCHANINDEX	; 
	RW2250	  > __INSTANCE__GETCHANINDEX~__FC__GETCHANINDEX
	RW2252	  > __INSTANCE__GETCHANINDEX~CHANCODE
R 2254   :2281   =GETCHANDESC __INSTANCE__GETCHANDESC	; 
	R2254	  >> __INSTANCE__GETCHANDESC~__FC__GETCHANDESC~MODECHAN
	R2255	  >> __INSTANCE__GETCHANDESC~__FC__GETCHANDESC~RES
	RL2256	  >> __INSTANCE__GETCHANDESC~__FC__GETCHANDESC~ADRUNISTAT
	RW2260	  >> __INSTANCE__GETCHANDESC~__FC__GETCHANDESC~LENUNISTAT
	RL2262	  >> __INSTANCE__GETCHANDESC~__FC__GETCHANDESC~ADRUNICONT
	RW2266	  >> __INSTANCE__GETCHANDESC~__FC__GETCHANDESC~LENUNICONT
	RL2268	  >> __INSTANCE__GETCHANDESC~__FC__GETCHANDESC~ADRUNIIN
	RW2272	  >> __INSTANCE__GETCHANDESC~__FC__GETCHANDESC~LENUNIIN
	RL2274	  >> __INSTANCE__GETCHANDESC~__FC__GETCHANDESC~ADRUNIOUT
	RW2278	  >> __INSTANCE__GETCHANDESC~__FC__GETCHANDESC~LENUNIOUT
	RW2280	  > __INSTANCE__GETCHANDESC~CHANCODE

No errors.


;* Map completed.
