'R' register area map
;* Main file 'C:\WORK_SPACE\MOSAICWORKSPACE\MOSAICAPP\PARK-AVENUE-SHOWROOM\PARK-AVENUE-SHOWROOM\000-MAIN\000-MAIN.MAK'

R    0.0 	 =R1_1HALLLIGHT01	; 
R    0.1 	 =R2_3LIVINGROOMLIGHT02_07_08	; dimm
R    0.2 	 =R3_1BALCONYLIGHT	; 
R    0.3 	 =R2_2KITCHENLIGHT03	; 
R    0.4 	 =R2_2KITCHENLIGHT04_24	; 
R    0.5 	 =R2_1EATINGROOMLIGHT05_06_23	; 
R    0.6 	 =R4_1BEDROOM1LIGHT09	; 
R    0.7 	 =R5_1BEDROOM2LIGHT10	; 
R    1.0 	 =R5_1BEDROOM2LIGHT11	; 
R    1.1 	 =R5_1BEDROOM2LIGHT12	; 
R    1.2 	 =R6_1WARDROBELIGHT13_21	; 
R    1.3 	 =R8_1BATHROOM2LIGHT14_15_16	; 
R    1.4 	 =R7_1BATHROOM1LIGHT17_18_19	; dimm
R    1.5 	 =R1_1HALLLIGHT01_AUTO	; 
R    1.6 	 =R2_3LIVINGROOMLIGHT02_07_08_AUTO	; dimm
R    1.7 	 =R2_2KITCHENLIGHT03_AUTO	; 
R    2.0 	 =R2_2KITCHENLIGHT04_24_AUTO	; 
R    2.1 	 =R2_1EATINGROOMLIGHT05_06_23_AUTO	; 
R    2.2 	 =R4_1BEDROOM1LIGHT09_AUTO	; 
R    2.3 	 =R5_1BEDROOM2LIGHT10_AUTO	; 
R    2.4 	 =R5_15BEDROOM2LIGHT11_AUTO	; 
R    2.5 	 =R5_15BEDROOM2LIGHT12_AUTO	; 
R    2.6 	 =R6_1WARDROBELIGHT13_21_AUTO	; 
R    2.7 	 =R8_1BATHROOM2LIGHT14_15_16_AUTO	; 
R    3.0 	 =R7_1BATHROOM1LIGHT17_18_19_AUTO	; dimm
R    3.1 	 =R2_1EATINGROOMBLINDSUP	; 
R    3.2 	 =R2_1EATINGROOMBLINDSDOWN	; 
R    3.3 	 =R2_1EATINGROOMBLINDSSTOP	; 
R    3.4 	 =R4_1BEDROOM1BLINDSUP	; 
R    3.5 	 =R4_1BEDROOM1BLINDSDOWN	; 
R    3.6 	 =R4_1BEDROOM1BLINDSSTOP	; 
R    3.7 	 =R5_1BEDROOM2BLINDSUP	; 
R    4.0 	 =R5_1BEDROOM2BLINDSDOWN	; 
R    4.1 	 =R5_1BEDROOM2BLINDSSTOP	; 
R    4.2 	 =GENERALPOWER	; 
R    4.4 	 =FLOORHEATINGSTATE	; 
RF   5   :   8   =R2_3LIVINGROOMLIGHT02_07_08_LEVEL	; 
RF   9   :  12   =R7_1BATHROOM1LIGHT17_18_19_LEVEL	; 
RF  13   :  16   =R2_1EATINGROOMBLINDSPOSITION	; 
RF  17   :  20   =R4_1BEDROOM1BLINDSPOSITION	; 
RF  21   :  24   =R5_1BEDROOM2BLINDSPOSITION	; 
RF  25   :  28   =FLOORHEATINGLEVEL	; 
RF  29   :  32   =R4_BEDROOM1ACSETTEMPERATURE	; 
RF  33   :  36   =R5_BEDROOM2ACSETTEMPERATURE	; 
R   37   	 =R4_BEDROOM1ACMODE	; 
R   41   	 =R5_BEDROOM2ACMODE	; 
R   42   :  54   =TMI_CIB1_IN MI_CIB1_IN	; 
	RF42	  > MI_CIB1_IN~INTGR
	R46.0	  >>> MI_CIB1_IN~ID1_IN~DI~DI1
	R46.1	  >>> MI_CIB1_IN~ID1_IN~DI~DI2
	R46.2	  >>> MI_CIB1_IN~ID1_IN~DI~DI3
	R46.3	  >>> MI_CIB1_IN~ID1_IN~DI~DI4
	R46.4	  >>> MI_CIB1_IN~ID1_IN~DI~DI5
	R46.5	  >>> MI_CIB1_IN~ID1_IN~DI~DI6
	R46.6	  >>> MI_CIB1_IN~ID1_IN~DI~DI7
	R46.7	  >>> MI_CIB1_IN~ID1_IN~DI~DI8
	R47.0	  >>> MI_CIB1_IN~ID1_IN~DI~CLICK1
	R47.1	  >>> MI_CIB1_IN~ID1_IN~DI~CLICK2
	R47.2	  >>> MI_CIB1_IN~ID1_IN~DI~CLICK3
	R47.3	  >>> MI_CIB1_IN~ID1_IN~DI~CLICK4
	R47.4	  >>> MI_CIB1_IN~ID1_IN~DI~CLICK5
	R47.5	  >>> MI_CIB1_IN~ID1_IN~DI~CLICK6
	R47.6	  >>> MI_CIB1_IN~ID1_IN~DI~CLICK7
	R47.7	  >>> MI_CIB1_IN~ID1_IN~DI~CLICK8
	R48.0	  >>> MI_CIB1_IN~ID1_IN~DI~PRESS1
	R48.1	  >>> MI_CIB1_IN~ID1_IN~DI~PRESS2
	R48.2	  >>> MI_CIB1_IN~ID1_IN~DI~PRESS3
	R48.3	  >>> MI_CIB1_IN~ID1_IN~DI~PRESS4
	R48.4	  >>> MI_CIB1_IN~ID1_IN~DI~PRESS5
	R48.5	  >>> MI_CIB1_IN~ID1_IN~DI~PRESS6
	R48.6	  >>> MI_CIB1_IN~ID1_IN~DI~PRESS7
	R48.7	  >>> MI_CIB1_IN~ID1_IN~DI~PRESS8
	R49.0	  >>> MI_CIB1_IN~ID1_IN~DI~TAMPER1
	R49.1	  >>> MI_CIB1_IN~ID1_IN~DI~TAMPER2
	R49.2	  >>> MI_CIB1_IN~ID1_IN~DI~TAMPER3
	R49.3	  >>> MI_CIB1_IN~ID1_IN~DI~TAMPER4
	R49.4	  >>> MI_CIB1_IN~ID1_IN~DI~TAMPER5
	R49.5	  >>> MI_CIB1_IN~ID1_IN~DI~TAMPER6
	R49.6	  >>> MI_CIB1_IN~ID1_IN~DI~TAMPER7
	R49.7	  >>> MI_CIB1_IN~ID1_IN~DI~TAMPER8
	R50.0	  >>> MI_CIB1_IN~ID1_IN~STAT~OUF7
	R50.1	  >>> MI_CIB1_IN~ID1_IN~STAT~VLD7
	R50.2	  >>> MI_CIB1_IN~ID1_IN~STAT~OUF8
	R50.3	  >>> MI_CIB1_IN~ID1_IN~STAT~VLD8
	R50.4	  >>> MI_CIB1_IN~ID1_IN~STAT~OUF9
	R50.5	  >>> MI_CIB1_IN~ID1_IN~STAT~VLD9
	RF51	  >> MI_CIB1_IN~ID1_IN~AI9
R   55   	 =TMI_CIB1_OUT MI_CIB1_OUT	; 
	R55.0	  >>> MI_CIB1_OUT~ID1_OUT~DOS~DO1
	R55.1	  >>> MI_CIB1_OUT~ID1_OUT~DOS~DO2
	R55.2	  >>> MI_CIB1_OUT~ID1_OUT~DOS~DO3
	R55.3	  >>> MI_CIB1_OUT~ID1_OUT~DOS~DO4
	R55.4	  >>> MI_CIB1_OUT~ID1_OUT~DOS~DO5
	R55.5	  >>> MI_CIB1_OUT~ID1_OUT~DOS~DO6
	R55.6	  >>> MI_CIB1_OUT~ID1_OUT~DOS~DO7
	R55.7	  >>> MI_CIB1_OUT~ID1_OUT~DOS~DO8
R   56   :  87   =INE_STAT_MI_CIB1 [32]	; 
	R56	  > INE_STAT_MI_CIB1[0]
	R57	  > INE_STAT_MI_CIB1[1]
	R58	  > INE_STAT_MI_CIB1[2]
	R59	  > INE_STAT_MI_CIB1[3]
	R60	  > INE_STAT_MI_CIB1[4]
	R61	  > INE_STAT_MI_CIB1[5]
	R62	  > INE_STAT_MI_CIB1[6]
	R63	  > INE_STAT_MI_CIB1[7]
	R64	  > INE_STAT_MI_CIB1[8]
	R65	  > INE_STAT_MI_CIB1[9]
	R66	  > INE_STAT_MI_CIB1[10]
	R67	  > INE_STAT_MI_CIB1[11]
	R68	  > INE_STAT_MI_CIB1[12]
	R69	  > INE_STAT_MI_CIB1[13]
	R70	  > INE_STAT_MI_CIB1[14]
	R71	  > INE_STAT_MI_CIB1[15]
	R72	  > INE_STAT_MI_CIB1[16]
	R73	  > INE_STAT_MI_CIB1[17]
	R74	  > INE_STAT_MI_CIB1[18]
	R75	  > INE_STAT_MI_CIB1[19]
	R76	  > INE_STAT_MI_CIB1[20]
	R77	  > INE_STAT_MI_CIB1[21]
	R78	  > INE_STAT_MI_CIB1[22]
	R79	  > INE_STAT_MI_CIB1[23]
	R80	  > INE_STAT_MI_CIB1[24]
	R81	  > INE_STAT_MI_CIB1[25]
	R82	  > INE_STAT_MI_CIB1[26]
	R83	  > INE_STAT_MI_CIB1[27]
	R84	  > INE_STAT_MI_CIB1[28]
	R85	  > INE_STAT_MI_CIB1[29]
	R86	  > INE_STAT_MI_CIB1[30]
	R87	  > INE_STAT_MI_CIB1[31]
R   88   : 119   =INE_ERR_MI_CIB1 [32]	; 
	R88	  > INE_ERR_MI_CIB1[0]
	R89	  > INE_ERR_MI_CIB1[1]
	R90	  > INE_ERR_MI_CIB1[2]
	R91	  > INE_ERR_MI_CIB1[3]
	R92	  > INE_ERR_MI_CIB1[4]
	R93	  > INE_ERR_MI_CIB1[5]
	R94	  > INE_ERR_MI_CIB1[6]
	R95	  > INE_ERR_MI_CIB1[7]
	R96	  > INE_ERR_MI_CIB1[8]
	R97	  > INE_ERR_MI_CIB1[9]
	R98	  > INE_ERR_MI_CIB1[10]
	R99	  > INE_ERR_MI_CIB1[11]
	R100	  > INE_ERR_MI_CIB1[12]
	R101	  > INE_ERR_MI_CIB1[13]
	R102	  > INE_ERR_MI_CIB1[14]
	R103	  > INE_ERR_MI_CIB1[15]
	R104	  > INE_ERR_MI_CIB1[16]
	R105	  > INE_ERR_MI_CIB1[17]
	R106	  > INE_ERR_MI_CIB1[18]
	R107	  > INE_ERR_MI_CIB1[19]
	R108	  > INE_ERR_MI_CIB1[20]
	R109	  > INE_ERR_MI_CIB1[21]
	R110	  > INE_ERR_MI_CIB1[22]
	R111	  > INE_ERR_MI_CIB1[23]
	R112	  > INE_ERR_MI_CIB1[24]
	R113	  > INE_ERR_MI_CIB1[25]
	R114	  > INE_ERR_MI_CIB1[26]
	R115	  > INE_ERR_MI_CIB1[27]
	R116	  > INE_ERR_MI_CIB1[28]
	R117	  > INE_ERR_MI_CIB1[29]
	R118	  > INE_ERR_MI_CIB1[30]
	R119	  > INE_ERR_MI_CIB1[31]
R  120   : 124   =TMI_CIB2_IN MI_CIB2_IN	; 
	RF120	  > MI_CIB2_IN~INTGR
	R124	  > MI_CIB2_IN~NODATA
R  125   	 =TMI_CIB2_OUT MI_CIB2_OUT	; 
	R125	  > MI_CIB2_OUT~NODATA
R  126   : 157   =INE_STAT_MI_CIB2 [32]	; 
	R126	  > INE_STAT_MI_CIB2[0]
	R127	  > INE_STAT_MI_CIB2[1]
	R128	  > INE_STAT_MI_CIB2[2]
	R129	  > INE_STAT_MI_CIB2[3]
	R130	  > INE_STAT_MI_CIB2[4]
	R131	  > INE_STAT_MI_CIB2[5]
	R132	  > INE_STAT_MI_CIB2[6]
	R133	  > INE_STAT_MI_CIB2[7]
	R134	  > INE_STAT_MI_CIB2[8]
	R135	  > INE_STAT_MI_CIB2[9]
	R136	  > INE_STAT_MI_CIB2[10]
	R137	  > INE_STAT_MI_CIB2[11]
	R138	  > INE_STAT_MI_CIB2[12]
	R139	  > INE_STAT_MI_CIB2[13]
	R140	  > INE_STAT_MI_CIB2[14]
	R141	  > INE_STAT_MI_CIB2[15]
	R142	  > INE_STAT_MI_CIB2[16]
	R143	  > INE_STAT_MI_CIB2[17]
	R144	  > INE_STAT_MI_CIB2[18]
	R145	  > INE_STAT_MI_CIB2[19]
	R146	  > INE_STAT_MI_CIB2[20]
	R147	  > INE_STAT_MI_CIB2[21]
	R148	  > INE_STAT_MI_CIB2[22]
	R149	  > INE_STAT_MI_CIB2[23]
	R150	  > INE_STAT_MI_CIB2[24]
	R151	  > INE_STAT_MI_CIB2[25]
	R152	  > INE_STAT_MI_CIB2[26]
	R153	  > INE_STAT_MI_CIB2[27]
	R154	  > INE_STAT_MI_CIB2[28]
	R155	  > INE_STAT_MI_CIB2[29]
	R156	  > INE_STAT_MI_CIB2[30]
	R157	  > INE_STAT_MI_CIB2[31]
R  158   : 189   =INE_ERR_MI_CIB2 [32]	; 
	R158	  > INE_ERR_MI_CIB2[0]
	R159	  > INE_ERR_MI_CIB2[1]
	R160	  > INE_ERR_MI_CIB2[2]
	R161	  > INE_ERR_MI_CIB2[3]
	R162	  > INE_ERR_MI_CIB2[4]
	R163	  > INE_ERR_MI_CIB2[5]
	R164	  > INE_ERR_MI_CIB2[6]
	R165	  > INE_ERR_MI_CIB2[7]
	R166	  > INE_ERR_MI_CIB2[8]
	R167	  > INE_ERR_MI_CIB2[9]
	R168	  > INE_ERR_MI_CIB2[10]
	R169	  > INE_ERR_MI_CIB2[11]
	R170	  > INE_ERR_MI_CIB2[12]
	R171	  > INE_ERR_MI_CIB2[13]
	R172	  > INE_ERR_MI_CIB2[14]
	R173	  > INE_ERR_MI_CIB2[15]
	R174	  > INE_ERR_MI_CIB2[16]
	R175	  > INE_ERR_MI_CIB2[17]
	R176	  > INE_ERR_MI_CIB2[18]
	R177	  > INE_ERR_MI_CIB2[19]
	R178	  > INE_ERR_MI_CIB2[20]
	R179	  > INE_ERR_MI_CIB2[21]
	R180	  > INE_ERR_MI_CIB2[22]
	R181	  > INE_ERR_MI_CIB2[23]
	R182	  > INE_ERR_MI_CIB2[24]
	R183	  > INE_ERR_MI_CIB2[25]
	R184	  > INE_ERR_MI_CIB2[26]
	R185	  > INE_ERR_MI_CIB2[27]
	R186	  > INE_ERR_MI_CIB2[28]
	R187	  > INE_ERR_MI_CIB2[29]
	R188	  > INE_ERR_MI_CIB2[30]
	R189	  > INE_ERR_MI_CIB2[31]
R  190   : 201   =SUB_TIME __INSTANCE__SUB_TIME	; 
	RL190	  > __INSTANCE__SUB_TIME~__FC__SUB_TIME
	RL194	  > __INSTANCE__SUB_TIME~IN1
	RL198	  > __INSTANCE__SUB_TIME~IN2
R  202   : 206   =PRGMAIN MAIN	; 
	RL202	  > MAIN~OUT_RELAY1
	R206.0	  > MAIN~INIT
R  207   : 352   =PRGHALLLIGHT HALLLIGHT	; 
	RL207	  > HALLLIGHT~OUT_LAMP1
	RL211	  >> HALLLIGHT~LAMP1~TRIGBUTTON
	R215.0	  >> HALLLIGHT~LAMP1~SETSTATE
	R216.0	  >>> HALLLIGHT~LAMP1~TRIGBUTTONOFF~CLK
	R216.1	  >>> HALLLIGHT~LAMP1~TRIGBUTTONOFF~Q
	R216.2	  >>> HALLLIGHT~LAMP1~TRIGBUTTONOFF~M
	R217.0	  >>> HALLLIGHT~LAMP1~TRIGBUTTONON~CLK
	R217.1	  >>> HALLLIGHT~LAMP1~TRIGBUTTONON~Q
	R217.2	  >>> HALLLIGHT~LAMP1~TRIGBUTTONON~M
	R218.0	  >> HALLLIGHT~LAMP1~STATECHANGED
	R218.1	  >> HALLLIGHT~LAMP1~STATE
	RL219	  > HALLLIGHT~IN_MOTIONSENSOR
	R223.0	  >>> HALLLIGHT~AUTO~SENSOR_DOOR~STATE
	R224	  >>> HALLLIGHT~AUTO~SENSOR_DOOR~MODE
	R225.0	  >>> HALLLIGHT~AUTO~SENSOR_MOTION~STATE
	R226	  >>> HALLLIGHT~AUTO~SENSOR_MOTION~MODE
	R227.0	  >> HALLLIGHT~AUTO~AUTOMODE
	R227.1	  >> HALLLIGHT~AUTO~NIGHTMODE
	R227.2	  >> HALLLIGHT~AUTO~FORGETMODE
	R227.3	  >> HALLLIGHT~AUTO~ANYLIGHTON
	R227.4	  >> HALLLIGHT~AUTO~ANYLIGHTCHANGED
	RL228	  >> HALLLIGHT~AUTO~TIMEAFTERDOOROPENCLOSE
	RL232	  >> HALLLIGHT~AUTO~TIMEAFTERMOTIONDETECT
	RL236	  >> HALLLIGHT~AUTO~TIMEAFTERLASTACTION
	R240.0	  >> HALLLIGHT~AUTO~SETSTATE
	R240.1	  >> HALLLIGHT~AUTO~PERSONLEFT
	R240.2	  >> HALLLIGHT~AUTO~FORGET
	R240.3	  >> HALLLIGHT~AUTO~STATECHANGED
	R240.4	  >> HALLLIGHT~AUTO~STATE
	R241.0	  >>> HALLLIGHT~AUTO~TIMERAFTERDOOROPENED~START
	R241.1	  >>> HALLLIGHT~AUTO~TIMERAFTERDOOROPENED~RESET
	RL242	  >>> HALLLIGHT~AUTO~TIMERAFTERDOOROPENED~TIMETOCOUNT
	R246.0	  >>> HALLLIGHT~AUTO~TIMERAFTERDOOROPENED~ISRUN
	R246.1	  >>> HALLLIGHT~AUTO~TIMERAFTERDOOROPENED~ISDONE
	RL247	  >>> HALLLIGHT~AUTO~TIMERAFTERDOOROPENED~CURRENTTIME
	R251.0	  >>>> HALLLIGHT~AUTO~TIMERAFTERDOOROPENED~TIMER~IN
	RL252	  >>>> HALLLIGHT~AUTO~TIMERAFTERDOOROPENED~TIMER~PT
	R256.0	  >>>> HALLLIGHT~AUTO~TIMERAFTERDOOROPENED~TIMER~Q
	RL257	  >>>> HALLLIGHT~AUTO~TIMERAFTERDOOROPENED~TIMER~ET
	R261.0	  >>>>> HALLLIGHT~AUTO~TIMERAFTERDOOROPENED~TIMER~IN_R_EDGE~CLK
	R261.1	  >>>>> HALLLIGHT~AUTO~TIMERAFTERDOOROPENED~TIMER~IN_R_EDGE~Q
	R261.2	  >>>>> HALLLIGHT~AUTO~TIMERAFTERDOOROPENED~TIMER~IN_R_EDGE~M
	RL262	  >>>> HALLLIGHT~AUTO~TIMERAFTERDOOROPENED~TIMER~LT
	R266.0	  >>> HALLLIGHT~AUTO~TIMERAFTERDOOROPENED~__EDGE_R__START
	R266.1	  >>> HALLLIGHT~AUTO~TIMERAFTERDOOROPENED~__EDGE_R__RESET
	R267.0	  >>> HALLLIGHT~AUTO~TIMERAFTERDOORCLOSED~START
	R267.1	  >>> HALLLIGHT~AUTO~TIMERAFTERDOORCLOSED~RESET
	RL268	  >>> HALLLIGHT~AUTO~TIMERAFTERDOORCLOSED~TIMETOCOUNT
	R272.0	  >>> HALLLIGHT~AUTO~TIMERAFTERDOORCLOSED~ISRUN
	R272.1	  >>> HALLLIGHT~AUTO~TIMERAFTERDOORCLOSED~ISDONE
	RL273	  >>> HALLLIGHT~AUTO~TIMERAFTERDOORCLOSED~CURRENTTIME
	R277.0	  >>>> HALLLIGHT~AUTO~TIMERAFTERDOORCLOSED~TIMER~IN
	RL278	  >>>> HALLLIGHT~AUTO~TIMERAFTERDOORCLOSED~TIMER~PT
	R282.0	  >>>> HALLLIGHT~AUTO~TIMERAFTERDOORCLOSED~TIMER~Q
	RL283	  >>>> HALLLIGHT~AUTO~TIMERAFTERDOORCLOSED~TIMER~ET
	R287.0	  >>>>> HALLLIGHT~AUTO~TIMERAFTERDOORCLOSED~TIMER~IN_R_EDGE~CLK
	R287.1	  >>>>> HALLLIGHT~AUTO~TIMERAFTERDOORCLOSED~TIMER~IN_R_EDGE~Q
	R287.2	  >>>>> HALLLIGHT~AUTO~TIMERAFTERDOORCLOSED~TIMER~IN_R_EDGE~M
	RL288	  >>>> HALLLIGHT~AUTO~TIMERAFTERDOORCLOSED~TIMER~LT
	R292.0	  >>> HALLLIGHT~AUTO~TIMERAFTERDOORCLOSED~__EDGE_R__START
	R292.1	  >>> HALLLIGHT~AUTO~TIMERAFTERDOORCLOSED~__EDGE_R__RESET
	R293.0	  >>> HALLLIGHT~AUTO~TIMERAFTERMOTIONDETECTED~START
	R293.1	  >>> HALLLIGHT~AUTO~TIMERAFTERMOTIONDETECTED~RESET
	RL294	  >>> HALLLIGHT~AUTO~TIMERAFTERMOTIONDETECTED~TIMETOCOUNT
	R298.0	  >>> HALLLIGHT~AUTO~TIMERAFTERMOTIONDETECTED~ISRUN
	R298.1	  >>> HALLLIGHT~AUTO~TIMERAFTERMOTIONDETECTED~ISDONE
	RL299	  >>> HALLLIGHT~AUTO~TIMERAFTERMOTIONDETECTED~CURRENTTIME
	R303.0	  >>>> HALLLIGHT~AUTO~TIMERAFTERMOTIONDETECTED~TIMER~IN
	RL304	  >>>> HALLLIGHT~AUTO~TIMERAFTERMOTIONDETECTED~TIMER~PT
	R308.0	  >>>> HALLLIGHT~AUTO~TIMERAFTERMOTIONDETECTED~TIMER~Q
	RL309	  >>>> HALLLIGHT~AUTO~TIMERAFTERMOTIONDETECTED~TIMER~ET
	R313.0	  >>>>> HALLLIGHT~AUTO~TIMERAFTERMOTIONDETECTED~TIMER~IN_R_EDGE~CLK
	R313.1	  >>>>> HALLLIGHT~AUTO~TIMERAFTERMOTIONDETECTED~TIMER~IN_R_EDGE~Q
	R313.2	  >>>>> HALLLIGHT~AUTO~TIMERAFTERMOTIONDETECTED~TIMER~IN_R_EDGE~M
	RL314	  >>>> HALLLIGHT~AUTO~TIMERAFTERMOTIONDETECTED~TIMER~LT
	R318.0	  >>> HALLLIGHT~AUTO~TIMERAFTERMOTIONDETECTED~__EDGE_R__START
	R318.1	  >>> HALLLIGHT~AUTO~TIMERAFTERMOTIONDETECTED~__EDGE_R__RESET
	R319.0	  >>> HALLLIGHT~AUTO~TIMERAFTERLASTACTION~START
	R319.1	  >>> HALLLIGHT~AUTO~TIMERAFTERLASTACTION~RESET
	RL320	  >>> HALLLIGHT~AUTO~TIMERAFTERLASTACTION~TIMETOCOUNT
	R324.0	  >>> HALLLIGHT~AUTO~TIMERAFTERLASTACTION~ISRUN
	R324.1	  >>> HALLLIGHT~AUTO~TIMERAFTERLASTACTION~ISDONE
	RL325	  >>> HALLLIGHT~AUTO~TIMERAFTERLASTACTION~CURRENTTIME
	R329.0	  >>>> HALLLIGHT~AUTO~TIMERAFTERLASTACTION~TIMER~IN
	RL330	  >>>> HALLLIGHT~AUTO~TIMERAFTERLASTACTION~TIMER~PT
	R334.0	  >>>> HALLLIGHT~AUTO~TIMERAFTERLASTACTION~TIMER~Q
	RL335	  >>>> HALLLIGHT~AUTO~TIMERAFTERLASTACTION~TIMER~ET
	R339.0	  >>>>> HALLLIGHT~AUTO~TIMERAFTERLASTACTION~TIMER~IN_R_EDGE~CLK
	R339.1	  >>>>> HALLLIGHT~AUTO~TIMERAFTERLASTACTION~TIMER~IN_R_EDGE~Q
	R339.2	  >>>>> HALLLIGHT~AUTO~TIMERAFTERLASTACTION~TIMER~IN_R_EDGE~M
	RL340	  >>>> HALLLIGHT~AUTO~TIMERAFTERLASTACTION~TIMER~LT
	R344.0	  >>> HALLLIGHT~AUTO~TIMERAFTERLASTACTION~__EDGE_R__START
	R344.1	  >>> HALLLIGHT~AUTO~TIMERAFTERLASTACTION~__EDGE_R__RESET
	R345.0	  >>> HALLLIGHT~AUTO~DOORSENSRISE~CLK
	R345.1	  >>> HALLLIGHT~AUTO~DOORSENSRISE~Q
	R345.2	  >>> HALLLIGHT~AUTO~DOORSENSRISE~M
	R346.0	  >>> HALLLIGHT~AUTO~DOORSENSFALL~CLK
	R346.1	  >>> HALLLIGHT~AUTO~DOORSENSFALL~Q
	R346.2	  >>> HALLLIGHT~AUTO~DOORSENSFALL~M
	R347.0	  >> HALLLIGHT~AUTO~DOORCLOSED
	R347.1	  >> HALLLIGHT~AUTO~DOOROPENED
	R348.0	  >>> HALLLIGHT~AUTO~MOTIONSENSRISE~CLK
	R348.1	  >>> HALLLIGHT~AUTO~MOTIONSENSRISE~Q
	R348.2	  >>> HALLLIGHT~AUTO~MOTIONSENSRISE~M
	R349.0	  >>> HALLLIGHT~AUTO~MOTIONSENSFALL~CLK
	R349.1	  >>> HALLLIGHT~AUTO~MOTIONSENSFALL~Q
	R349.2	  >>> HALLLIGHT~AUTO~MOTIONSENSFALL~M
	R350.0	  >> HALLLIGHT~AUTO~MOTIONDETECTED
	R350.1	  >> HALLLIGHT~AUTO~MOTIONEND
	R351.0	  >>> HALLLIGHT~AUTO~NIGHTMODEOFF~CLK
	R351.1	  >>> HALLLIGHT~AUTO~NIGHTMODEOFF~Q
	R351.2	  >>> HALLLIGHT~AUTO~NIGHTMODEOFF~M
	R352.0	  > HALLLIGHT~INIT
R  353   : 498   =PRGKITCHENLIGHT KITCHENLIGHT	; 
	RL353	  >> KITCHENLIGHT~LAMP1~TRIGBUTTON
	R357.0	  >> KITCHENLIGHT~LAMP1~SETSTATE
	R358.0	  >>> KITCHENLIGHT~LAMP1~TRIGBUTTONOFF~CLK
	R358.1	  >>> KITCHENLIGHT~LAMP1~TRIGBUTTONOFF~Q
	R358.2	  >>> KITCHENLIGHT~LAMP1~TRIGBUTTONOFF~M
	R359.0	  >>> KITCHENLIGHT~LAMP1~TRIGBUTTONON~CLK
	R359.1	  >>> KITCHENLIGHT~LAMP1~TRIGBUTTONON~Q
	R359.2	  >>> KITCHENLIGHT~LAMP1~TRIGBUTTONON~M
	R360.0	  >> KITCHENLIGHT~LAMP1~STATECHANGED
	R360.1	  >> KITCHENLIGHT~LAMP1~STATE
	RL361	  >> KITCHENLIGHT~LAMP2~TRIGBUTTON
	R365.0	  >> KITCHENLIGHT~LAMP2~SETSTATE
	R366.0	  >>> KITCHENLIGHT~LAMP2~TRIGBUTTONOFF~CLK
	R366.1	  >>> KITCHENLIGHT~LAMP2~TRIGBUTTONOFF~Q
	R366.2	  >>> KITCHENLIGHT~LAMP2~TRIGBUTTONOFF~M
	R367.0	  >>> KITCHENLIGHT~LAMP2~TRIGBUTTONON~CLK
	R367.1	  >>> KITCHENLIGHT~LAMP2~TRIGBUTTONON~Q
	R367.2	  >>> KITCHENLIGHT~LAMP2~TRIGBUTTONON~M
	R368.0	  >> KITCHENLIGHT~LAMP2~STATECHANGED
	R368.1	  >> KITCHENLIGHT~LAMP2~STATE
	R369.0	  >>> KITCHENLIGHT~AUTO~SENSOR_DOOR~STATE
	R370	  >>> KITCHENLIGHT~AUTO~SENSOR_DOOR~MODE
	R371.0	  >>> KITCHENLIGHT~AUTO~SENSOR_MOTION~STATE
	R372	  >>> KITCHENLIGHT~AUTO~SENSOR_MOTION~MODE
	R373.0	  >> KITCHENLIGHT~AUTO~AUTOMODE
	R373.1	  >> KITCHENLIGHT~AUTO~NIGHTMODE
	R373.2	  >> KITCHENLIGHT~AUTO~FORGETMODE
	R373.3	  >> KITCHENLIGHT~AUTO~ANYLIGHTON
	R373.4	  >> KITCHENLIGHT~AUTO~ANYLIGHTCHANGED
	RL374	  >> KITCHENLIGHT~AUTO~TIMEAFTERDOOROPENCLOSE
	RL378	  >> KITCHENLIGHT~AUTO~TIMEAFTERMOTIONDETECT
	RL382	  >> KITCHENLIGHT~AUTO~TIMEAFTERLASTACTION
	R386.0	  >> KITCHENLIGHT~AUTO~SETSTATE
	R386.1	  >> KITCHENLIGHT~AUTO~PERSONLEFT
	R386.2	  >> KITCHENLIGHT~AUTO~FORGET
	R386.3	  >> KITCHENLIGHT~AUTO~STATECHANGED
	R386.4	  >> KITCHENLIGHT~AUTO~STATE
	R387.0	  >>> KITCHENLIGHT~AUTO~TIMERAFTERDOOROPENED~START
	R387.1	  >>> KITCHENLIGHT~AUTO~TIMERAFTERDOOROPENED~RESET
	RL388	  >>> KITCHENLIGHT~AUTO~TIMERAFTERDOOROPENED~TIMETOCOUNT
	R392.0	  >>> KITCHENLIGHT~AUTO~TIMERAFTERDOOROPENED~ISRUN
	R392.1	  >>> KITCHENLIGHT~AUTO~TIMERAFTERDOOROPENED~ISDONE
	RL393	  >>> KITCHENLIGHT~AUTO~TIMERAFTERDOOROPENED~CURRENTTIME
	R397.0	  >>>> KITCHENLIGHT~AUTO~TIMERAFTERDOOROPENED~TIMER~IN
	RL398	  >>>> KITCHENLIGHT~AUTO~TIMERAFTERDOOROPENED~TIMER~PT
	R402.0	  >>>> KITCHENLIGHT~AUTO~TIMERAFTERDOOROPENED~TIMER~Q
	RL403	  >>>> KITCHENLIGHT~AUTO~TIMERAFTERDOOROPENED~TIMER~ET
	R407.0	  >>>>> KITCHENLIGHT~AUTO~TIMERAFTERDOOROPENED~TIMER~IN_R_EDGE~CLK
	R407.1	  >>>>> KITCHENLIGHT~AUTO~TIMERAFTERDOOROPENED~TIMER~IN_R_EDGE~Q
	R407.2	  >>>>> KITCHENLIGHT~AUTO~TIMERAFTERDOOROPENED~TIMER~IN_R_EDGE~M
	RL408	  >>>> KITCHENLIGHT~AUTO~TIMERAFTERDOOROPENED~TIMER~LT
	R412.0	  >>> KITCHENLIGHT~AUTO~TIMERAFTERDOOROPENED~__EDGE_R__START
	R412.1	  >>> KITCHENLIGHT~AUTO~TIMERAFTERDOOROPENED~__EDGE_R__RESET
	R413.0	  >>> KITCHENLIGHT~AUTO~TIMERAFTERDOORCLOSED~START
	R413.1	  >>> KITCHENLIGHT~AUTO~TIMERAFTERDOORCLOSED~RESET
	RL414	  >>> KITCHENLIGHT~AUTO~TIMERAFTERDOORCLOSED~TIMETOCOUNT
	R418.0	  >>> KITCHENLIGHT~AUTO~TIMERAFTERDOORCLOSED~ISRUN
	R418.1	  >>> KITCHENLIGHT~AUTO~TIMERAFTERDOORCLOSED~ISDONE
	RL419	  >>> KITCHENLIGHT~AUTO~TIMERAFTERDOORCLOSED~CURRENTTIME
	R423.0	  >>>> KITCHENLIGHT~AUTO~TIMERAFTERDOORCLOSED~TIMER~IN
	RL424	  >>>> KITCHENLIGHT~AUTO~TIMERAFTERDOORCLOSED~TIMER~PT
	R428.0	  >>>> KITCHENLIGHT~AUTO~TIMERAFTERDOORCLOSED~TIMER~Q
	RL429	  >>>> KITCHENLIGHT~AUTO~TIMERAFTERDOORCLOSED~TIMER~ET
	R433.0	  >>>>> KITCHENLIGHT~AUTO~TIMERAFTERDOORCLOSED~TIMER~IN_R_EDGE~CLK
	R433.1	  >>>>> KITCHENLIGHT~AUTO~TIMERAFTERDOORCLOSED~TIMER~IN_R_EDGE~Q
	R433.2	  >>>>> KITCHENLIGHT~AUTO~TIMERAFTERDOORCLOSED~TIMER~IN_R_EDGE~M
	RL434	  >>>> KITCHENLIGHT~AUTO~TIMERAFTERDOORCLOSED~TIMER~LT
	R438.0	  >>> KITCHENLIGHT~AUTO~TIMERAFTERDOORCLOSED~__EDGE_R__START
	R438.1	  >>> KITCHENLIGHT~AUTO~TIMERAFTERDOORCLOSED~__EDGE_R__RESET
	R439.0	  >>> KITCHENLIGHT~AUTO~TIMERAFTERMOTIONDETECTED~START
	R439.1	  >>> KITCHENLIGHT~AUTO~TIMERAFTERMOTIONDETECTED~RESET
	RL440	  >>> KITCHENLIGHT~AUTO~TIMERAFTERMOTIONDETECTED~TIMETOCOUNT
	R444.0	  >>> KITCHENLIGHT~AUTO~TIMERAFTERMOTIONDETECTED~ISRUN
	R444.1	  >>> KITCHENLIGHT~AUTO~TIMERAFTERMOTIONDETECTED~ISDONE
	RL445	  >>> KITCHENLIGHT~AUTO~TIMERAFTERMOTIONDETECTED~CURRENTTIME
	R449.0	  >>>> KITCHENLIGHT~AUTO~TIMERAFTERMOTIONDETECTED~TIMER~IN
	RL450	  >>>> KITCHENLIGHT~AUTO~TIMERAFTERMOTIONDETECTED~TIMER~PT
	R454.0	  >>>> KITCHENLIGHT~AUTO~TIMERAFTERMOTIONDETECTED~TIMER~Q
	RL455	  >>>> KITCHENLIGHT~AUTO~TIMERAFTERMOTIONDETECTED~TIMER~ET
	R459.0	  >>>>> KITCHENLIGHT~AUTO~TIMERAFTERMOTIONDETECTED~TIMER~IN_R_EDGE~CLK
	R459.1	  >>>>> KITCHENLIGHT~AUTO~TIMERAFTERMOTIONDETECTED~TIMER~IN_R_EDGE~Q
	R459.2	  >>>>> KITCHENLIGHT~AUTO~TIMERAFTERMOTIONDETECTED~TIMER~IN_R_EDGE~M
	RL460	  >>>> KITCHENLIGHT~AUTO~TIMERAFTERMOTIONDETECTED~TIMER~LT
	R464.0	  >>> KITCHENLIGHT~AUTO~TIMERAFTERMOTIONDETECTED~__EDGE_R__START
	R464.1	  >>> KITCHENLIGHT~AUTO~TIMERAFTERMOTIONDETECTED~__EDGE_R__RESET
	R465.0	  >>> KITCHENLIGHT~AUTO~TIMERAFTERLASTACTION~START
	R465.1	  >>> KITCHENLIGHT~AUTO~TIMERAFTERLASTACTION~RESET
	RL466	  >>> KITCHENLIGHT~AUTO~TIMERAFTERLASTACTION~TIMETOCOUNT
	R470.0	  >>> KITCHENLIGHT~AUTO~TIMERAFTERLASTACTION~ISRUN
	R470.1	  >>> KITCHENLIGHT~AUTO~TIMERAFTERLASTACTION~ISDONE
	RL471	  >>> KITCHENLIGHT~AUTO~TIMERAFTERLASTACTION~CURRENTTIME
	R475.0	  >>>> KITCHENLIGHT~AUTO~TIMERAFTERLASTACTION~TIMER~IN
	RL476	  >>>> KITCHENLIGHT~AUTO~TIMERAFTERLASTACTION~TIMER~PT
	R480.0	  >>>> KITCHENLIGHT~AUTO~TIMERAFTERLASTACTION~TIMER~Q
	RL481	  >>>> KITCHENLIGHT~AUTO~TIMERAFTERLASTACTION~TIMER~ET
	R485.0	  >>>>> KITCHENLIGHT~AUTO~TIMERAFTERLASTACTION~TIMER~IN_R_EDGE~CLK
	R485.1	  >>>>> KITCHENLIGHT~AUTO~TIMERAFTERLASTACTION~TIMER~IN_R_EDGE~Q
	R485.2	  >>>>> KITCHENLIGHT~AUTO~TIMERAFTERLASTACTION~TIMER~IN_R_EDGE~M
	RL486	  >>>> KITCHENLIGHT~AUTO~TIMERAFTERLASTACTION~TIMER~LT
	R490.0	  >>> KITCHENLIGHT~AUTO~TIMERAFTERLASTACTION~__EDGE_R__START
	R490.1	  >>> KITCHENLIGHT~AUTO~TIMERAFTERLASTACTION~__EDGE_R__RESET
	R491.0	  >>> KITCHENLIGHT~AUTO~DOORSENSRISE~CLK
	R491.1	  >>> KITCHENLIGHT~AUTO~DOORSENSRISE~Q
	R491.2	  >>> KITCHENLIGHT~AUTO~DOORSENSRISE~M
	R492.0	  >>> KITCHENLIGHT~AUTO~DOORSENSFALL~CLK
	R492.1	  >>> KITCHENLIGHT~AUTO~DOORSENSFALL~Q
	R492.2	  >>> KITCHENLIGHT~AUTO~DOORSENSFALL~M
	R493.0	  >> KITCHENLIGHT~AUTO~DOORCLOSED
	R493.1	  >> KITCHENLIGHT~AUTO~DOOROPENED
	R494.0	  >>> KITCHENLIGHT~AUTO~MOTIONSENSRISE~CLK
	R494.1	  >>> KITCHENLIGHT~AUTO~MOTIONSENSRISE~Q
	R494.2	  >>> KITCHENLIGHT~AUTO~MOTIONSENSRISE~M
	R495.0	  >>> KITCHENLIGHT~AUTO~MOTIONSENSFALL~CLK
	R495.1	  >>> KITCHENLIGHT~AUTO~MOTIONSENSFALL~Q
	R495.2	  >>> KITCHENLIGHT~AUTO~MOTIONSENSFALL~M
	R496.0	  >> KITCHENLIGHT~AUTO~MOTIONDETECTED
	R496.1	  >> KITCHENLIGHT~AUTO~MOTIONEND
	R497.0	  >>> KITCHENLIGHT~AUTO~NIGHTMODEOFF~CLK
	R497.1	  >>> KITCHENLIGHT~AUTO~NIGHTMODEOFF~Q
	R497.2	  >>> KITCHENLIGHT~AUTO~NIGHTMODEOFF~M
	R498.0	  > KITCHENLIGHT~INIT
R  499   : 507   =PRGBALCONYLIGHT BALCONYLIGHT	; 
	RL499	  >> BALCONYLIGHT~LAMP1~TRIGBUTTON
	R503.0	  >> BALCONYLIGHT~LAMP1~SETSTATE
	R504.0	  >>> BALCONYLIGHT~LAMP1~TRIGBUTTONOFF~CLK
	R504.1	  >>> BALCONYLIGHT~LAMP1~TRIGBUTTONOFF~Q
	R504.2	  >>> BALCONYLIGHT~LAMP1~TRIGBUTTONOFF~M
	R505.0	  >>> BALCONYLIGHT~LAMP1~TRIGBUTTONON~CLK
	R505.1	  >>> BALCONYLIGHT~LAMP1~TRIGBUTTONON~Q
	R505.2	  >>> BALCONYLIGHT~LAMP1~TRIGBUTTONON~M
	R506.0	  >> BALCONYLIGHT~LAMP1~STATECHANGED
	R506.1	  >> BALCONYLIGHT~LAMP1~STATE
	R507.0	  > BALCONYLIGHT~INIT
R  508   : 661   =PRGBEDROOM2LIGHT BEDROOM2LIGHT	; 
	RL508	  >> BEDROOM2LIGHT~LAMP1~TRIGBUTTON
	R512.0	  >> BEDROOM2LIGHT~LAMP1~SETSTATE
	R513.0	  >>> BEDROOM2LIGHT~LAMP1~TRIGBUTTONOFF~CLK
	R513.1	  >>> BEDROOM2LIGHT~LAMP1~TRIGBUTTONOFF~Q
	R513.2	  >>> BEDROOM2LIGHT~LAMP1~TRIGBUTTONOFF~M
	R514.0	  >>> BEDROOM2LIGHT~LAMP1~TRIGBUTTONON~CLK
	R514.1	  >>> BEDROOM2LIGHT~LAMP1~TRIGBUTTONON~Q
	R514.2	  >>> BEDROOM2LIGHT~LAMP1~TRIGBUTTONON~M
	R515.0	  >> BEDROOM2LIGHT~LAMP1~STATECHANGED
	R515.1	  >> BEDROOM2LIGHT~LAMP1~STATE
	RL516	  >> BEDROOM2LIGHT~LAMP2~TRIGBUTTON
	R520.0	  >> BEDROOM2LIGHT~LAMP2~SETSTATE
	R521.0	  >>> BEDROOM2LIGHT~LAMP2~TRIGBUTTONOFF~CLK
	R521.1	  >>> BEDROOM2LIGHT~LAMP2~TRIGBUTTONOFF~Q
	R521.2	  >>> BEDROOM2LIGHT~LAMP2~TRIGBUTTONOFF~M
	R522.0	  >>> BEDROOM2LIGHT~LAMP2~TRIGBUTTONON~CLK
	R522.1	  >>> BEDROOM2LIGHT~LAMP2~TRIGBUTTONON~Q
	R522.2	  >>> BEDROOM2LIGHT~LAMP2~TRIGBUTTONON~M
	R523.0	  >> BEDROOM2LIGHT~LAMP2~STATECHANGED
	R523.1	  >> BEDROOM2LIGHT~LAMP2~STATE
	RL524	  >> BEDROOM2LIGHT~LAMP3~TRIGBUTTON
	R528.0	  >> BEDROOM2LIGHT~LAMP3~SETSTATE
	R529.0	  >>> BEDROOM2LIGHT~LAMP3~TRIGBUTTONOFF~CLK
	R529.1	  >>> BEDROOM2LIGHT~LAMP3~TRIGBUTTONOFF~Q
	R529.2	  >>> BEDROOM2LIGHT~LAMP3~TRIGBUTTONOFF~M
	R530.0	  >>> BEDROOM2LIGHT~LAMP3~TRIGBUTTONON~CLK
	R530.1	  >>> BEDROOM2LIGHT~LAMP3~TRIGBUTTONON~Q
	R530.2	  >>> BEDROOM2LIGHT~LAMP3~TRIGBUTTONON~M
	R531.0	  >> BEDROOM2LIGHT~LAMP3~STATECHANGED
	R531.1	  >> BEDROOM2LIGHT~LAMP3~STATE
	R532.0	  >>> BEDROOM2LIGHT~AUTO~SENSOR_DOOR~STATE
	R533	  >>> BEDROOM2LIGHT~AUTO~SENSOR_DOOR~MODE
	R534.0	  >>> BEDROOM2LIGHT~AUTO~SENSOR_MOTION~STATE
	R535	  >>> BEDROOM2LIGHT~AUTO~SENSOR_MOTION~MODE
	R536.0	  >> BEDROOM2LIGHT~AUTO~AUTOMODE
	R536.1	  >> BEDROOM2LIGHT~AUTO~NIGHTMODE
	R536.2	  >> BEDROOM2LIGHT~AUTO~FORGETMODE
	R536.3	  >> BEDROOM2LIGHT~AUTO~ANYLIGHTON
	R536.4	  >> BEDROOM2LIGHT~AUTO~ANYLIGHTCHANGED
	RL537	  >> BEDROOM2LIGHT~AUTO~TIMEAFTERDOOROPENCLOSE
	RL541	  >> BEDROOM2LIGHT~AUTO~TIMEAFTERMOTIONDETECT
	RL545	  >> BEDROOM2LIGHT~AUTO~TIMEAFTERLASTACTION
	R549.0	  >> BEDROOM2LIGHT~AUTO~SETSTATE
	R549.1	  >> BEDROOM2LIGHT~AUTO~PERSONLEFT
	R549.2	  >> BEDROOM2LIGHT~AUTO~FORGET
	R549.3	  >> BEDROOM2LIGHT~AUTO~STATECHANGED
	R549.4	  >> BEDROOM2LIGHT~AUTO~STATE
	R550.0	  >>> BEDROOM2LIGHT~AUTO~TIMERAFTERDOOROPENED~START
	R550.1	  >>> BEDROOM2LIGHT~AUTO~TIMERAFTERDOOROPENED~RESET
	RL551	  >>> BEDROOM2LIGHT~AUTO~TIMERAFTERDOOROPENED~TIMETOCOUNT
	R555.0	  >>> BEDROOM2LIGHT~AUTO~TIMERAFTERDOOROPENED~ISRUN
	R555.1	  >>> BEDROOM2LIGHT~AUTO~TIMERAFTERDOOROPENED~ISDONE
	RL556	  >>> BEDROOM2LIGHT~AUTO~TIMERAFTERDOOROPENED~CURRENTTIME
	R560.0	  >>>> BEDROOM2LIGHT~AUTO~TIMERAFTERDOOROPENED~TIMER~IN
	RL561	  >>>> BEDROOM2LIGHT~AUTO~TIMERAFTERDOOROPENED~TIMER~PT
	R565.0	  >>>> BEDROOM2LIGHT~AUTO~TIMERAFTERDOOROPENED~TIMER~Q
	RL566	  >>>> BEDROOM2LIGHT~AUTO~TIMERAFTERDOOROPENED~TIMER~ET
	R570.0	  >>>>> BEDROOM2LIGHT~AUTO~TIMERAFTERDOOROPENED~TIMER~IN_R_EDGE~CLK
	R570.1	  >>>>> BEDROOM2LIGHT~AUTO~TIMERAFTERDOOROPENED~TIMER~IN_R_EDGE~Q
	R570.2	  >>>>> BEDROOM2LIGHT~AUTO~TIMERAFTERDOOROPENED~TIMER~IN_R_EDGE~M
	RL571	  >>>> BEDROOM2LIGHT~AUTO~TIMERAFTERDOOROPENED~TIMER~LT
	R575.0	  >>> BEDROOM2LIGHT~AUTO~TIMERAFTERDOOROPENED~__EDGE_R__START
	R575.1	  >>> BEDROOM2LIGHT~AUTO~TIMERAFTERDOOROPENED~__EDGE_R__RESET
	R576.0	  >>> BEDROOM2LIGHT~AUTO~TIMERAFTERDOORCLOSED~START
	R576.1	  >>> BEDROOM2LIGHT~AUTO~TIMERAFTERDOORCLOSED~RESET
	RL577	  >>> BEDROOM2LIGHT~AUTO~TIMERAFTERDOORCLOSED~TIMETOCOUNT
	R581.0	  >>> BEDROOM2LIGHT~AUTO~TIMERAFTERDOORCLOSED~ISRUN
	R581.1	  >>> BEDROOM2LIGHT~AUTO~TIMERAFTERDOORCLOSED~ISDONE
	RL582	  >>> BEDROOM2LIGHT~AUTO~TIMERAFTERDOORCLOSED~CURRENTTIME
	R586.0	  >>>> BEDROOM2LIGHT~AUTO~TIMERAFTERDOORCLOSED~TIMER~IN
	RL587	  >>>> BEDROOM2LIGHT~AUTO~TIMERAFTERDOORCLOSED~TIMER~PT
	R591.0	  >>>> BEDROOM2LIGHT~AUTO~TIMERAFTERDOORCLOSED~TIMER~Q
	RL592	  >>>> BEDROOM2LIGHT~AUTO~TIMERAFTERDOORCLOSED~TIMER~ET
	R596.0	  >>>>> BEDROOM2LIGHT~AUTO~TIMERAFTERDOORCLOSED~TIMER~IN_R_EDGE~CLK
	R596.1	  >>>>> BEDROOM2LIGHT~AUTO~TIMERAFTERDOORCLOSED~TIMER~IN_R_EDGE~Q
	R596.2	  >>>>> BEDROOM2LIGHT~AUTO~TIMERAFTERDOORCLOSED~TIMER~IN_R_EDGE~M
	RL597	  >>>> BEDROOM2LIGHT~AUTO~TIMERAFTERDOORCLOSED~TIMER~LT
	R601.0	  >>> BEDROOM2LIGHT~AUTO~TIMERAFTERDOORCLOSED~__EDGE_R__START
	R601.1	  >>> BEDROOM2LIGHT~AUTO~TIMERAFTERDOORCLOSED~__EDGE_R__RESET
	R602.0	  >>> BEDROOM2LIGHT~AUTO~TIMERAFTERMOTIONDETECTED~START
	R602.1	  >>> BEDROOM2LIGHT~AUTO~TIMERAFTERMOTIONDETECTED~RESET
	RL603	  >>> BEDROOM2LIGHT~AUTO~TIMERAFTERMOTIONDETECTED~TIMETOCOUNT
	R607.0	  >>> BEDROOM2LIGHT~AUTO~TIMERAFTERMOTIONDETECTED~ISRUN
	R607.1	  >>> BEDROOM2LIGHT~AUTO~TIMERAFTERMOTIONDETECTED~ISDONE
	RL608	  >>> BEDROOM2LIGHT~AUTO~TIMERAFTERMOTIONDETECTED~CURRENTTIME
	R612.0	  >>>> BEDROOM2LIGHT~AUTO~TIMERAFTERMOTIONDETECTED~TIMER~IN
	RL613	  >>>> BEDROOM2LIGHT~AUTO~TIMERAFTERMOTIONDETECTED~TIMER~PT
	R617.0	  >>>> BEDROOM2LIGHT~AUTO~TIMERAFTERMOTIONDETECTED~TIMER~Q
	RL618	  >>>> BEDROOM2LIGHT~AUTO~TIMERAFTERMOTIONDETECTED~TIMER~ET
	R622.0	  >>>>> BEDROOM2LIGHT~AUTO~TIMERAFTERMOTIONDETECTED~TIMER~IN_R_EDGE~CLK
	R622.1	  >>>>> BEDROOM2LIGHT~AUTO~TIMERAFTERMOTIONDETECTED~TIMER~IN_R_EDGE~Q
	R622.2	  >>>>> BEDROOM2LIGHT~AUTO~TIMERAFTERMOTIONDETECTED~TIMER~IN_R_EDGE~M
	RL623	  >>>> BEDROOM2LIGHT~AUTO~TIMERAFTERMOTIONDETECTED~TIMER~LT
	R627.0	  >>> BEDROOM2LIGHT~AUTO~TIMERAFTERMOTIONDETECTED~__EDGE_R__START
	R627.1	  >>> BEDROOM2LIGHT~AUTO~TIMERAFTERMOTIONDETECTED~__EDGE_R__RESET
	R628.0	  >>> BEDROOM2LIGHT~AUTO~TIMERAFTERLASTACTION~START
	R628.1	  >>> BEDROOM2LIGHT~AUTO~TIMERAFTERLASTACTION~RESET
	RL629	  >>> BEDROOM2LIGHT~AUTO~TIMERAFTERLASTACTION~TIMETOCOUNT
	R633.0	  >>> BEDROOM2LIGHT~AUTO~TIMERAFTERLASTACTION~ISRUN
	R633.1	  >>> BEDROOM2LIGHT~AUTO~TIMERAFTERLASTACTION~ISDONE
	RL634	  >>> BEDROOM2LIGHT~AUTO~TIMERAFTERLASTACTION~CURRENTTIME
	R638.0	  >>>> BEDROOM2LIGHT~AUTO~TIMERAFTERLASTACTION~TIMER~IN
	RL639	  >>>> BEDROOM2LIGHT~AUTO~TIMERAFTERLASTACTION~TIMER~PT
	R643.0	  >>>> BEDROOM2LIGHT~AUTO~TIMERAFTERLASTACTION~TIMER~Q
	RL644	  >>>> BEDROOM2LIGHT~AUTO~TIMERAFTERLASTACTION~TIMER~ET
	R648.0	  >>>>> BEDROOM2LIGHT~AUTO~TIMERAFTERLASTACTION~TIMER~IN_R_EDGE~CLK
	R648.1	  >>>>> BEDROOM2LIGHT~AUTO~TIMERAFTERLASTACTION~TIMER~IN_R_EDGE~Q
	R648.2	  >>>>> BEDROOM2LIGHT~AUTO~TIMERAFTERLASTACTION~TIMER~IN_R_EDGE~M
	RL649	  >>>> BEDROOM2LIGHT~AUTO~TIMERAFTERLASTACTION~TIMER~LT
	R653.0	  >>> BEDROOM2LIGHT~AUTO~TIMERAFTERLASTACTION~__EDGE_R__START
	R653.1	  >>> BEDROOM2LIGHT~AUTO~TIMERAFTERLASTACTION~__EDGE_R__RESET
	R654.0	  >>> BEDROOM2LIGHT~AUTO~DOORSENSRISE~CLK
	R654.1	  >>> BEDROOM2LIGHT~AUTO~DOORSENSRISE~Q
	R654.2	  >>> BEDROOM2LIGHT~AUTO~DOORSENSRISE~M
	R655.0	  >>> BEDROOM2LIGHT~AUTO~DOORSENSFALL~CLK
	R655.1	  >>> BEDROOM2LIGHT~AUTO~DOORSENSFALL~Q
	R655.2	  >>> BEDROOM2LIGHT~AUTO~DOORSENSFALL~M
	R656.0	  >> BEDROOM2LIGHT~AUTO~DOORCLOSED
	R656.1	  >> BEDROOM2LIGHT~AUTO~DOOROPENED
	R657.0	  >>> BEDROOM2LIGHT~AUTO~MOTIONSENSRISE~CLK
	R657.1	  >>> BEDROOM2LIGHT~AUTO~MOTIONSENSRISE~Q
	R657.2	  >>> BEDROOM2LIGHT~AUTO~MOTIONSENSRISE~M
	R658.0	  >>> BEDROOM2LIGHT~AUTO~MOTIONSENSFALL~CLK
	R658.1	  >>> BEDROOM2LIGHT~AUTO~MOTIONSENSFALL~Q
	R658.2	  >>> BEDROOM2LIGHT~AUTO~MOTIONSENSFALL~M
	R659.0	  >> BEDROOM2LIGHT~AUTO~MOTIONDETECTED
	R659.1	  >> BEDROOM2LIGHT~AUTO~MOTIONEND
	R660.0	  >>> BEDROOM2LIGHT~AUTO~NIGHTMODEOFF~CLK
	R660.1	  >>> BEDROOM2LIGHT~AUTO~NIGHTMODEOFF~Q
	R660.2	  >>> BEDROOM2LIGHT~AUTO~NIGHTMODEOFF~M
	R661.0	  > BEDROOM2LIGHT~INIT
R  662   : 876   =PRGEATINGROOMLIGHT EATINGROOMLIGHT	; 
	RL662	  >> EATINGROOMLIGHT~LAMP1~TRIGBUTTON
	R666.0	  >> EATINGROOMLIGHT~LAMP1~SETSTATE
	R667.0	  >>> EATINGROOMLIGHT~LAMP1~TRIGBUTTONOFF~CLK
	R667.1	  >>> EATINGROOMLIGHT~LAMP1~TRIGBUTTONOFF~Q
	R667.2	  >>> EATINGROOMLIGHT~LAMP1~TRIGBUTTONOFF~M
	R668.0	  >>> EATINGROOMLIGHT~LAMP1~TRIGBUTTONON~CLK
	R668.1	  >>> EATINGROOMLIGHT~LAMP1~TRIGBUTTONON~Q
	R668.2	  >>> EATINGROOMLIGHT~LAMP1~TRIGBUTTONON~M
	R669.0	  >> EATINGROOMLIGHT~LAMP1~STATECHANGED
	R669.1	  >> EATINGROOMLIGHT~LAMP1~STATE
	R670.0	  >>> EATINGROOMLIGHT~AUTO~SENSOR_DOOR~STATE
	R671	  >>> EATINGROOMLIGHT~AUTO~SENSOR_DOOR~MODE
	R672.0	  >>> EATINGROOMLIGHT~AUTO~SENSOR_MOTION~STATE
	R673	  >>> EATINGROOMLIGHT~AUTO~SENSOR_MOTION~MODE
	R674.0	  >> EATINGROOMLIGHT~AUTO~AUTOMODE
	R674.1	  >> EATINGROOMLIGHT~AUTO~NIGHTMODE
	R674.2	  >> EATINGROOMLIGHT~AUTO~FORGETMODE
	R674.3	  >> EATINGROOMLIGHT~AUTO~ANYLIGHTON
	R674.4	  >> EATINGROOMLIGHT~AUTO~ANYLIGHTCHANGED
	RL675	  >> EATINGROOMLIGHT~AUTO~TIMEAFTERDOOROPENCLOSE
	RL679	  >> EATINGROOMLIGHT~AUTO~TIMEAFTERMOTIONDETECT
	RL683	  >> EATINGROOMLIGHT~AUTO~TIMEAFTERLASTACTION
	R687.0	  >> EATINGROOMLIGHT~AUTO~SETSTATE
	R687.1	  >> EATINGROOMLIGHT~AUTO~PERSONLEFT
	R687.2	  >> EATINGROOMLIGHT~AUTO~FORGET
	R687.3	  >> EATINGROOMLIGHT~AUTO~STATECHANGED
	R687.4	  >> EATINGROOMLIGHT~AUTO~STATE
	R688.0	  >>> EATINGROOMLIGHT~AUTO~TIMERAFTERDOOROPENED~START
	R688.1	  >>> EATINGROOMLIGHT~AUTO~TIMERAFTERDOOROPENED~RESET
	RL689	  >>> EATINGROOMLIGHT~AUTO~TIMERAFTERDOOROPENED~TIMETOCOUNT
	R693.0	  >>> EATINGROOMLIGHT~AUTO~TIMERAFTERDOOROPENED~ISRUN
	R693.1	  >>> EATINGROOMLIGHT~AUTO~TIMERAFTERDOOROPENED~ISDONE
	RL694	  >>> EATINGROOMLIGHT~AUTO~TIMERAFTERDOOROPENED~CURRENTTIME
	R698.0	  >>>> EATINGROOMLIGHT~AUTO~TIMERAFTERDOOROPENED~TIMER~IN
	RL699	  >>>> EATINGROOMLIGHT~AUTO~TIMERAFTERDOOROPENED~TIMER~PT
	R703.0	  >>>> EATINGROOMLIGHT~AUTO~TIMERAFTERDOOROPENED~TIMER~Q
	RL704	  >>>> EATINGROOMLIGHT~AUTO~TIMERAFTERDOOROPENED~TIMER~ET
	R708.0	  >>>>> EATINGROOMLIGHT~AUTO~TIMERAFTERDOOROPENED~TIMER~IN_R_EDGE~CLK
	R708.1	  >>>>> EATINGROOMLIGHT~AUTO~TIMERAFTERDOOROPENED~TIMER~IN_R_EDGE~Q
	R708.2	  >>>>> EATINGROOMLIGHT~AUTO~TIMERAFTERDOOROPENED~TIMER~IN_R_EDGE~M
	RL709	  >>>> EATINGROOMLIGHT~AUTO~TIMERAFTERDOOROPENED~TIMER~LT
	R713.0	  >>> EATINGROOMLIGHT~AUTO~TIMERAFTERDOOROPENED~__EDGE_R__START
	R713.1	  >>> EATINGROOMLIGHT~AUTO~TIMERAFTERDOOROPENED~__EDGE_R__RESET
	R714.0	  >>> EATINGROOMLIGHT~AUTO~TIMERAFTERDOORCLOSED~START
	R714.1	  >>> EATINGROOMLIGHT~AUTO~TIMERAFTERDOORCLOSED~RESET
	RL715	  >>> EATINGROOMLIGHT~AUTO~TIMERAFTERDOORCLOSED~TIMETOCOUNT
	R719.0	  >>> EATINGROOMLIGHT~AUTO~TIMERAFTERDOORCLOSED~ISRUN
	R719.1	  >>> EATINGROOMLIGHT~AUTO~TIMERAFTERDOORCLOSED~ISDONE
	RL720	  >>> EATINGROOMLIGHT~AUTO~TIMERAFTERDOORCLOSED~CURRENTTIME
	R724.0	  >>>> EATINGROOMLIGHT~AUTO~TIMERAFTERDOORCLOSED~TIMER~IN
	RL725	  >>>> EATINGROOMLIGHT~AUTO~TIMERAFTERDOORCLOSED~TIMER~PT
	R729.0	  >>>> EATINGROOMLIGHT~AUTO~TIMERAFTERDOORCLOSED~TIMER~Q
	RL730	  >>>> EATINGROOMLIGHT~AUTO~TIMERAFTERDOORCLOSED~TIMER~ET
	R734.0	  >>>>> EATINGROOMLIGHT~AUTO~TIMERAFTERDOORCLOSED~TIMER~IN_R_EDGE~CLK
	R734.1	  >>>>> EATINGROOMLIGHT~AUTO~TIMERAFTERDOORCLOSED~TIMER~IN_R_EDGE~Q
	R734.2	  >>>>> EATINGROOMLIGHT~AUTO~TIMERAFTERDOORCLOSED~TIMER~IN_R_EDGE~M
	RL735	  >>>> EATINGROOMLIGHT~AUTO~TIMERAFTERDOORCLOSED~TIMER~LT
	R739.0	  >>> EATINGROOMLIGHT~AUTO~TIMERAFTERDOORCLOSED~__EDGE_R__START
	R739.1	  >>> EATINGROOMLIGHT~AUTO~TIMERAFTERDOORCLOSED~__EDGE_R__RESET
	R740.0	  >>> EATINGROOMLIGHT~AUTO~TIMERAFTERMOTIONDETECTED~START
	R740.1	  >>> EATINGROOMLIGHT~AUTO~TIMERAFTERMOTIONDETECTED~RESET
	RL741	  >>> EATINGROOMLIGHT~AUTO~TIMERAFTERMOTIONDETECTED~TIMETOCOUNT
	R745.0	  >>> EATINGROOMLIGHT~AUTO~TIMERAFTERMOTIONDETECTED~ISRUN
	R745.1	  >>> EATINGROOMLIGHT~AUTO~TIMERAFTERMOTIONDETECTED~ISDONE
	RL746	  >>> EATINGROOMLIGHT~AUTO~TIMERAFTERMOTIONDETECTED~CURRENTTIME
	R750.0	  >>>> EATINGROOMLIGHT~AUTO~TIMERAFTERMOTIONDETECTED~TIMER~IN
	RL751	  >>>> EATINGROOMLIGHT~AUTO~TIMERAFTERMOTIONDETECTED~TIMER~PT
	R755.0	  >>>> EATINGROOMLIGHT~AUTO~TIMERAFTERMOTIONDETECTED~TIMER~Q
	RL756	  >>>> EATINGROOMLIGHT~AUTO~TIMERAFTERMOTIONDETECTED~TIMER~ET
	R760.0	  >>>>> EATINGROOMLIGHT~AUTO~TIMERAFTERMOTIONDETECTED~TIMER~IN_R_EDGE~CLK
	R760.1	  >>>>> EATINGROOMLIGHT~AUTO~TIMERAFTERMOTIONDETECTED~TIMER~IN_R_EDGE~Q
	R760.2	  >>>>> EATINGROOMLIGHT~AUTO~TIMERAFTERMOTIONDETECTED~TIMER~IN_R_EDGE~M
	RL761	  >>>> EATINGROOMLIGHT~AUTO~TIMERAFTERMOTIONDETECTED~TIMER~LT
	R765.0	  >>> EATINGROOMLIGHT~AUTO~TIMERAFTERMOTIONDETECTED~__EDGE_R__START
	R765.1	  >>> EATINGROOMLIGHT~AUTO~TIMERAFTERMOTIONDETECTED~__EDGE_R__RESET
	R766.0	  >>> EATINGROOMLIGHT~AUTO~TIMERAFTERLASTACTION~START
	R766.1	  >>> EATINGROOMLIGHT~AUTO~TIMERAFTERLASTACTION~RESET
	RL767	  >>> EATINGROOMLIGHT~AUTO~TIMERAFTERLASTACTION~TIMETOCOUNT
	R771.0	  >>> EATINGROOMLIGHT~AUTO~TIMERAFTERLASTACTION~ISRUN
	R771.1	  >>> EATINGROOMLIGHT~AUTO~TIMERAFTERLASTACTION~ISDONE
	RL772	  >>> EATINGROOMLIGHT~AUTO~TIMERAFTERLASTACTION~CURRENTTIME
	R776.0	  >>>> EATINGROOMLIGHT~AUTO~TIMERAFTERLASTACTION~TIMER~IN
	RL777	  >>>> EATINGROOMLIGHT~AUTO~TIMERAFTERLASTACTION~TIMER~PT
	R781.0	  >>>> EATINGROOMLIGHT~AUTO~TIMERAFTERLASTACTION~TIMER~Q
	RL782	  >>>> EATINGROOMLIGHT~AUTO~TIMERAFTERLASTACTION~TIMER~ET
	R786.0	  >>>>> EATINGROOMLIGHT~AUTO~TIMERAFTERLASTACTION~TIMER~IN_R_EDGE~CLK
	R786.1	  >>>>> EATINGROOMLIGHT~AUTO~TIMERAFTERLASTACTION~TIMER~IN_R_EDGE~Q
	R786.2	  >>>>> EATINGROOMLIGHT~AUTO~TIMERAFTERLASTACTION~TIMER~IN_R_EDGE~M
	RL787	  >>>> EATINGROOMLIGHT~AUTO~TIMERAFTERLASTACTION~TIMER~LT
	R791.0	  >>> EATINGROOMLIGHT~AUTO~TIMERAFTERLASTACTION~__EDGE_R__START
	R791.1	  >>> EATINGROOMLIGHT~AUTO~TIMERAFTERLASTACTION~__EDGE_R__RESET
	R792.0	  >>> EATINGROOMLIGHT~AUTO~DOORSENSRISE~CLK
	R792.1	  >>> EATINGROOMLIGHT~AUTO~DOORSENSRISE~Q
	R792.2	  >>> EATINGROOMLIGHT~AUTO~DOORSENSRISE~M
	R793.0	  >>> EATINGROOMLIGHT~AUTO~DOORSENSFALL~CLK
	R793.1	  >>> EATINGROOMLIGHT~AUTO~DOORSENSFALL~Q
	R793.2	  >>> EATINGROOMLIGHT~AUTO~DOORSENSFALL~M
	R794.0	  >> EATINGROOMLIGHT~AUTO~DOORCLOSED
	R794.1	  >> EATINGROOMLIGHT~AUTO~DOOROPENED
	R795.0	  >>> EATINGROOMLIGHT~AUTO~MOTIONSENSRISE~CLK
	R795.1	  >>> EATINGROOMLIGHT~AUTO~MOTIONSENSRISE~Q
	R795.2	  >>> EATINGROOMLIGHT~AUTO~MOTIONSENSRISE~M
	R796.0	  >>> EATINGROOMLIGHT~AUTO~MOTIONSENSFALL~CLK
	R796.1	  >>> EATINGROOMLIGHT~AUTO~MOTIONSENSFALL~Q
	R796.2	  >>> EATINGROOMLIGHT~AUTO~MOTIONSENSFALL~M
	R797.0	  >> EATINGROOMLIGHT~AUTO~MOTIONDETECTED
	R797.1	  >> EATINGROOMLIGHT~AUTO~MOTIONEND
	R798.0	  >>> EATINGROOMLIGHT~AUTO~NIGHTMODEOFF~CLK
	R798.1	  >>> EATINGROOMLIGHT~AUTO~NIGHTMODEOFF~Q
	R798.2	  >>> EATINGROOMLIGHT~AUTO~NIGHTMODEOFF~M
	RL799	  >> EATINGROOMLIGHT~BLIND~TIMETO_UP_DOWN
	R803.0	  >> EATINGROOMLIGHT~BLIND~OPEN
	R803.1	  >> EATINGROOMLIGHT~BLIND~CLOSE
	R803.2	  >> EATINGROOMLIGHT~BLIND~STOP
	RF804	  >> EATINGROOMLIGHT~BLIND~SETPOSITION
	R808.0	  >> EATINGROOMLIGHT~BLIND~UP
	R808.1	  >> EATINGROOMLIGHT~BLIND~DOWN
	RF809	  >> EATINGROOMLIGHT~BLIND~CURRENTPOSITION
	RL813	  >> EATINGROOMLIGHT~BLIND~T1
	R817.0	  >>> EATINGROOMLIGHT~BLIND~TIMER~START
	R817.1	  >>> EATINGROOMLIGHT~BLIND~TIMER~RESET
	RL818	  >>> EATINGROOMLIGHT~BLIND~TIMER~TIMETOCOUNT
	R822.0	  >>> EATINGROOMLIGHT~BLIND~TIMER~ISRUN
	R822.1	  >>> EATINGROOMLIGHT~BLIND~TIMER~ISDONE
	RL823	  >>> EATINGROOMLIGHT~BLIND~TIMER~CURRENTTIME
	R827.0	  >>>> EATINGROOMLIGHT~BLIND~TIMER~TIMER~IN
	RL828	  >>>> EATINGROOMLIGHT~BLIND~TIMER~TIMER~PT
	R832.0	  >>>> EATINGROOMLIGHT~BLIND~TIMER~TIMER~Q
	RL833	  >>>> EATINGROOMLIGHT~BLIND~TIMER~TIMER~ET
	R837.0	  >>>>> EATINGROOMLIGHT~BLIND~TIMER~TIMER~IN_R_EDGE~CLK
	R837.1	  >>>>> EATINGROOMLIGHT~BLIND~TIMER~TIMER~IN_R_EDGE~Q
	R837.2	  >>>>> EATINGROOMLIGHT~BLIND~TIMER~TIMER~IN_R_EDGE~M
	RL838	  >>>> EATINGROOMLIGHT~BLIND~TIMER~TIMER~LT
	R842.0	  >>> EATINGROOMLIGHT~BLIND~TIMER~__EDGE_R__START
	R842.1	  >>> EATINGROOMLIGHT~BLIND~TIMER~__EDGE_R__RESET
	R843.0	  >> EATINGROOMLIGHT~BLIND~DIRECTION
	RF844	  >> EATINGROOMLIGHT~BLIND~POSITION
	R848.0	  >>> EATINGROOMLIGHT~BLIND~STOPTTIGG~CLK
	R848.1	  >>> EATINGROOMLIGHT~BLIND~STOPTTIGG~Q
	R848.2	  >>> EATINGROOMLIGHT~BLIND~STOPTTIGG~M
	R849.0	  >>> EATINGROOMLIGHT~BLIND~OPENTRIGG~CLK
	R849.1	  >>> EATINGROOMLIGHT~BLIND~OPENTRIGG~Q
	R849.2	  >>> EATINGROOMLIGHT~BLIND~OPENTRIGG~M
	R850.0	  >>> EATINGROOMLIGHT~BLIND~CLOSETRIGG~CLK
	R850.1	  >>> EATINGROOMLIGHT~BLIND~CLOSETRIGG~Q
	R850.2	  >>> EATINGROOMLIGHT~BLIND~CLOSETRIGG~M
	R851.0	  >> EATINGROOMLIGHT~BLIND~__EDGE_R__OPEN
	R851.1	  >> EATINGROOMLIGHT~BLIND~__EDGE_R__CLOSE
	R851.2	  >> EATINGROOMLIGHT~BLIND~__EDGE_R__STOP
	RF852	  >> EATINGROOMLIGHT~BLINDSETPOSITIONOBSERBER~VALUE
	RF856	  >> EATINGROOMLIGHT~BLINDSETPOSITIONOBSERBER~PREVVALUE
	R860.0	  >> EATINGROOMLIGHT~BLINDSETPOSITIONOBSERBER~VALUECHANGED
	R860.1	  >> EATINGROOMLIGHT~BLINDSETPOSITIONOBSERBER~RISING
	R860.2	  >> EATINGROOMLIGHT~BLINDSETPOSITIONOBSERBER~FALLING
	R861.0	  >> EATINGROOMLIGHT~INITTIMER~IN
	RL862	  >> EATINGROOMLIGHT~INITTIMER~PT
	R866.0	  >> EATINGROOMLIGHT~INITTIMER~Q
	RL867	  >> EATINGROOMLIGHT~INITTIMER~ET
	R871.0	  >>> EATINGROOMLIGHT~INITTIMER~IN_R_EDGE~CLK
	R871.1	  >>> EATINGROOMLIGHT~INITTIMER~IN_R_EDGE~Q
	R871.2	  >>> EATINGROOMLIGHT~INITTIMER~IN_R_EDGE~M
	RL872	  >> EATINGROOMLIGHT~INITTIMER~LT
	R876.0	  > EATINGROOMLIGHT~INIT
R  877   :1121   =PRGBATHROOM1LIGHT BATHROOM1LIGHT	; 
	R877.0	  >> BATHROOM1LIGHT~LAMP1~BTN
	RF878	  >> BATHROOM1LIGHT~LAMP1~MINVALUE
	RF882	  >> BATHROOM1LIGHT~LAMP1~MAXVALUE
	RF886	  >> BATHROOM1LIGHT~LAMP1~DIMMSPEED
	RF890	  >> BATHROOM1LIGHT~LAMP1~SETVALUE
	R894.0	  >> BATHROOM1LIGHT~LAMP1~SETSTATE
	RL895	  >> BATHROOM1LIGHT~LAMP1~SLIDER
	RL899	  >> BATHROOM1LIGHT~LAMP1~TRIGBUTTON
	RF903	  >> BATHROOM1LIGHT~LAMP1~VALUE
	R907.0	  >> BATHROOM1LIGHT~LAMP1~VALUECHANGED
	R907.1	  >> BATHROOM1LIGHT~LAMP1~STATE
	R907.2	  >> BATHROOM1LIGHT~LAMP1~STATECHANGED
	RF908	  >> BATHROOM1LIGHT~LAMP1~DIRECTION
	RF912	  >> BATHROOM1LIGHT~LAMP1~USERVALUE
	R916.0	  >> BATHROOM1LIGHT~LAMP1~DIMMING
	R917.0	  >>> BATHROOM1LIGHT~LAMP1~TIMER~IN
	RL918	  >>> BATHROOM1LIGHT~LAMP1~TIMER~PT
	R922.0	  >>> BATHROOM1LIGHT~LAMP1~TIMER~Q
	RL923	  >>> BATHROOM1LIGHT~LAMP1~TIMER~ET
	R927.0	  >>>> BATHROOM1LIGHT~LAMP1~TIMER~IN_R_EDGE~CLK
	R927.1	  >>>> BATHROOM1LIGHT~LAMP1~TIMER~IN_R_EDGE~Q
	R927.2	  >>>> BATHROOM1LIGHT~LAMP1~TIMER~IN_R_EDGE~M
	RL928	  >>> BATHROOM1LIGHT~LAMP1~TIMER~LT
	RL932	  >> BATHROOM1LIGHT~LAMP1~CYCLETIME
	RL936	  >> BATHROOM1LIGHT~LAMP1~PREVTIME
	RF940	  >> BATHROOM1LIGHT~LAMP1~STEP
	R944.0	  >> BATHROOM1LIGHT~LAMP1~INIT
	RF945	  >> BATHROOM1LIGHT~LAMP1~PREVVALUE
	RF949	  >> BATHROOM1LIGHT~LAMP1~PREVSETVALUE
	RF953	  >> BATHROOM1LIGHT~LAMP1~PREVSLIDER
	RL957	  >>> BATHROOM1LIGHT~LAMP1~BUTTONPROCESSOR~BTN
	RL961	  >>> BATHROOM1LIGHT~LAMP1~BUTTONPROCESSOR~LONGPRESSTIME
	R965.0	  >>> BATHROOM1LIGHT~LAMP1~BUTTONPROCESSOR~LONGPRESS
	R965.1	  >>> BATHROOM1LIGHT~LAMP1~BUTTONPROCESSOR~SHORTPRESS
	R965.2	  >>> BATHROOM1LIGHT~LAMP1~BUTTONPROCESSOR~BTNPRESSED
	R965.3	  >>> BATHROOM1LIGHT~LAMP1~BUTTONPROCESSOR~BTNRELEASED
	R965.4	  >>> BATHROOM1LIGHT~LAMP1~BUTTONPROCESSOR~BTNSTATE
	R965.5	  >>> BATHROOM1LIGHT~LAMP1~BUTTONPROCESSOR~LONGPRESSANDHOLD
	R965.6	  >>> BATHROOM1LIGHT~LAMP1~BUTTONPROCESSOR~BTNPREVSTATE
	R966.0	  >>>> BATHROOM1LIGHT~LAMP1~BUTTONPROCESSOR~TIMER~START
	R966.1	  >>>> BATHROOM1LIGHT~LAMP1~BUTTONPROCESSOR~TIMER~RESET
	RL967	  >>>> BATHROOM1LIGHT~LAMP1~BUTTONPROCESSOR~TIMER~TIMETOCOUNT
	R971.0	  >>>> BATHROOM1LIGHT~LAMP1~BUTTONPROCESSOR~TIMER~ISRUN
	R971.1	  >>>> BATHROOM1LIGHT~LAMP1~BUTTONPROCESSOR~TIMER~ISDONE
	RL972	  >>>> BATHROOM1LIGHT~LAMP1~BUTTONPROCESSOR~TIMER~CURRENTTIME
	R976.0	  >>>>> BATHROOM1LIGHT~LAMP1~BUTTONPROCESSOR~TIMER~TIMER~IN
	RL977	  >>>>> BATHROOM1LIGHT~LAMP1~BUTTONPROCESSOR~TIMER~TIMER~PT
	R981.0	  >>>>> BATHROOM1LIGHT~LAMP1~BUTTONPROCESSOR~TIMER~TIMER~Q
	RL982	  >>>>> BATHROOM1LIGHT~LAMP1~BUTTONPROCESSOR~TIMER~TIMER~ET
	R986.0	  >>>>>> BATHROOM1LIGHT~LAMP1~BUTTONPROCESSOR~TIMER~TIMER~IN_R_EDGE~CLK
	R986.1	  >>>>>> BATHROOM1LIGHT~LAMP1~BUTTONPROCESSOR~TIMER~TIMER~IN_R_EDGE~Q
	R986.2	  >>>>>> BATHROOM1LIGHT~LAMP1~BUTTONPROCESSOR~TIMER~TIMER~IN_R_EDGE~M
	RL987	  >>>>> BATHROOM1LIGHT~LAMP1~BUTTONPROCESSOR~TIMER~TIMER~LT
	R991.0	  >>>> BATHROOM1LIGHT~LAMP1~BUTTONPROCESSOR~TIMER~__EDGE_R__START
	R991.1	  >>>> BATHROOM1LIGHT~LAMP1~BUTTONPROCESSOR~TIMER~__EDGE_R__RESET
	R992.0	  >>> BATHROOM1LIGHT~AUTO~SENSOR_DOOR~STATE
	R993	  >>> BATHROOM1LIGHT~AUTO~SENSOR_DOOR~MODE
	R994.0	  >>> BATHROOM1LIGHT~AUTO~SENSOR_MOTION~STATE
	R995	  >>> BATHROOM1LIGHT~AUTO~SENSOR_MOTION~MODE
	R996.0	  >> BATHROOM1LIGHT~AUTO~AUTOMODE
	R996.1	  >> BATHROOM1LIGHT~AUTO~NIGHTMODE
	R996.2	  >> BATHROOM1LIGHT~AUTO~FORGETMODE
	R996.3	  >> BATHROOM1LIGHT~AUTO~ANYLIGHTON
	R996.4	  >> BATHROOM1LIGHT~AUTO~ANYLIGHTCHANGED
	RL997	  >> BATHROOM1LIGHT~AUTO~TIMEAFTERDOOROPENCLOSE
	RL1001	  >> BATHROOM1LIGHT~AUTO~TIMEAFTERMOTIONDETECT
	RL1005	  >> BATHROOM1LIGHT~AUTO~TIMEAFTERLASTACTION
	R1009.0	  >> BATHROOM1LIGHT~AUTO~SETSTATE
	R1009.1	  >> BATHROOM1LIGHT~AUTO~PERSONLEFT
	R1009.2	  >> BATHROOM1LIGHT~AUTO~FORGET
	R1009.3	  >> BATHROOM1LIGHT~AUTO~STATECHANGED
	R1009.4	  >> BATHROOM1LIGHT~AUTO~STATE
	R1010.0	  >>> BATHROOM1LIGHT~AUTO~TIMERAFTERDOOROPENED~START
	R1010.1	  >>> BATHROOM1LIGHT~AUTO~TIMERAFTERDOOROPENED~RESET
	RL1011	  >>> BATHROOM1LIGHT~AUTO~TIMERAFTERDOOROPENED~TIMETOCOUNT
	R1015.0	  >>> BATHROOM1LIGHT~AUTO~TIMERAFTERDOOROPENED~ISRUN
	R1015.1	  >>> BATHROOM1LIGHT~AUTO~TIMERAFTERDOOROPENED~ISDONE
	RL1016	  >>> BATHROOM1LIGHT~AUTO~TIMERAFTERDOOROPENED~CURRENTTIME
	R1020.0	  >>>> BATHROOM1LIGHT~AUTO~TIMERAFTERDOOROPENED~TIMER~IN
	RL1021	  >>>> BATHROOM1LIGHT~AUTO~TIMERAFTERDOOROPENED~TIMER~PT
	R1025.0	  >>>> BATHROOM1LIGHT~AUTO~TIMERAFTERDOOROPENED~TIMER~Q
	RL1026	  >>>> BATHROOM1LIGHT~AUTO~TIMERAFTERDOOROPENED~TIMER~ET
	R1030.0	  >>>>> BATHROOM1LIGHT~AUTO~TIMERAFTERDOOROPENED~TIMER~IN_R_EDGE~CLK
	R1030.1	  >>>>> BATHROOM1LIGHT~AUTO~TIMERAFTERDOOROPENED~TIMER~IN_R_EDGE~Q
	R1030.2	  >>>>> BATHROOM1LIGHT~AUTO~TIMERAFTERDOOROPENED~TIMER~IN_R_EDGE~M
	RL1031	  >>>> BATHROOM1LIGHT~AUTO~TIMERAFTERDOOROPENED~TIMER~LT
	R1035.0	  >>> BATHROOM1LIGHT~AUTO~TIMERAFTERDOOROPENED~__EDGE_R__START
	R1035.1	  >>> BATHROOM1LIGHT~AUTO~TIMERAFTERDOOROPENED~__EDGE_R__RESET
	R1036.0	  >>> BATHROOM1LIGHT~AUTO~TIMERAFTERDOORCLOSED~START
	R1036.1	  >>> BATHROOM1LIGHT~AUTO~TIMERAFTERDOORCLOSED~RESET
	RL1037	  >>> BATHROOM1LIGHT~AUTO~TIMERAFTERDOORCLOSED~TIMETOCOUNT
	R1041.0	  >>> BATHROOM1LIGHT~AUTO~TIMERAFTERDOORCLOSED~ISRUN
	R1041.1	  >>> BATHROOM1LIGHT~AUTO~TIMERAFTERDOORCLOSED~ISDONE
	RL1042	  >>> BATHROOM1LIGHT~AUTO~TIMERAFTERDOORCLOSED~CURRENTTIME
	R1046.0	  >>>> BATHROOM1LIGHT~AUTO~TIMERAFTERDOORCLOSED~TIMER~IN
	RL1047	  >>>> BATHROOM1LIGHT~AUTO~TIMERAFTERDOORCLOSED~TIMER~PT
	R1051.0	  >>>> BATHROOM1LIGHT~AUTO~TIMERAFTERDOORCLOSED~TIMER~Q
	RL1052	  >>>> BATHROOM1LIGHT~AUTO~TIMERAFTERDOORCLOSED~TIMER~ET
	R1056.0	  >>>>> BATHROOM1LIGHT~AUTO~TIMERAFTERDOORCLOSED~TIMER~IN_R_EDGE~CLK
	R1056.1	  >>>>> BATHROOM1LIGHT~AUTO~TIMERAFTERDOORCLOSED~TIMER~IN_R_EDGE~Q
	R1056.2	  >>>>> BATHROOM1LIGHT~AUTO~TIMERAFTERDOORCLOSED~TIMER~IN_R_EDGE~M
	RL1057	  >>>> BATHROOM1LIGHT~AUTO~TIMERAFTERDOORCLOSED~TIMER~LT
	R1061.0	  >>> BATHROOM1LIGHT~AUTO~TIMERAFTERDOORCLOSED~__EDGE_R__START
	R1061.1	  >>> BATHROOM1LIGHT~AUTO~TIMERAFTERDOORCLOSED~__EDGE_R__RESET
	R1062.0	  >>> BATHROOM1LIGHT~AUTO~TIMERAFTERMOTIONDETECTED~START
	R1062.1	  >>> BATHROOM1LIGHT~AUTO~TIMERAFTERMOTIONDETECTED~RESET
	RL1063	  >>> BATHROOM1LIGHT~AUTO~TIMERAFTERMOTIONDETECTED~TIMETOCOUNT
	R1067.0	  >>> BATHROOM1LIGHT~AUTO~TIMERAFTERMOTIONDETECTED~ISRUN
	R1067.1	  >>> BATHROOM1LIGHT~AUTO~TIMERAFTERMOTIONDETECTED~ISDONE
	RL1068	  >>> BATHROOM1LIGHT~AUTO~TIMERAFTERMOTIONDETECTED~CURRENTTIME
	R1072.0	  >>>> BATHROOM1LIGHT~AUTO~TIMERAFTERMOTIONDETECTED~TIMER~IN
	RL1073	  >>>> BATHROOM1LIGHT~AUTO~TIMERAFTERMOTIONDETECTED~TIMER~PT
	R1077.0	  >>>> BATHROOM1LIGHT~AUTO~TIMERAFTERMOTIONDETECTED~TIMER~Q
	RL1078	  >>>> BATHROOM1LIGHT~AUTO~TIMERAFTERMOTIONDETECTED~TIMER~ET
	R1082.0	  >>>>> BATHROOM1LIGHT~AUTO~TIMERAFTERMOTIONDETECTED~TIMER~IN_R_EDGE~CLK
	R1082.1	  >>>>> BATHROOM1LIGHT~AUTO~TIMERAFTERMOTIONDETECTED~TIMER~IN_R_EDGE~Q
	R1082.2	  >>>>> BATHROOM1LIGHT~AUTO~TIMERAFTERMOTIONDETECTED~TIMER~IN_R_EDGE~M
	RL1083	  >>>> BATHROOM1LIGHT~AUTO~TIMERAFTERMOTIONDETECTED~TIMER~LT
	R1087.0	  >>> BATHROOM1LIGHT~AUTO~TIMERAFTERMOTIONDETECTED~__EDGE_R__START
	R1087.1	  >>> BATHROOM1LIGHT~AUTO~TIMERAFTERMOTIONDETECTED~__EDGE_R__RESET
	R1088.0	  >>> BATHROOM1LIGHT~AUTO~TIMERAFTERLASTACTION~START
	R1088.1	  >>> BATHROOM1LIGHT~AUTO~TIMERAFTERLASTACTION~RESET
	RL1089	  >>> BATHROOM1LIGHT~AUTO~TIMERAFTERLASTACTION~TIMETOCOUNT
	R1093.0	  >>> BATHROOM1LIGHT~AUTO~TIMERAFTERLASTACTION~ISRUN
	R1093.1	  >>> BATHROOM1LIGHT~AUTO~TIMERAFTERLASTACTION~ISDONE
	RL1094	  >>> BATHROOM1LIGHT~AUTO~TIMERAFTERLASTACTION~CURRENTTIME
	R1098.0	  >>>> BATHROOM1LIGHT~AUTO~TIMERAFTERLASTACTION~TIMER~IN
	RL1099	  >>>> BATHROOM1LIGHT~AUTO~TIMERAFTERLASTACTION~TIMER~PT
	R1103.0	  >>>> BATHROOM1LIGHT~AUTO~TIMERAFTERLASTACTION~TIMER~Q
	RL1104	  >>>> BATHROOM1LIGHT~AUTO~TIMERAFTERLASTACTION~TIMER~ET
	R1108.0	  >>>>> BATHROOM1LIGHT~AUTO~TIMERAFTERLASTACTION~TIMER~IN_R_EDGE~CLK
	R1108.1	  >>>>> BATHROOM1LIGHT~AUTO~TIMERAFTERLASTACTION~TIMER~IN_R_EDGE~Q
	R1108.2	  >>>>> BATHROOM1LIGHT~AUTO~TIMERAFTERLASTACTION~TIMER~IN_R_EDGE~M
	RL1109	  >>>> BATHROOM1LIGHT~AUTO~TIMERAFTERLASTACTION~TIMER~LT
	R1113.0	  >>> BATHROOM1LIGHT~AUTO~TIMERAFTERLASTACTION~__EDGE_R__START
	R1113.1	  >>> BATHROOM1LIGHT~AUTO~TIMERAFTERLASTACTION~__EDGE_R__RESET
	R1114.0	  >>> BATHROOM1LIGHT~AUTO~DOORSENSRISE~CLK
	R1114.1	  >>> BATHROOM1LIGHT~AUTO~DOORSENSRISE~Q
	R1114.2	  >>> BATHROOM1LIGHT~AUTO~DOORSENSRISE~M
	R1115.0	  >>> BATHROOM1LIGHT~AUTO~DOORSENSFALL~CLK
	R1115.1	  >>> BATHROOM1LIGHT~AUTO~DOORSENSFALL~Q
	R1115.2	  >>> BATHROOM1LIGHT~AUTO~DOORSENSFALL~M
	R1116.0	  >> BATHROOM1LIGHT~AUTO~DOORCLOSED
	R1116.1	  >> BATHROOM1LIGHT~AUTO~DOOROPENED
	R1117.0	  >>> BATHROOM1LIGHT~AUTO~MOTIONSENSRISE~CLK
	R1117.1	  >>> BATHROOM1LIGHT~AUTO~MOTIONSENSRISE~Q
	R1117.2	  >>> BATHROOM1LIGHT~AUTO~MOTIONSENSRISE~M
	R1118.0	  >>> BATHROOM1LIGHT~AUTO~MOTIONSENSFALL~CLK
	R1118.1	  >>> BATHROOM1LIGHT~AUTO~MOTIONSENSFALL~Q
	R1118.2	  >>> BATHROOM1LIGHT~AUTO~MOTIONSENSFALL~M
	R1119.0	  >> BATHROOM1LIGHT~AUTO~MOTIONDETECTED
	R1119.1	  >> BATHROOM1LIGHT~AUTO~MOTIONEND
	R1120.0	  >>> BATHROOM1LIGHT~AUTO~NIGHTMODEOFF~CLK
	R1120.1	  >>> BATHROOM1LIGHT~AUTO~NIGHTMODEOFF~Q
	R1120.2	  >>> BATHROOM1LIGHT~AUTO~NIGHTMODEOFF~M
	R1121.0	  > BATHROOM1LIGHT~INIT
R 1122   :1259   =PRGBATHROOM2LIGHT BATHROOM2LIGHT	; 
	RL1122	  >> BATHROOM2LIGHT~LAMP1~TRIGBUTTON
	R1126.0	  >> BATHROOM2LIGHT~LAMP1~SETSTATE
	R1127.0	  >>> BATHROOM2LIGHT~LAMP1~TRIGBUTTONOFF~CLK
	R1127.1	  >>> BATHROOM2LIGHT~LAMP1~TRIGBUTTONOFF~Q
	R1127.2	  >>> BATHROOM2LIGHT~LAMP1~TRIGBUTTONOFF~M
	R1128.0	  >>> BATHROOM2LIGHT~LAMP1~TRIGBUTTONON~CLK
	R1128.1	  >>> BATHROOM2LIGHT~LAMP1~TRIGBUTTONON~Q
	R1128.2	  >>> BATHROOM2LIGHT~LAMP1~TRIGBUTTONON~M
	R1129.0	  >> BATHROOM2LIGHT~LAMP1~STATECHANGED
	R1129.1	  >> BATHROOM2LIGHT~LAMP1~STATE
	R1130.0	  >>> BATHROOM2LIGHT~AUTO~SENSOR_DOOR~STATE
	R1131	  >>> BATHROOM2LIGHT~AUTO~SENSOR_DOOR~MODE
	R1132.0	  >>> BATHROOM2LIGHT~AUTO~SENSOR_MOTION~STATE
	R1133	  >>> BATHROOM2LIGHT~AUTO~SENSOR_MOTION~MODE
	R1134.0	  >> BATHROOM2LIGHT~AUTO~AUTOMODE
	R1134.1	  >> BATHROOM2LIGHT~AUTO~NIGHTMODE
	R1134.2	  >> BATHROOM2LIGHT~AUTO~FORGETMODE
	R1134.3	  >> BATHROOM2LIGHT~AUTO~ANYLIGHTON
	R1134.4	  >> BATHROOM2LIGHT~AUTO~ANYLIGHTCHANGED
	RL1135	  >> BATHROOM2LIGHT~AUTO~TIMEAFTERDOOROPENCLOSE
	RL1139	  >> BATHROOM2LIGHT~AUTO~TIMEAFTERMOTIONDETECT
	RL1143	  >> BATHROOM2LIGHT~AUTO~TIMEAFTERLASTACTION
	R1147.0	  >> BATHROOM2LIGHT~AUTO~SETSTATE
	R1147.1	  >> BATHROOM2LIGHT~AUTO~PERSONLEFT
	R1147.2	  >> BATHROOM2LIGHT~AUTO~FORGET
	R1147.3	  >> BATHROOM2LIGHT~AUTO~STATECHANGED
	R1147.4	  >> BATHROOM2LIGHT~AUTO~STATE
	R1148.0	  >>> BATHROOM2LIGHT~AUTO~TIMERAFTERDOOROPENED~START
	R1148.1	  >>> BATHROOM2LIGHT~AUTO~TIMERAFTERDOOROPENED~RESET
	RL1149	  >>> BATHROOM2LIGHT~AUTO~TIMERAFTERDOOROPENED~TIMETOCOUNT
	R1153.0	  >>> BATHROOM2LIGHT~AUTO~TIMERAFTERDOOROPENED~ISRUN
	R1153.1	  >>> BATHROOM2LIGHT~AUTO~TIMERAFTERDOOROPENED~ISDONE
	RL1154	  >>> BATHROOM2LIGHT~AUTO~TIMERAFTERDOOROPENED~CURRENTTIME
	R1158.0	  >>>> BATHROOM2LIGHT~AUTO~TIMERAFTERDOOROPENED~TIMER~IN
	RL1159	  >>>> BATHROOM2LIGHT~AUTO~TIMERAFTERDOOROPENED~TIMER~PT
	R1163.0	  >>>> BATHROOM2LIGHT~AUTO~TIMERAFTERDOOROPENED~TIMER~Q
	RL1164	  >>>> BATHROOM2LIGHT~AUTO~TIMERAFTERDOOROPENED~TIMER~ET
	R1168.0	  >>>>> BATHROOM2LIGHT~AUTO~TIMERAFTERDOOROPENED~TIMER~IN_R_EDGE~CLK
	R1168.1	  >>>>> BATHROOM2LIGHT~AUTO~TIMERAFTERDOOROPENED~TIMER~IN_R_EDGE~Q
	R1168.2	  >>>>> BATHROOM2LIGHT~AUTO~TIMERAFTERDOOROPENED~TIMER~IN_R_EDGE~M
	RL1169	  >>>> BATHROOM2LIGHT~AUTO~TIMERAFTERDOOROPENED~TIMER~LT
	R1173.0	  >>> BATHROOM2LIGHT~AUTO~TIMERAFTERDOOROPENED~__EDGE_R__START
	R1173.1	  >>> BATHROOM2LIGHT~AUTO~TIMERAFTERDOOROPENED~__EDGE_R__RESET
	R1174.0	  >>> BATHROOM2LIGHT~AUTO~TIMERAFTERDOORCLOSED~START
	R1174.1	  >>> BATHROOM2LIGHT~AUTO~TIMERAFTERDOORCLOSED~RESET
	RL1175	  >>> BATHROOM2LIGHT~AUTO~TIMERAFTERDOORCLOSED~TIMETOCOUNT
	R1179.0	  >>> BATHROOM2LIGHT~AUTO~TIMERAFTERDOORCLOSED~ISRUN
	R1179.1	  >>> BATHROOM2LIGHT~AUTO~TIMERAFTERDOORCLOSED~ISDONE
	RL1180	  >>> BATHROOM2LIGHT~AUTO~TIMERAFTERDOORCLOSED~CURRENTTIME
	R1184.0	  >>>> BATHROOM2LIGHT~AUTO~TIMERAFTERDOORCLOSED~TIMER~IN
	RL1185	  >>>> BATHROOM2LIGHT~AUTO~TIMERAFTERDOORCLOSED~TIMER~PT
	R1189.0	  >>>> BATHROOM2LIGHT~AUTO~TIMERAFTERDOORCLOSED~TIMER~Q
	RL1190	  >>>> BATHROOM2LIGHT~AUTO~TIMERAFTERDOORCLOSED~TIMER~ET
	R1194.0	  >>>>> BATHROOM2LIGHT~AUTO~TIMERAFTERDOORCLOSED~TIMER~IN_R_EDGE~CLK
	R1194.1	  >>>>> BATHROOM2LIGHT~AUTO~TIMERAFTERDOORCLOSED~TIMER~IN_R_EDGE~Q
	R1194.2	  >>>>> BATHROOM2LIGHT~AUTO~TIMERAFTERDOORCLOSED~TIMER~IN_R_EDGE~M
	RL1195	  >>>> BATHROOM2LIGHT~AUTO~TIMERAFTERDOORCLOSED~TIMER~LT
	R1199.0	  >>> BATHROOM2LIGHT~AUTO~TIMERAFTERDOORCLOSED~__EDGE_R__START
	R1199.1	  >>> BATHROOM2LIGHT~AUTO~TIMERAFTERDOORCLOSED~__EDGE_R__RESET
	R1200.0	  >>> BATHROOM2LIGHT~AUTO~TIMERAFTERMOTIONDETECTED~START
	R1200.1	  >>> BATHROOM2LIGHT~AUTO~TIMERAFTERMOTIONDETECTED~RESET
	RL1201	  >>> BATHROOM2LIGHT~AUTO~TIMERAFTERMOTIONDETECTED~TIMETOCOUNT
	R1205.0	  >>> BATHROOM2LIGHT~AUTO~TIMERAFTERMOTIONDETECTED~ISRUN
	R1205.1	  >>> BATHROOM2LIGHT~AUTO~TIMERAFTERMOTIONDETECTED~ISDONE
	RL1206	  >>> BATHROOM2LIGHT~AUTO~TIMERAFTERMOTIONDETECTED~CURRENTTIME
	R1210.0	  >>>> BATHROOM2LIGHT~AUTO~TIMERAFTERMOTIONDETECTED~TIMER~IN
	RL1211	  >>>> BATHROOM2LIGHT~AUTO~TIMERAFTERMOTIONDETECTED~TIMER~PT
	R1215.0	  >>>> BATHROOM2LIGHT~AUTO~TIMERAFTERMOTIONDETECTED~TIMER~Q
	RL1216	  >>>> BATHROOM2LIGHT~AUTO~TIMERAFTERMOTIONDETECTED~TIMER~ET
	R1220.0	  >>>>> BATHROOM2LIGHT~AUTO~TIMERAFTERMOTIONDETECTED~TIMER~IN_R_EDGE~CLK
	R1220.1	  >>>>> BATHROOM2LIGHT~AUTO~TIMERAFTERMOTIONDETECTED~TIMER~IN_R_EDGE~Q
	R1220.2	  >>>>> BATHROOM2LIGHT~AUTO~TIMERAFTERMOTIONDETECTED~TIMER~IN_R_EDGE~M
	RL1221	  >>>> BATHROOM2LIGHT~AUTO~TIMERAFTERMOTIONDETECTED~TIMER~LT
	R1225.0	  >>> BATHROOM2LIGHT~AUTO~TIMERAFTERMOTIONDETECTED~__EDGE_R__START
	R1225.1	  >>> BATHROOM2LIGHT~AUTO~TIMERAFTERMOTIONDETECTED~__EDGE_R__RESET
	R1226.0	  >>> BATHROOM2LIGHT~AUTO~TIMERAFTERLASTACTION~START
	R1226.1	  >>> BATHROOM2LIGHT~AUTO~TIMERAFTERLASTACTION~RESET
	RL1227	  >>> BATHROOM2LIGHT~AUTO~TIMERAFTERLASTACTION~TIMETOCOUNT
	R1231.0	  >>> BATHROOM2LIGHT~AUTO~TIMERAFTERLASTACTION~ISRUN
	R1231.1	  >>> BATHROOM2LIGHT~AUTO~TIMERAFTERLASTACTION~ISDONE
	RL1232	  >>> BATHROOM2LIGHT~AUTO~TIMERAFTERLASTACTION~CURRENTTIME
	R1236.0	  >>>> BATHROOM2LIGHT~AUTO~TIMERAFTERLASTACTION~TIMER~IN
	RL1237	  >>>> BATHROOM2LIGHT~AUTO~TIMERAFTERLASTACTION~TIMER~PT
	R1241.0	  >>>> BATHROOM2LIGHT~AUTO~TIMERAFTERLASTACTION~TIMER~Q
	RL1242	  >>>> BATHROOM2LIGHT~AUTO~TIMERAFTERLASTACTION~TIMER~ET
	R1246.0	  >>>>> BATHROOM2LIGHT~AUTO~TIMERAFTERLASTACTION~TIMER~IN_R_EDGE~CLK
	R1246.1	  >>>>> BATHROOM2LIGHT~AUTO~TIMERAFTERLASTACTION~TIMER~IN_R_EDGE~Q
	R1246.2	  >>>>> BATHROOM2LIGHT~AUTO~TIMERAFTERLASTACTION~TIMER~IN_R_EDGE~M
	RL1247	  >>>> BATHROOM2LIGHT~AUTO~TIMERAFTERLASTACTION~TIMER~LT
	R1251.0	  >>> BATHROOM2LIGHT~AUTO~TIMERAFTERLASTACTION~__EDGE_R__START
	R1251.1	  >>> BATHROOM2LIGHT~AUTO~TIMERAFTERLASTACTION~__EDGE_R__RESET
	R1252.0	  >>> BATHROOM2LIGHT~AUTO~DOORSENSRISE~CLK
	R1252.1	  >>> BATHROOM2LIGHT~AUTO~DOORSENSRISE~Q
	R1252.2	  >>> BATHROOM2LIGHT~AUTO~DOORSENSRISE~M
	R1253.0	  >>> BATHROOM2LIGHT~AUTO~DOORSENSFALL~CLK
	R1253.1	  >>> BATHROOM2LIGHT~AUTO~DOORSENSFALL~Q
	R1253.2	  >>> BATHROOM2LIGHT~AUTO~DOORSENSFALL~M
	R1254.0	  >> BATHROOM2LIGHT~AUTO~DOORCLOSED
	R1254.1	  >> BATHROOM2LIGHT~AUTO~DOOROPENED
	R1255.0	  >>> BATHROOM2LIGHT~AUTO~MOTIONSENSRISE~CLK
	R1255.1	  >>> BATHROOM2LIGHT~AUTO~MOTIONSENSRISE~Q
	R1255.2	  >>> BATHROOM2LIGHT~AUTO~MOTIONSENSRISE~M
	R1256.0	  >>> BATHROOM2LIGHT~AUTO~MOTIONSENSFALL~CLK
	R1256.1	  >>> BATHROOM2LIGHT~AUTO~MOTIONSENSFALL~Q
	R1256.2	  >>> BATHROOM2LIGHT~AUTO~MOTIONSENSFALL~M
	R1257.0	  >> BATHROOM2LIGHT~AUTO~MOTIONDETECTED
	R1257.1	  >> BATHROOM2LIGHT~AUTO~MOTIONEND
	R1258.0	  >>> BATHROOM2LIGHT~AUTO~NIGHTMODEOFF~CLK
	R1258.1	  >>> BATHROOM2LIGHT~AUTO~NIGHTMODEOFF~Q
	R1258.2	  >>> BATHROOM2LIGHT~AUTO~NIGHTMODEOFF~M
	R1259.0	  > BATHROOM2LIGHT~INIT
R 1260   :1504   =PRGLIVINGROOMLIGHT LIVINGROOMLIGHT	; 
	R1260.0	  >> LIVINGROOMLIGHT~LAMP1~BTN
	RF1261	  >> LIVINGROOMLIGHT~LAMP1~MINVALUE
	RF1265	  >> LIVINGROOMLIGHT~LAMP1~MAXVALUE
	RF1269	  >> LIVINGROOMLIGHT~LAMP1~DIMMSPEED
	RF1273	  >> LIVINGROOMLIGHT~LAMP1~SETVALUE
	R1277.0	  >> LIVINGROOMLIGHT~LAMP1~SETSTATE
	RL1278	  >> LIVINGROOMLIGHT~LAMP1~SLIDER
	RL1282	  >> LIVINGROOMLIGHT~LAMP1~TRIGBUTTON
	RF1286	  >> LIVINGROOMLIGHT~LAMP1~VALUE
	R1290.0	  >> LIVINGROOMLIGHT~LAMP1~VALUECHANGED
	R1290.1	  >> LIVINGROOMLIGHT~LAMP1~STATE
	R1290.2	  >> LIVINGROOMLIGHT~LAMP1~STATECHANGED
	RF1291	  >> LIVINGROOMLIGHT~LAMP1~DIRECTION
	RF1295	  >> LIVINGROOMLIGHT~LAMP1~USERVALUE
	R1299.0	  >> LIVINGROOMLIGHT~LAMP1~DIMMING
	R1300.0	  >>> LIVINGROOMLIGHT~LAMP1~TIMER~IN
	RL1301	  >>> LIVINGROOMLIGHT~LAMP1~TIMER~PT
	R1305.0	  >>> LIVINGROOMLIGHT~LAMP1~TIMER~Q
	RL1306	  >>> LIVINGROOMLIGHT~LAMP1~TIMER~ET
	R1310.0	  >>>> LIVINGROOMLIGHT~LAMP1~TIMER~IN_R_EDGE~CLK
	R1310.1	  >>>> LIVINGROOMLIGHT~LAMP1~TIMER~IN_R_EDGE~Q
	R1310.2	  >>>> LIVINGROOMLIGHT~LAMP1~TIMER~IN_R_EDGE~M
	RL1311	  >>> LIVINGROOMLIGHT~LAMP1~TIMER~LT
	RL1315	  >> LIVINGROOMLIGHT~LAMP1~CYCLETIME
	RL1319	  >> LIVINGROOMLIGHT~LAMP1~PREVTIME
	RF1323	  >> LIVINGROOMLIGHT~LAMP1~STEP
	R1327.0	  >> LIVINGROOMLIGHT~LAMP1~INIT
	RF1328	  >> LIVINGROOMLIGHT~LAMP1~PREVVALUE
	RF1332	  >> LIVINGROOMLIGHT~LAMP1~PREVSETVALUE
	RF1336	  >> LIVINGROOMLIGHT~LAMP1~PREVSLIDER
	RL1340	  >>> LIVINGROOMLIGHT~LAMP1~BUTTONPROCESSOR~BTN
	RL1344	  >>> LIVINGROOMLIGHT~LAMP1~BUTTONPROCESSOR~LONGPRESSTIME
	R1348.0	  >>> LIVINGROOMLIGHT~LAMP1~BUTTONPROCESSOR~LONGPRESS
	R1348.1	  >>> LIVINGROOMLIGHT~LAMP1~BUTTONPROCESSOR~SHORTPRESS
	R1348.2	  >>> LIVINGROOMLIGHT~LAMP1~BUTTONPROCESSOR~BTNPRESSED
	R1348.3	  >>> LIVINGROOMLIGHT~LAMP1~BUTTONPROCESSOR~BTNRELEASED
	R1348.4	  >>> LIVINGROOMLIGHT~LAMP1~BUTTONPROCESSOR~BTNSTATE
	R1348.5	  >>> LIVINGROOMLIGHT~LAMP1~BUTTONPROCESSOR~LONGPRESSANDHOLD
	R1348.6	  >>> LIVINGROOMLIGHT~LAMP1~BUTTONPROCESSOR~BTNPREVSTATE
	R1349.0	  >>>> LIVINGROOMLIGHT~LAMP1~BUTTONPROCESSOR~TIMER~START
	R1349.1	  >>>> LIVINGROOMLIGHT~LAMP1~BUTTONPROCESSOR~TIMER~RESET
	RL1350	  >>>> LIVINGROOMLIGHT~LAMP1~BUTTONPROCESSOR~TIMER~TIMETOCOUNT
	R1354.0	  >>>> LIVINGROOMLIGHT~LAMP1~BUTTONPROCESSOR~TIMER~ISRUN
	R1354.1	  >>>> LIVINGROOMLIGHT~LAMP1~BUTTONPROCESSOR~TIMER~ISDONE
	RL1355	  >>>> LIVINGROOMLIGHT~LAMP1~BUTTONPROCESSOR~TIMER~CURRENTTIME
	R1359.0	  >>>>> LIVINGROOMLIGHT~LAMP1~BUTTONPROCESSOR~TIMER~TIMER~IN
	RL1360	  >>>>> LIVINGROOMLIGHT~LAMP1~BUTTONPROCESSOR~TIMER~TIMER~PT
	R1364.0	  >>>>> LIVINGROOMLIGHT~LAMP1~BUTTONPROCESSOR~TIMER~TIMER~Q
	RL1365	  >>>>> LIVINGROOMLIGHT~LAMP1~BUTTONPROCESSOR~TIMER~TIMER~ET
	R1369.0	  >>>>>> LIVINGROOMLIGHT~LAMP1~BUTTONPROCESSOR~TIMER~TIMER~IN_R_EDGE~CLK
	R1369.1	  >>>>>> LIVINGROOMLIGHT~LAMP1~BUTTONPROCESSOR~TIMER~TIMER~IN_R_EDGE~Q
	R1369.2	  >>>>>> LIVINGROOMLIGHT~LAMP1~BUTTONPROCESSOR~TIMER~TIMER~IN_R_EDGE~M
	RL1370	  >>>>> LIVINGROOMLIGHT~LAMP1~BUTTONPROCESSOR~TIMER~TIMER~LT
	R1374.0	  >>>> LIVINGROOMLIGHT~LAMP1~BUTTONPROCESSOR~TIMER~__EDGE_R__START
	R1374.1	  >>>> LIVINGROOMLIGHT~LAMP1~BUTTONPROCESSOR~TIMER~__EDGE_R__RESET
	R1375.0	  >>> LIVINGROOMLIGHT~AUTO~SENSOR_DOOR~STATE
	R1376	  >>> LIVINGROOMLIGHT~AUTO~SENSOR_DOOR~MODE
	R1377.0	  >>> LIVINGROOMLIGHT~AUTO~SENSOR_MOTION~STATE
	R1378	  >>> LIVINGROOMLIGHT~AUTO~SENSOR_MOTION~MODE
	R1379.0	  >> LIVINGROOMLIGHT~AUTO~AUTOMODE
	R1379.1	  >> LIVINGROOMLIGHT~AUTO~NIGHTMODE
	R1379.2	  >> LIVINGROOMLIGHT~AUTO~FORGETMODE
	R1379.3	  >> LIVINGROOMLIGHT~AUTO~ANYLIGHTON
	R1379.4	  >> LIVINGROOMLIGHT~AUTO~ANYLIGHTCHANGED
	RL1380	  >> LIVINGROOMLIGHT~AUTO~TIMEAFTERDOOROPENCLOSE
	RL1384	  >> LIVINGROOMLIGHT~AUTO~TIMEAFTERMOTIONDETECT
	RL1388	  >> LIVINGROOMLIGHT~AUTO~TIMEAFTERLASTACTION
	R1392.0	  >> LIVINGROOMLIGHT~AUTO~SETSTATE
	R1392.1	  >> LIVINGROOMLIGHT~AUTO~PERSONLEFT
	R1392.2	  >> LIVINGROOMLIGHT~AUTO~FORGET
	R1392.3	  >> LIVINGROOMLIGHT~AUTO~STATECHANGED
	R1392.4	  >> LIVINGROOMLIGHT~AUTO~STATE
	R1393.0	  >>> LIVINGROOMLIGHT~AUTO~TIMERAFTERDOOROPENED~START
	R1393.1	  >>> LIVINGROOMLIGHT~AUTO~TIMERAFTERDOOROPENED~RESET
	RL1394	  >>> LIVINGROOMLIGHT~AUTO~TIMERAFTERDOOROPENED~TIMETOCOUNT
	R1398.0	  >>> LIVINGROOMLIGHT~AUTO~TIMERAFTERDOOROPENED~ISRUN
	R1398.1	  >>> LIVINGROOMLIGHT~AUTO~TIMERAFTERDOOROPENED~ISDONE
	RL1399	  >>> LIVINGROOMLIGHT~AUTO~TIMERAFTERDOOROPENED~CURRENTTIME
	R1403.0	  >>>> LIVINGROOMLIGHT~AUTO~TIMERAFTERDOOROPENED~TIMER~IN
	RL1404	  >>>> LIVINGROOMLIGHT~AUTO~TIMERAFTERDOOROPENED~TIMER~PT
	R1408.0	  >>>> LIVINGROOMLIGHT~AUTO~TIMERAFTERDOOROPENED~TIMER~Q
	RL1409	  >>>> LIVINGROOMLIGHT~AUTO~TIMERAFTERDOOROPENED~TIMER~ET
	R1413.0	  >>>>> LIVINGROOMLIGHT~AUTO~TIMERAFTERDOOROPENED~TIMER~IN_R_EDGE~CLK
	R1413.1	  >>>>> LIVINGROOMLIGHT~AUTO~TIMERAFTERDOOROPENED~TIMER~IN_R_EDGE~Q
	R1413.2	  >>>>> LIVINGROOMLIGHT~AUTO~TIMERAFTERDOOROPENED~TIMER~IN_R_EDGE~M
	RL1414	  >>>> LIVINGROOMLIGHT~AUTO~TIMERAFTERDOOROPENED~TIMER~LT
	R1418.0	  >>> LIVINGROOMLIGHT~AUTO~TIMERAFTERDOOROPENED~__EDGE_R__START
	R1418.1	  >>> LIVINGROOMLIGHT~AUTO~TIMERAFTERDOOROPENED~__EDGE_R__RESET
	R1419.0	  >>> LIVINGROOMLIGHT~AUTO~TIMERAFTERDOORCLOSED~START
	R1419.1	  >>> LIVINGROOMLIGHT~AUTO~TIMERAFTERDOORCLOSED~RESET
	RL1420	  >>> LIVINGROOMLIGHT~AUTO~TIMERAFTERDOORCLOSED~TIMETOCOUNT
	R1424.0	  >>> LIVINGROOMLIGHT~AUTO~TIMERAFTERDOORCLOSED~ISRUN
	R1424.1	  >>> LIVINGROOMLIGHT~AUTO~TIMERAFTERDOORCLOSED~ISDONE
	RL1425	  >>> LIVINGROOMLIGHT~AUTO~TIMERAFTERDOORCLOSED~CURRENTTIME
	R1429.0	  >>>> LIVINGROOMLIGHT~AUTO~TIMERAFTERDOORCLOSED~TIMER~IN
	RL1430	  >>>> LIVINGROOMLIGHT~AUTO~TIMERAFTERDOORCLOSED~TIMER~PT
	R1434.0	  >>>> LIVINGROOMLIGHT~AUTO~TIMERAFTERDOORCLOSED~TIMER~Q
	RL1435	  >>>> LIVINGROOMLIGHT~AUTO~TIMERAFTERDOORCLOSED~TIMER~ET
	R1439.0	  >>>>> LIVINGROOMLIGHT~AUTO~TIMERAFTERDOORCLOSED~TIMER~IN_R_EDGE~CLK
	R1439.1	  >>>>> LIVINGROOMLIGHT~AUTO~TIMERAFTERDOORCLOSED~TIMER~IN_R_EDGE~Q
	R1439.2	  >>>>> LIVINGROOMLIGHT~AUTO~TIMERAFTERDOORCLOSED~TIMER~IN_R_EDGE~M
	RL1440	  >>>> LIVINGROOMLIGHT~AUTO~TIMERAFTERDOORCLOSED~TIMER~LT
	R1444.0	  >>> LIVINGROOMLIGHT~AUTO~TIMERAFTERDOORCLOSED~__EDGE_R__START
	R1444.1	  >>> LIVINGROOMLIGHT~AUTO~TIMERAFTERDOORCLOSED~__EDGE_R__RESET
	R1445.0	  >>> LIVINGROOMLIGHT~AUTO~TIMERAFTERMOTIONDETECTED~START
	R1445.1	  >>> LIVINGROOMLIGHT~AUTO~TIMERAFTERMOTIONDETECTED~RESET
	RL1446	  >>> LIVINGROOMLIGHT~AUTO~TIMERAFTERMOTIONDETECTED~TIMETOCOUNT
	R1450.0	  >>> LIVINGROOMLIGHT~AUTO~TIMERAFTERMOTIONDETECTED~ISRUN
	R1450.1	  >>> LIVINGROOMLIGHT~AUTO~TIMERAFTERMOTIONDETECTED~ISDONE
	RL1451	  >>> LIVINGROOMLIGHT~AUTO~TIMERAFTERMOTIONDETECTED~CURRENTTIME
	R1455.0	  >>>> LIVINGROOMLIGHT~AUTO~TIMERAFTERMOTIONDETECTED~TIMER~IN
	RL1456	  >>>> LIVINGROOMLIGHT~AUTO~TIMERAFTERMOTIONDETECTED~TIMER~PT
	R1460.0	  >>>> LIVINGROOMLIGHT~AUTO~TIMERAFTERMOTIONDETECTED~TIMER~Q
	RL1461	  >>>> LIVINGROOMLIGHT~AUTO~TIMERAFTERMOTIONDETECTED~TIMER~ET
	R1465.0	  >>>>> LIVINGROOMLIGHT~AUTO~TIMERAFTERMOTIONDETECTED~TIMER~IN_R_EDGE~CLK
	R1465.1	  >>>>> LIVINGROOMLIGHT~AUTO~TIMERAFTERMOTIONDETECTED~TIMER~IN_R_EDGE~Q
	R1465.2	  >>>>> LIVINGROOMLIGHT~AUTO~TIMERAFTERMOTIONDETECTED~TIMER~IN_R_EDGE~M
	RL1466	  >>>> LIVINGROOMLIGHT~AUTO~TIMERAFTERMOTIONDETECTED~TIMER~LT
	R1470.0	  >>> LIVINGROOMLIGHT~AUTO~TIMERAFTERMOTIONDETECTED~__EDGE_R__START
	R1470.1	  >>> LIVINGROOMLIGHT~AUTO~TIMERAFTERMOTIONDETECTED~__EDGE_R__RESET
	R1471.0	  >>> LIVINGROOMLIGHT~AUTO~TIMERAFTERLASTACTION~START
	R1471.1	  >>> LIVINGROOMLIGHT~AUTO~TIMERAFTERLASTACTION~RESET
	RL1472	  >>> LIVINGROOMLIGHT~AUTO~TIMERAFTERLASTACTION~TIMETOCOUNT
	R1476.0	  >>> LIVINGROOMLIGHT~AUTO~TIMERAFTERLASTACTION~ISRUN
	R1476.1	  >>> LIVINGROOMLIGHT~AUTO~TIMERAFTERLASTACTION~ISDONE
	RL1477	  >>> LIVINGROOMLIGHT~AUTO~TIMERAFTERLASTACTION~CURRENTTIME
	R1481.0	  >>>> LIVINGROOMLIGHT~AUTO~TIMERAFTERLASTACTION~TIMER~IN
	RL1482	  >>>> LIVINGROOMLIGHT~AUTO~TIMERAFTERLASTACTION~TIMER~PT
	R1486.0	  >>>> LIVINGROOMLIGHT~AUTO~TIMERAFTERLASTACTION~TIMER~Q
	RL1487	  >>>> LIVINGROOMLIGHT~AUTO~TIMERAFTERLASTACTION~TIMER~ET
	R1491.0	  >>>>> LIVINGROOMLIGHT~AUTO~TIMERAFTERLASTACTION~TIMER~IN_R_EDGE~CLK
	R1491.1	  >>>>> LIVINGROOMLIGHT~AUTO~TIMERAFTERLASTACTION~TIMER~IN_R_EDGE~Q
	R1491.2	  >>>>> LIVINGROOMLIGHT~AUTO~TIMERAFTERLASTACTION~TIMER~IN_R_EDGE~M
	RL1492	  >>>> LIVINGROOMLIGHT~AUTO~TIMERAFTERLASTACTION~TIMER~LT
	R1496.0	  >>> LIVINGROOMLIGHT~AUTO~TIMERAFTERLASTACTION~__EDGE_R__START
	R1496.1	  >>> LIVINGROOMLIGHT~AUTO~TIMERAFTERLASTACTION~__EDGE_R__RESET
	R1497.0	  >>> LIVINGROOMLIGHT~AUTO~DOORSENSRISE~CLK
	R1497.1	  >>> LIVINGROOMLIGHT~AUTO~DOORSENSRISE~Q
	R1497.2	  >>> LIVINGROOMLIGHT~AUTO~DOORSENSRISE~M
	R1498.0	  >>> LIVINGROOMLIGHT~AUTO~DOORSENSFALL~CLK
	R1498.1	  >>> LIVINGROOMLIGHT~AUTO~DOORSENSFALL~Q
	R1498.2	  >>> LIVINGROOMLIGHT~AUTO~DOORSENSFALL~M
	R1499.0	  >> LIVINGROOMLIGHT~AUTO~DOORCLOSED
	R1499.1	  >> LIVINGROOMLIGHT~AUTO~DOOROPENED
	R1500.0	  >>> LIVINGROOMLIGHT~AUTO~MOTIONSENSRISE~CLK
	R1500.1	  >>> LIVINGROOMLIGHT~AUTO~MOTIONSENSRISE~Q
	R1500.2	  >>> LIVINGROOMLIGHT~AUTO~MOTIONSENSRISE~M
	R1501.0	  >>> LIVINGROOMLIGHT~AUTO~MOTIONSENSFALL~CLK
	R1501.1	  >>> LIVINGROOMLIGHT~AUTO~MOTIONSENSFALL~Q
	R1501.2	  >>> LIVINGROOMLIGHT~AUTO~MOTIONSENSFALL~M
	R1502.0	  >> LIVINGROOMLIGHT~AUTO~MOTIONDETECTED
	R1502.1	  >> LIVINGROOMLIGHT~AUTO~MOTIONEND
	R1503.0	  >>> LIVINGROOMLIGHT~AUTO~NIGHTMODEOFF~CLK
	R1503.1	  >>> LIVINGROOMLIGHT~AUTO~NIGHTMODEOFF~Q
	R1503.2	  >>> LIVINGROOMLIGHT~AUTO~NIGHTMODEOFF~M
	R1504.0	  > LIVINGROOMLIGHT~INIT
R 1505   :1650   =PRGBEDROOM1LIGHT BEDROOM1LIGHT	; 
	RL1505	  > BEDROOM1LIGHT~OUT_LAMP1
	RL1509	  >> BEDROOM1LIGHT~LAMP1~TRIGBUTTON
	R1513.0	  >> BEDROOM1LIGHT~LAMP1~SETSTATE
	R1514.0	  >>> BEDROOM1LIGHT~LAMP1~TRIGBUTTONOFF~CLK
	R1514.1	  >>> BEDROOM1LIGHT~LAMP1~TRIGBUTTONOFF~Q
	R1514.2	  >>> BEDROOM1LIGHT~LAMP1~TRIGBUTTONOFF~M
	R1515.0	  >>> BEDROOM1LIGHT~LAMP1~TRIGBUTTONON~CLK
	R1515.1	  >>> BEDROOM1LIGHT~LAMP1~TRIGBUTTONON~Q
	R1515.2	  >>> BEDROOM1LIGHT~LAMP1~TRIGBUTTONON~M
	R1516.0	  >> BEDROOM1LIGHT~LAMP1~STATECHANGED
	R1516.1	  >> BEDROOM1LIGHT~LAMP1~STATE
	RL1517	  > BEDROOM1LIGHT~IN_MOTIONSENSOR
	R1521.0	  >>> BEDROOM1LIGHT~AUTO~SENSOR_DOOR~STATE
	R1522	  >>> BEDROOM1LIGHT~AUTO~SENSOR_DOOR~MODE
	R1523.0	  >>> BEDROOM1LIGHT~AUTO~SENSOR_MOTION~STATE
	R1524	  >>> BEDROOM1LIGHT~AUTO~SENSOR_MOTION~MODE
	R1525.0	  >> BEDROOM1LIGHT~AUTO~AUTOMODE
	R1525.1	  >> BEDROOM1LIGHT~AUTO~NIGHTMODE
	R1525.2	  >> BEDROOM1LIGHT~AUTO~FORGETMODE
	R1525.3	  >> BEDROOM1LIGHT~AUTO~ANYLIGHTON
	R1525.4	  >> BEDROOM1LIGHT~AUTO~ANYLIGHTCHANGED
	RL1526	  >> BEDROOM1LIGHT~AUTO~TIMEAFTERDOOROPENCLOSE
	RL1530	  >> BEDROOM1LIGHT~AUTO~TIMEAFTERMOTIONDETECT
	RL1534	  >> BEDROOM1LIGHT~AUTO~TIMEAFTERLASTACTION
	R1538.0	  >> BEDROOM1LIGHT~AUTO~SETSTATE
	R1538.1	  >> BEDROOM1LIGHT~AUTO~PERSONLEFT
	R1538.2	  >> BEDROOM1LIGHT~AUTO~FORGET
	R1538.3	  >> BEDROOM1LIGHT~AUTO~STATECHANGED
	R1538.4	  >> BEDROOM1LIGHT~AUTO~STATE
	R1539.0	  >>> BEDROOM1LIGHT~AUTO~TIMERAFTERDOOROPENED~START
	R1539.1	  >>> BEDROOM1LIGHT~AUTO~TIMERAFTERDOOROPENED~RESET
	RL1540	  >>> BEDROOM1LIGHT~AUTO~TIMERAFTERDOOROPENED~TIMETOCOUNT
	R1544.0	  >>> BEDROOM1LIGHT~AUTO~TIMERAFTERDOOROPENED~ISRUN
	R1544.1	  >>> BEDROOM1LIGHT~AUTO~TIMERAFTERDOOROPENED~ISDONE
	RL1545	  >>> BEDROOM1LIGHT~AUTO~TIMERAFTERDOOROPENED~CURRENTTIME
	R1549.0	  >>>> BEDROOM1LIGHT~AUTO~TIMERAFTERDOOROPENED~TIMER~IN
	RL1550	  >>>> BEDROOM1LIGHT~AUTO~TIMERAFTERDOOROPENED~TIMER~PT
	R1554.0	  >>>> BEDROOM1LIGHT~AUTO~TIMERAFTERDOOROPENED~TIMER~Q
	RL1555	  >>>> BEDROOM1LIGHT~AUTO~TIMERAFTERDOOROPENED~TIMER~ET
	R1559.0	  >>>>> BEDROOM1LIGHT~AUTO~TIMERAFTERDOOROPENED~TIMER~IN_R_EDGE~CLK
	R1559.1	  >>>>> BEDROOM1LIGHT~AUTO~TIMERAFTERDOOROPENED~TIMER~IN_R_EDGE~Q
	R1559.2	  >>>>> BEDROOM1LIGHT~AUTO~TIMERAFTERDOOROPENED~TIMER~IN_R_EDGE~M
	RL1560	  >>>> BEDROOM1LIGHT~AUTO~TIMERAFTERDOOROPENED~TIMER~LT
	R1564.0	  >>> BEDROOM1LIGHT~AUTO~TIMERAFTERDOOROPENED~__EDGE_R__START
	R1564.1	  >>> BEDROOM1LIGHT~AUTO~TIMERAFTERDOOROPENED~__EDGE_R__RESET
	R1565.0	  >>> BEDROOM1LIGHT~AUTO~TIMERAFTERDOORCLOSED~START
	R1565.1	  >>> BEDROOM1LIGHT~AUTO~TIMERAFTERDOORCLOSED~RESET
	RL1566	  >>> BEDROOM1LIGHT~AUTO~TIMERAFTERDOORCLOSED~TIMETOCOUNT
	R1570.0	  >>> BEDROOM1LIGHT~AUTO~TIMERAFTERDOORCLOSED~ISRUN
	R1570.1	  >>> BEDROOM1LIGHT~AUTO~TIMERAFTERDOORCLOSED~ISDONE
	RL1571	  >>> BEDROOM1LIGHT~AUTO~TIMERAFTERDOORCLOSED~CURRENTTIME
	R1575.0	  >>>> BEDROOM1LIGHT~AUTO~TIMERAFTERDOORCLOSED~TIMER~IN
	RL1576	  >>>> BEDROOM1LIGHT~AUTO~TIMERAFTERDOORCLOSED~TIMER~PT
	R1580.0	  >>>> BEDROOM1LIGHT~AUTO~TIMERAFTERDOORCLOSED~TIMER~Q
	RL1581	  >>>> BEDROOM1LIGHT~AUTO~TIMERAFTERDOORCLOSED~TIMER~ET
	R1585.0	  >>>>> BEDROOM1LIGHT~AUTO~TIMERAFTERDOORCLOSED~TIMER~IN_R_EDGE~CLK
	R1585.1	  >>>>> BEDROOM1LIGHT~AUTO~TIMERAFTERDOORCLOSED~TIMER~IN_R_EDGE~Q
	R1585.2	  >>>>> BEDROOM1LIGHT~AUTO~TIMERAFTERDOORCLOSED~TIMER~IN_R_EDGE~M
	RL1586	  >>>> BEDROOM1LIGHT~AUTO~TIMERAFTERDOORCLOSED~TIMER~LT
	R1590.0	  >>> BEDROOM1LIGHT~AUTO~TIMERAFTERDOORCLOSED~__EDGE_R__START
	R1590.1	  >>> BEDROOM1LIGHT~AUTO~TIMERAFTERDOORCLOSED~__EDGE_R__RESET
	R1591.0	  >>> BEDROOM1LIGHT~AUTO~TIMERAFTERMOTIONDETECTED~START
	R1591.1	  >>> BEDROOM1LIGHT~AUTO~TIMERAFTERMOTIONDETECTED~RESET
	RL1592	  >>> BEDROOM1LIGHT~AUTO~TIMERAFTERMOTIONDETECTED~TIMETOCOUNT
	R1596.0	  >>> BEDROOM1LIGHT~AUTO~TIMERAFTERMOTIONDETECTED~ISRUN
	R1596.1	  >>> BEDROOM1LIGHT~AUTO~TIMERAFTERMOTIONDETECTED~ISDONE
	RL1597	  >>> BEDROOM1LIGHT~AUTO~TIMERAFTERMOTIONDETECTED~CURRENTTIME
	R1601.0	  >>>> BEDROOM1LIGHT~AUTO~TIMERAFTERMOTIONDETECTED~TIMER~IN
	RL1602	  >>>> BEDROOM1LIGHT~AUTO~TIMERAFTERMOTIONDETECTED~TIMER~PT
	R1606.0	  >>>> BEDROOM1LIGHT~AUTO~TIMERAFTERMOTIONDETECTED~TIMER~Q
	RL1607	  >>>> BEDROOM1LIGHT~AUTO~TIMERAFTERMOTIONDETECTED~TIMER~ET
	R1611.0	  >>>>> BEDROOM1LIGHT~AUTO~TIMERAFTERMOTIONDETECTED~TIMER~IN_R_EDGE~CLK
	R1611.1	  >>>>> BEDROOM1LIGHT~AUTO~TIMERAFTERMOTIONDETECTED~TIMER~IN_R_EDGE~Q
	R1611.2	  >>>>> BEDROOM1LIGHT~AUTO~TIMERAFTERMOTIONDETECTED~TIMER~IN_R_EDGE~M
	RL1612	  >>>> BEDROOM1LIGHT~AUTO~TIMERAFTERMOTIONDETECTED~TIMER~LT
	R1616.0	  >>> BEDROOM1LIGHT~AUTO~TIMERAFTERMOTIONDETECTED~__EDGE_R__START
	R1616.1	  >>> BEDROOM1LIGHT~AUTO~TIMERAFTERMOTIONDETECTED~__EDGE_R__RESET
	R1617.0	  >>> BEDROOM1LIGHT~AUTO~TIMERAFTERLASTACTION~START
	R1617.1	  >>> BEDROOM1LIGHT~AUTO~TIMERAFTERLASTACTION~RESET
	RL1618	  >>> BEDROOM1LIGHT~AUTO~TIMERAFTERLASTACTION~TIMETOCOUNT
	R1622.0	  >>> BEDROOM1LIGHT~AUTO~TIMERAFTERLASTACTION~ISRUN
	R1622.1	  >>> BEDROOM1LIGHT~AUTO~TIMERAFTERLASTACTION~ISDONE
	RL1623	  >>> BEDROOM1LIGHT~AUTO~TIMERAFTERLASTACTION~CURRENTTIME
	R1627.0	  >>>> BEDROOM1LIGHT~AUTO~TIMERAFTERLASTACTION~TIMER~IN
	RL1628	  >>>> BEDROOM1LIGHT~AUTO~TIMERAFTERLASTACTION~TIMER~PT
	R1632.0	  >>>> BEDROOM1LIGHT~AUTO~TIMERAFTERLASTACTION~TIMER~Q
	RL1633	  >>>> BEDROOM1LIGHT~AUTO~TIMERAFTERLASTACTION~TIMER~ET
	R1637.0	  >>>>> BEDROOM1LIGHT~AUTO~TIMERAFTERLASTACTION~TIMER~IN_R_EDGE~CLK
	R1637.1	  >>>>> BEDROOM1LIGHT~AUTO~TIMERAFTERLASTACTION~TIMER~IN_R_EDGE~Q
	R1637.2	  >>>>> BEDROOM1LIGHT~AUTO~TIMERAFTERLASTACTION~TIMER~IN_R_EDGE~M
	RL1638	  >>>> BEDROOM1LIGHT~AUTO~TIMERAFTERLASTACTION~TIMER~LT
	R1642.0	  >>> BEDROOM1LIGHT~AUTO~TIMERAFTERLASTACTION~__EDGE_R__START
	R1642.1	  >>> BEDROOM1LIGHT~AUTO~TIMERAFTERLASTACTION~__EDGE_R__RESET
	R1643.0	  >>> BEDROOM1LIGHT~AUTO~DOORSENSRISE~CLK
	R1643.1	  >>> BEDROOM1LIGHT~AUTO~DOORSENSRISE~Q
	R1643.2	  >>> BEDROOM1LIGHT~AUTO~DOORSENSRISE~M
	R1644.0	  >>> BEDROOM1LIGHT~AUTO~DOORSENSFALL~CLK
	R1644.1	  >>> BEDROOM1LIGHT~AUTO~DOORSENSFALL~Q
	R1644.2	  >>> BEDROOM1LIGHT~AUTO~DOORSENSFALL~M
	R1645.0	  >> BEDROOM1LIGHT~AUTO~DOORCLOSED
	R1645.1	  >> BEDROOM1LIGHT~AUTO~DOOROPENED
	R1646.0	  >>> BEDROOM1LIGHT~AUTO~MOTIONSENSRISE~CLK
	R1646.1	  >>> BEDROOM1LIGHT~AUTO~MOTIONSENSRISE~Q
	R1646.2	  >>> BEDROOM1LIGHT~AUTO~MOTIONSENSRISE~M
	R1647.0	  >>> BEDROOM1LIGHT~AUTO~MOTIONSENSFALL~CLK
	R1647.1	  >>> BEDROOM1LIGHT~AUTO~MOTIONSENSFALL~Q
	R1647.2	  >>> BEDROOM1LIGHT~AUTO~MOTIONSENSFALL~M
	R1648.0	  >> BEDROOM1LIGHT~AUTO~MOTIONDETECTED
	R1648.1	  >> BEDROOM1LIGHT~AUTO~MOTIONEND
	R1649.0	  >>> BEDROOM1LIGHT~AUTO~NIGHTMODEOFF~CLK
	R1649.1	  >>> BEDROOM1LIGHT~AUTO~NIGHTMODEOFF~Q
	R1649.2	  >>> BEDROOM1LIGHT~AUTO~NIGHTMODEOFF~M
	R1650.0	  > BEDROOM1LIGHT~INIT
R 1651   :1788   =PRGWARDROBELIGHT WARDROBELIGHT	; 
	RL1651	  >> WARDROBELIGHT~LAMP1~TRIGBUTTON
	R1655.0	  >> WARDROBELIGHT~LAMP1~SETSTATE
	R1656.0	  >>> WARDROBELIGHT~LAMP1~TRIGBUTTONOFF~CLK
	R1656.1	  >>> WARDROBELIGHT~LAMP1~TRIGBUTTONOFF~Q
	R1656.2	  >>> WARDROBELIGHT~LAMP1~TRIGBUTTONOFF~M
	R1657.0	  >>> WARDROBELIGHT~LAMP1~TRIGBUTTONON~CLK
	R1657.1	  >>> WARDROBELIGHT~LAMP1~TRIGBUTTONON~Q
	R1657.2	  >>> WARDROBELIGHT~LAMP1~TRIGBUTTONON~M
	R1658.0	  >> WARDROBELIGHT~LAMP1~STATECHANGED
	R1658.1	  >> WARDROBELIGHT~LAMP1~STATE
	R1659.0	  >>> WARDROBELIGHT~AUTO~SENSOR_DOOR~STATE
	R1660	  >>> WARDROBELIGHT~AUTO~SENSOR_DOOR~MODE
	R1661.0	  >>> WARDROBELIGHT~AUTO~SENSOR_MOTION~STATE
	R1662	  >>> WARDROBELIGHT~AUTO~SENSOR_MOTION~MODE
	R1663.0	  >> WARDROBELIGHT~AUTO~AUTOMODE
	R1663.1	  >> WARDROBELIGHT~AUTO~NIGHTMODE
	R1663.2	  >> WARDROBELIGHT~AUTO~FORGETMODE
	R1663.3	  >> WARDROBELIGHT~AUTO~ANYLIGHTON
	R1663.4	  >> WARDROBELIGHT~AUTO~ANYLIGHTCHANGED
	RL1664	  >> WARDROBELIGHT~AUTO~TIMEAFTERDOOROPENCLOSE
	RL1668	  >> WARDROBELIGHT~AUTO~TIMEAFTERMOTIONDETECT
	RL1672	  >> WARDROBELIGHT~AUTO~TIMEAFTERLASTACTION
	R1676.0	  >> WARDROBELIGHT~AUTO~SETSTATE
	R1676.1	  >> WARDROBELIGHT~AUTO~PERSONLEFT
	R1676.2	  >> WARDROBELIGHT~AUTO~FORGET
	R1676.3	  >> WARDROBELIGHT~AUTO~STATECHANGED
	R1676.4	  >> WARDROBELIGHT~AUTO~STATE
	R1677.0	  >>> WARDROBELIGHT~AUTO~TIMERAFTERDOOROPENED~START
	R1677.1	  >>> WARDROBELIGHT~AUTO~TIMERAFTERDOOROPENED~RESET
	RL1678	  >>> WARDROBELIGHT~AUTO~TIMERAFTERDOOROPENED~TIMETOCOUNT
	R1682.0	  >>> WARDROBELIGHT~AUTO~TIMERAFTERDOOROPENED~ISRUN
	R1682.1	  >>> WARDROBELIGHT~AUTO~TIMERAFTERDOOROPENED~ISDONE
	RL1683	  >>> WARDROBELIGHT~AUTO~TIMERAFTERDOOROPENED~CURRENTTIME
	R1687.0	  >>>> WARDROBELIGHT~AUTO~TIMERAFTERDOOROPENED~TIMER~IN
	RL1688	  >>>> WARDROBELIGHT~AUTO~TIMERAFTERDOOROPENED~TIMER~PT
	R1692.0	  >>>> WARDROBELIGHT~AUTO~TIMERAFTERDOOROPENED~TIMER~Q
	RL1693	  >>>> WARDROBELIGHT~AUTO~TIMERAFTERDOOROPENED~TIMER~ET
	R1697.0	  >>>>> WARDROBELIGHT~AUTO~TIMERAFTERDOOROPENED~TIMER~IN_R_EDGE~CLK
	R1697.1	  >>>>> WARDROBELIGHT~AUTO~TIMERAFTERDOOROPENED~TIMER~IN_R_EDGE~Q
	R1697.2	  >>>>> WARDROBELIGHT~AUTO~TIMERAFTERDOOROPENED~TIMER~IN_R_EDGE~M
	RL1698	  >>>> WARDROBELIGHT~AUTO~TIMERAFTERDOOROPENED~TIMER~LT
	R1702.0	  >>> WARDROBELIGHT~AUTO~TIMERAFTERDOOROPENED~__EDGE_R__START
	R1702.1	  >>> WARDROBELIGHT~AUTO~TIMERAFTERDOOROPENED~__EDGE_R__RESET
	R1703.0	  >>> WARDROBELIGHT~AUTO~TIMERAFTERDOORCLOSED~START
	R1703.1	  >>> WARDROBELIGHT~AUTO~TIMERAFTERDOORCLOSED~RESET
	RL1704	  >>> WARDROBELIGHT~AUTO~TIMERAFTERDOORCLOSED~TIMETOCOUNT
	R1708.0	  >>> WARDROBELIGHT~AUTO~TIMERAFTERDOORCLOSED~ISRUN
	R1708.1	  >>> WARDROBELIGHT~AUTO~TIMERAFTERDOORCLOSED~ISDONE
	RL1709	  >>> WARDROBELIGHT~AUTO~TIMERAFTERDOORCLOSED~CURRENTTIME
	R1713.0	  >>>> WARDROBELIGHT~AUTO~TIMERAFTERDOORCLOSED~TIMER~IN
	RL1714	  >>>> WARDROBELIGHT~AUTO~TIMERAFTERDOORCLOSED~TIMER~PT
	R1718.0	  >>>> WARDROBELIGHT~AUTO~TIMERAFTERDOORCLOSED~TIMER~Q
	RL1719	  >>>> WARDROBELIGHT~AUTO~TIMERAFTERDOORCLOSED~TIMER~ET
	R1723.0	  >>>>> WARDROBELIGHT~AUTO~TIMERAFTERDOORCLOSED~TIMER~IN_R_EDGE~CLK
	R1723.1	  >>>>> WARDROBELIGHT~AUTO~TIMERAFTERDOORCLOSED~TIMER~IN_R_EDGE~Q
	R1723.2	  >>>>> WARDROBELIGHT~AUTO~TIMERAFTERDOORCLOSED~TIMER~IN_R_EDGE~M
	RL1724	  >>>> WARDROBELIGHT~AUTO~TIMERAFTERDOORCLOSED~TIMER~LT
	R1728.0	  >>> WARDROBELIGHT~AUTO~TIMERAFTERDOORCLOSED~__EDGE_R__START
	R1728.1	  >>> WARDROBELIGHT~AUTO~TIMERAFTERDOORCLOSED~__EDGE_R__RESET
	R1729.0	  >>> WARDROBELIGHT~AUTO~TIMERAFTERMOTIONDETECTED~START
	R1729.1	  >>> WARDROBELIGHT~AUTO~TIMERAFTERMOTIONDETECTED~RESET
	RL1730	  >>> WARDROBELIGHT~AUTO~TIMERAFTERMOTIONDETECTED~TIMETOCOUNT
	R1734.0	  >>> WARDROBELIGHT~AUTO~TIMERAFTERMOTIONDETECTED~ISRUN
	R1734.1	  >>> WARDROBELIGHT~AUTO~TIMERAFTERMOTIONDETECTED~ISDONE
	RL1735	  >>> WARDROBELIGHT~AUTO~TIMERAFTERMOTIONDETECTED~CURRENTTIME
	R1739.0	  >>>> WARDROBELIGHT~AUTO~TIMERAFTERMOTIONDETECTED~TIMER~IN
	RL1740	  >>>> WARDROBELIGHT~AUTO~TIMERAFTERMOTIONDETECTED~TIMER~PT
	R1744.0	  >>>> WARDROBELIGHT~AUTO~TIMERAFTERMOTIONDETECTED~TIMER~Q
	RL1745	  >>>> WARDROBELIGHT~AUTO~TIMERAFTERMOTIONDETECTED~TIMER~ET
	R1749.0	  >>>>> WARDROBELIGHT~AUTO~TIMERAFTERMOTIONDETECTED~TIMER~IN_R_EDGE~CLK
	R1749.1	  >>>>> WARDROBELIGHT~AUTO~TIMERAFTERMOTIONDETECTED~TIMER~IN_R_EDGE~Q
	R1749.2	  >>>>> WARDROBELIGHT~AUTO~TIMERAFTERMOTIONDETECTED~TIMER~IN_R_EDGE~M
	RL1750	  >>>> WARDROBELIGHT~AUTO~TIMERAFTERMOTIONDETECTED~TIMER~LT
	R1754.0	  >>> WARDROBELIGHT~AUTO~TIMERAFTERMOTIONDETECTED~__EDGE_R__START
	R1754.1	  >>> WARDROBELIGHT~AUTO~TIMERAFTERMOTIONDETECTED~__EDGE_R__RESET
	R1755.0	  >>> WARDROBELIGHT~AUTO~TIMERAFTERLASTACTION~START
	R1755.1	  >>> WARDROBELIGHT~AUTO~TIMERAFTERLASTACTION~RESET
	RL1756	  >>> WARDROBELIGHT~AUTO~TIMERAFTERLASTACTION~TIMETOCOUNT
	R1760.0	  >>> WARDROBELIGHT~AUTO~TIMERAFTERLASTACTION~ISRUN
	R1760.1	  >>> WARDROBELIGHT~AUTO~TIMERAFTERLASTACTION~ISDONE
	RL1761	  >>> WARDROBELIGHT~AUTO~TIMERAFTERLASTACTION~CURRENTTIME
	R1765.0	  >>>> WARDROBELIGHT~AUTO~TIMERAFTERLASTACTION~TIMER~IN
	RL1766	  >>>> WARDROBELIGHT~AUTO~TIMERAFTERLASTACTION~TIMER~PT
	R1770.0	  >>>> WARDROBELIGHT~AUTO~TIMERAFTERLASTACTION~TIMER~Q
	RL1771	  >>>> WARDROBELIGHT~AUTO~TIMERAFTERLASTACTION~TIMER~ET
	R1775.0	  >>>>> WARDROBELIGHT~AUTO~TIMERAFTERLASTACTION~TIMER~IN_R_EDGE~CLK
	R1775.1	  >>>>> WARDROBELIGHT~AUTO~TIMERAFTERLASTACTION~TIMER~IN_R_EDGE~Q
	R1775.2	  >>>>> WARDROBELIGHT~AUTO~TIMERAFTERLASTACTION~TIMER~IN_R_EDGE~M
	RL1776	  >>>> WARDROBELIGHT~AUTO~TIMERAFTERLASTACTION~TIMER~LT
	R1780.0	  >>> WARDROBELIGHT~AUTO~TIMERAFTERLASTACTION~__EDGE_R__START
	R1780.1	  >>> WARDROBELIGHT~AUTO~TIMERAFTERLASTACTION~__EDGE_R__RESET
	R1781.0	  >>> WARDROBELIGHT~AUTO~DOORSENSRISE~CLK
	R1781.1	  >>> WARDROBELIGHT~AUTO~DOORSENSRISE~Q
	R1781.2	  >>> WARDROBELIGHT~AUTO~DOORSENSRISE~M
	R1782.0	  >>> WARDROBELIGHT~AUTO~DOORSENSFALL~CLK
	R1782.1	  >>> WARDROBELIGHT~AUTO~DOORSENSFALL~Q
	R1782.2	  >>> WARDROBELIGHT~AUTO~DOORSENSFALL~M
	R1783.0	  >> WARDROBELIGHT~AUTO~DOORCLOSED
	R1783.1	  >> WARDROBELIGHT~AUTO~DOOROPENED
	R1784.0	  >>> WARDROBELIGHT~AUTO~MOTIONSENSRISE~CLK
	R1784.1	  >>> WARDROBELIGHT~AUTO~MOTIONSENSRISE~Q
	R1784.2	  >>> WARDROBELIGHT~AUTO~MOTIONSENSRISE~M
	R1785.0	  >>> WARDROBELIGHT~AUTO~MOTIONSENSFALL~CLK
	R1785.1	  >>> WARDROBELIGHT~AUTO~MOTIONSENSFALL~Q
	R1785.2	  >>> WARDROBELIGHT~AUTO~MOTIONSENSFALL~M
	R1786.0	  >> WARDROBELIGHT~AUTO~MOTIONDETECTED
	R1786.1	  >> WARDROBELIGHT~AUTO~MOTIONEND
	R1787.0	  >>> WARDROBELIGHT~AUTO~NIGHTMODEOFF~CLK
	R1787.1	  >>> WARDROBELIGHT~AUTO~NIGHTMODEOFF~Q
	R1787.2	  >>> WARDROBELIGHT~AUTO~NIGHTMODEOFF~M
	R1788.0	  > WARDROBELIGHT~INIT
R 1789   :1846   =PRGFLOORHEATING FLOORHEATING	; 
	RL1789	  >> FLOORHEATING~TERMOSTAT~PERIOD
	R1793.0	  >> FLOORHEATING~TERMOSTAT~OUT
	RL1794	  >> FLOORHEATING~TERMOSTAT~STATE
	RL1798	  >> FLOORHEATING~TERMOSTAT~POWER
	R1802.0	  >>> FLOORHEATING~TERMOSTAT~PWMGENERATOR~ENB
	RL1803	  >>> FLOORHEATING~TERMOSTAT~PWMGENERATOR~PER
	RF1807	  >>> FLOORHEATING~TERMOSTAT~PWMGENERATOR~PLS
	R1811.0	  >>> FLOORHEATING~TERMOSTAT~PWMGENERATOR~OUT
	R1812.0	  >>>> FLOORHEATING~TERMOSTAT~PWMGENERATOR~TIMERPERIOD~IN
	RL1813	  >>>> FLOORHEATING~TERMOSTAT~PWMGENERATOR~TIMERPERIOD~PT
	R1817.0	  >>>> FLOORHEATING~TERMOSTAT~PWMGENERATOR~TIMERPERIOD~Q
	RL1818	  >>>> FLOORHEATING~TERMOSTAT~PWMGENERATOR~TIMERPERIOD~ET
	R1822.0	  >>>>> FLOORHEATING~TERMOSTAT~PWMGENERATOR~TIMERPERIOD~IN_F_EDGE~CLK
	R1822.1	  >>>>> FLOORHEATING~TERMOSTAT~PWMGENERATOR~TIMERPERIOD~IN_F_EDGE~Q
	R1822.2	  >>>>> FLOORHEATING~TERMOSTAT~PWMGENERATOR~TIMERPERIOD~IN_F_EDGE~M
	RL1823	  >>>> FLOORHEATING~TERMOSTAT~PWMGENERATOR~TIMERPERIOD~LT
	R1827.0	  >>>> FLOORHEATING~TERMOSTAT~PWMGENERATOR~TIMERPULSE~IN
	RL1828	  >>>> FLOORHEATING~TERMOSTAT~PWMGENERATOR~TIMERPULSE~PT
	R1832.0	  >>>> FLOORHEATING~TERMOSTAT~PWMGENERATOR~TIMERPULSE~Q
	RL1833	  >>>> FLOORHEATING~TERMOSTAT~PWMGENERATOR~TIMERPULSE~ET
	R1837.0	  >>>>> FLOORHEATING~TERMOSTAT~PWMGENERATOR~TIMERPULSE~IN_R_EDGE~CLK
	R1837.1	  >>>>> FLOORHEATING~TERMOSTAT~PWMGENERATOR~TIMERPULSE~IN_R_EDGE~Q
	R1837.2	  >>>>> FLOORHEATING~TERMOSTAT~PWMGENERATOR~TIMERPULSE~IN_R_EDGE~M
	RL1838	  >>>> FLOORHEATING~TERMOSTAT~PWMGENERATOR~TIMERPULSE~LT
	RL1842	  >>> FLOORHEATING~TERMOSTAT~PWMGENERATOR~PTPULSE
	R1846.0	  >>> FLOORHEATING~TERMOSTAT~PWMGENERATOR~START
R 1847   :1896   =PRGWATERLEAKEGECONTROL WATERLEAKEGECONTROL	; 
	R1847.0	  >> WATERLEAKEGECONTROL~WATERLEACKEGECONTROL~SENSOR
	R1847.1	  >> WATERLEAKEGECONTROL~WATERLEACKEGECONTROL~OPENWATER
	R1847.2	  >> WATERLEAKEGECONTROL~WATERLEACKEGECONTROL~CLOSEWATER
	R1847.3	  >> WATERLEAKEGECONTROL~WATERLEACKEGECONTROL~ALARMRESET
	R1848	  >>> WATERLEAKEGECONTROL~WATERLEACKEGECONTROL~CONFIG~SENSORMODE
	R1849	  >>> WATERLEAKEGECONTROL~WATERLEACKEGECONTROL~CONFIG~VALVEMODE
	RL1850	  >>> WATERLEAKEGECONTROL~WATERLEACKEGECONTROL~CONFIG~TIMETRESHOLD
	RL1854	  >>> WATERLEAKEGECONTROL~WATERLEACKEGECONTROL~CONFIG~WATERONSENDORSTIMEOUTTIME
	R1858.0	  >> WATERLEAKEGECONTROL~WATERLEACKEGECONTROL~AUTOCONTROL
	R1858.1	  >> WATERLEAKEGECONTROL~WATERLEACKEGECONTROL~VALVE
	R1858.2	  >> WATERLEAKEGECONTROL~WATERLEACKEGECONTROL~ALARM
	RL1859	  >> WATERLEAKEGECONTROL~WATERLEACKEGECONTROL~WATERSTATE
	R1863.0	  >> WATERLEAKEGECONTROL~WATERLEACKEGECONTROL~WATERONSENSOR
	R1864.0	  >>> WATERLEAKEGECONTROL~WATERLEACKEGECONTROL~TIMETRESHOLD~IN
	RL1865	  >>> WATERLEAKEGECONTROL~WATERLEACKEGECONTROL~TIMETRESHOLD~PT
	R1869.0	  >>> WATERLEAKEGECONTROL~WATERLEACKEGECONTROL~TIMETRESHOLD~Q
	RL1870	  >>> WATERLEAKEGECONTROL~WATERLEACKEGECONTROL~TIMETRESHOLD~ET
	R1874.0	  >>>> WATERLEAKEGECONTROL~WATERLEACKEGECONTROL~TIMETRESHOLD~IN_R_EDGE~CLK
	R1874.1	  >>>> WATERLEAKEGECONTROL~WATERLEACKEGECONTROL~TIMETRESHOLD~IN_R_EDGE~Q
	R1874.2	  >>>> WATERLEAKEGECONTROL~WATERLEACKEGECONTROL~TIMETRESHOLD~IN_R_EDGE~M
	RL1875	  >>> WATERLEAKEGECONTROL~WATERLEACKEGECONTROL~TIMETRESHOLD~LT
	R1879.0	  >>> WATERLEAKEGECONTROL~WATERLEACKEGECONTROL~WATERONSENDORSTIMEOUT~IN
	RL1880	  >>> WATERLEAKEGECONTROL~WATERLEACKEGECONTROL~WATERONSENDORSTIMEOUT~PT
	R1884.0	  >>> WATERLEAKEGECONTROL~WATERLEACKEGECONTROL~WATERONSENDORSTIMEOUT~Q
	RL1885	  >>> WATERLEAKEGECONTROL~WATERLEACKEGECONTROL~WATERONSENDORSTIMEOUT~ET
	R1889.0	  >>>> WATERLEAKEGECONTROL~WATERLEACKEGECONTROL~WATERONSENDORSTIMEOUT~IN_R_EDGE~CLK
	R1889.1	  >>>> WATERLEAKEGECONTROL~WATERLEACKEGECONTROL~WATERONSENDORSTIMEOUT~IN_R_EDGE~Q
	R1889.2	  >>>> WATERLEAKEGECONTROL~WATERLEACKEGECONTROL~WATERONSENDORSTIMEOUT~IN_R_EDGE~M
	RL1890	  >>> WATERLEAKEGECONTROL~WATERLEACKEGECONTROL~WATERONSENDORSTIMEOUT~LT
	R1894.0	  >>> WATERLEAKEGECONTROL~WATERLEACKEGECONTROL~TIMEOUT~CLK
	R1894.1	  >>> WATERLEAKEGECONTROL~WATERLEACKEGECONTROL~TIMEOUT~Q
	R1894.2	  >>> WATERLEAKEGECONTROL~WATERLEACKEGECONTROL~TIMEOUT~M
	R1895.0	  >> WATERLEAKEGECONTROL~WATERLEACKEGECONTROL~__EDGE_R__OPENWATER
	R1895.1	  >> WATERLEAKEGECONTROL~WATERLEACKEGECONTROL~__EDGE_R__CLOSEWATER
	R1895.2	  >> WATERLEAKEGECONTROL~WATERLEACKEGECONTROL~__EDGE_R__ALARMRESET
	R1896.0	  > WATERLEAKEGECONTROL~INIT
R 1897   :1900   =GETCHANINDEX __INSTANCE__GETCHANINDEX	; 
	RW1897	  > __INSTANCE__GETCHANINDEX~__FC__GETCHANINDEX
	RW1899	  > __INSTANCE__GETCHANINDEX~CHANCODE
R 1901   :1928   =GETCHANDESC __INSTANCE__GETCHANDESC	; 
	R1901	  >> __INSTANCE__GETCHANDESC~__FC__GETCHANDESC~MODECHAN
	R1902	  >> __INSTANCE__GETCHANDESC~__FC__GETCHANDESC~RES
	RL1903	  >> __INSTANCE__GETCHANDESC~__FC__GETCHANDESC~ADRUNISTAT
	RW1907	  >> __INSTANCE__GETCHANDESC~__FC__GETCHANDESC~LENUNISTAT
	RL1909	  >> __INSTANCE__GETCHANDESC~__FC__GETCHANDESC~ADRUNICONT
	RW1913	  >> __INSTANCE__GETCHANDESC~__FC__GETCHANDESC~LENUNICONT
	RL1915	  >> __INSTANCE__GETCHANDESC~__FC__GETCHANDESC~ADRUNIIN
	RW1919	  >> __INSTANCE__GETCHANDESC~__FC__GETCHANDESC~LENUNIIN
	RL1921	  >> __INSTANCE__GETCHANDESC~__FC__GETCHANDESC~ADRUNIOUT
	RW1925	  >> __INSTANCE__GETCHANDESC~__FC__GETCHANDESC~LENUNIOUT
	RW1927	  > __INSTANCE__GETCHANDESC~CHANCODE

No errors.


;* Map completed.
