'R' register area map
;* Main file 'C:\WORK_SPACE\MOSAICWORKSPACE\MOSAICAPP\PARK-AVENUE-SHOWROOM\PARK-AVENUE-SHOWROOM\000-MAIN\000-MAIN.MAK'

R    0.0 	 =R1_1HALLLIGHT01	; 
R    0.1 	 =R2_3LIVINGROOMLIGHT02_07_08	; dimm
R    0.2 	 =R3_1BALCONYLIGHT	; 
R    0.3 	 =R2_2KITCHENLIGHT03	; 
R    0.4 	 =R2_2KITCHENLIGHT04_24	; 
R    0.5 	 =R2_1EATINGROOMLIGHT05_06_23	; 
R    0.6 	 =R4_1BEDROOM1LIGHT09	; 
R    0.7 	 =R5_1BEDROOM2LIGHT10	; 
R    1.0 	 =R5_1BEDROOM2LIGHT11	; 
R    1.1 	 =R5_1BEDROOM2LIGHT12	; 
R    1.2 	 =R6_1WARDROBELIGHT13_21	; 
R    1.3 	 =R8_1BATHROOM2LIGHT14_15_16	; 
R    1.4 	 =R7_1BATHROOM1LIGHT17_18_19	; dimm
R    1.5 	 =R1_1HALLLIGHT01_AUTO	; 
R    1.6 	 =R2_3LIVINGROOMLIGHT02_07_08_AUTO	; dimm
R    1.7 	 =R2_2KITCHENLIGHT03_AUTO	; 
R    2.0 	 =R2_2KITCHENLIGHT04_24_AUTO	; 
R    2.1 	 =R2_1EATINGROOMLIGHT05_06_23_AUTO	; 
R    2.2 	 =R4_1BEDROOM1LIGHT09_AUTO	; 
R    2.3 	 =R5_1BEDROOM2LIGHT10_AUTO	; 
R    2.4 	 =R5_15BEDROOM2LIGHT11_AUTO	; 
R    2.5 	 =R5_15BEDROOM2LIGHT12_AUTO	; 
R    2.6 	 =R6_1WARDROBELIGHT13_21_AUTO	; 
R    2.7 	 =R8_1BATHROOM2LIGHT14_15_16_AUTO	; 
R    3.0 	 =R7_1BATHROOM1LIGHT17_18_19_AUTO	; dimm
R    3.1 	 =R2_1EATINGROOMBLINDSUP	; 
R    3.2 	 =R2_1EATINGROOMBLINDSDOWN	; 
R    3.3 	 =R2_1EATINGROOMBLINDSSTOP	; 
R    3.4 	 =R4_1BEDROOM1BLINDSUP	; 
R    3.5 	 =R4_1BEDROOM1BLINDSDOWN	; 
R    3.6 	 =R4_1BEDROOM1BLINDSSTOP	; 
R    3.7 	 =R5_1BEDROOM2BLINDSUP	; 
R    4.0 	 =R5_1BEDROOM2BLINDSDOWN	; 
R    4.1 	 =R5_1BEDROOM2BLINDSSTOP	; 
R    4.2 	 =GENERALPOWER	; 
R    4.3 	 =FLOORHEATINGSTATE	; 
R    4.4 	 =WATERSTATE	; 
R    4.5 	 =WATERCLOSE	; 
R    4.6 	 =WATEROPEN	; 
R    4.7 	 =WATERALARMRESET	; 
R    5.0 	 =WATERALARM	; 
R    5.1 	 =SECURITY_ARM	; 
R    5.2 	 =SECURITY_DISARM	; 
R    5.3 	 =SECURITY_ALARM	; 
R    5.4 	 =SECURITY_ALARM_RESET	; 
R    5.5 	 =SECURITY_LED	; 
R    5.6 	 =SECURITY_STATE	; 
RF 105   : 108   =R2_3LIVINGROOMLIGHT02_07_08_LEVEL	; 
RF 109   : 112   =R7_1BATHROOM1LIGHT17_18_19_LEVEL	; 
RF 113   : 116   =R2_1EATINGROOMBLINDSPOSITION	; 
RF 117   : 120   =R4_1BEDROOM1BLINDSPOSITION	; 
RF 121   : 124   =R5_1BEDROOM2BLINDSPOSITION	; 
RF 125   : 128   =FLOORHEATINGLEVEL	; 
RF 129   : 132   =R4_BEDROOM1ACSETTEMPERATURE	; 
RF 133   : 136   =R5_BEDROOM2ACSETTEMPERATURE	; 
R  137   	 =R4_BEDROOM1ACMODE	; 
R  138   	 =R5_BEDROOM2ACMODE	; 
R  139   : 151   =TMI_CIB1_IN MI_CIB1_IN	; 
	RF139	  > MI_CIB1_IN~INTGR
	R143.0	  >>> MI_CIB1_IN~ID1_IN~DI~DI1
	R143.1	  >>> MI_CIB1_IN~ID1_IN~DI~DI2
	R143.2	  >>> MI_CIB1_IN~ID1_IN~DI~DI3
	R143.3	  >>> MI_CIB1_IN~ID1_IN~DI~DI4
	R143.4	  >>> MI_CIB1_IN~ID1_IN~DI~DI5
	R143.5	  >>> MI_CIB1_IN~ID1_IN~DI~DI6
	R143.6	  >>> MI_CIB1_IN~ID1_IN~DI~DI7
	R143.7	  >>> MI_CIB1_IN~ID1_IN~DI~DI8
	R144.0	  >>> MI_CIB1_IN~ID1_IN~DI~CLICK1
	R144.1	  >>> MI_CIB1_IN~ID1_IN~DI~CLICK2
	R144.2	  >>> MI_CIB1_IN~ID1_IN~DI~CLICK3
	R144.3	  >>> MI_CIB1_IN~ID1_IN~DI~CLICK4
	R144.4	  >>> MI_CIB1_IN~ID1_IN~DI~CLICK5
	R144.5	  >>> MI_CIB1_IN~ID1_IN~DI~CLICK6
	R144.6	  >>> MI_CIB1_IN~ID1_IN~DI~CLICK7
	R144.7	  >>> MI_CIB1_IN~ID1_IN~DI~CLICK8
	R145.0	  >>> MI_CIB1_IN~ID1_IN~DI~PRESS1
	R145.1	  >>> MI_CIB1_IN~ID1_IN~DI~PRESS2
	R145.2	  >>> MI_CIB1_IN~ID1_IN~DI~PRESS3
	R145.3	  >>> MI_CIB1_IN~ID1_IN~DI~PRESS4
	R145.4	  >>> MI_CIB1_IN~ID1_IN~DI~PRESS5
	R145.5	  >>> MI_CIB1_IN~ID1_IN~DI~PRESS6
	R145.6	  >>> MI_CIB1_IN~ID1_IN~DI~PRESS7
	R145.7	  >>> MI_CIB1_IN~ID1_IN~DI~PRESS8
	R146.0	  >>> MI_CIB1_IN~ID1_IN~DI~TAMPER1
	R146.1	  >>> MI_CIB1_IN~ID1_IN~DI~TAMPER2
	R146.2	  >>> MI_CIB1_IN~ID1_IN~DI~TAMPER3
	R146.3	  >>> MI_CIB1_IN~ID1_IN~DI~TAMPER4
	R146.4	  >>> MI_CIB1_IN~ID1_IN~DI~TAMPER5
	R146.5	  >>> MI_CIB1_IN~ID1_IN~DI~TAMPER6
	R146.6	  >>> MI_CIB1_IN~ID1_IN~DI~TAMPER7
	R146.7	  >>> MI_CIB1_IN~ID1_IN~DI~TAMPER8
	R147.0	  >>> MI_CIB1_IN~ID1_IN~STAT~OUF7
	R147.1	  >>> MI_CIB1_IN~ID1_IN~STAT~VLD7
	R147.2	  >>> MI_CIB1_IN~ID1_IN~STAT~OUF8
	R147.3	  >>> MI_CIB1_IN~ID1_IN~STAT~VLD8
	R147.4	  >>> MI_CIB1_IN~ID1_IN~STAT~OUF9
	R147.5	  >>> MI_CIB1_IN~ID1_IN~STAT~VLD9
	RF148	  >> MI_CIB1_IN~ID1_IN~AI9
R  152   	 =TMI_CIB1_OUT MI_CIB1_OUT	; 
	R152.0	  >>> MI_CIB1_OUT~ID1_OUT~DOS~DO1
	R152.1	  >>> MI_CIB1_OUT~ID1_OUT~DOS~DO2
	R152.2	  >>> MI_CIB1_OUT~ID1_OUT~DOS~DO3
	R152.3	  >>> MI_CIB1_OUT~ID1_OUT~DOS~DO4
	R152.4	  >>> MI_CIB1_OUT~ID1_OUT~DOS~DO5
	R152.5	  >>> MI_CIB1_OUT~ID1_OUT~DOS~DO6
	R152.6	  >>> MI_CIB1_OUT~ID1_OUT~DOS~DO7
	R152.7	  >>> MI_CIB1_OUT~ID1_OUT~DOS~DO8
R  153   : 184   =INE_STAT_MI_CIB1 [32]	; 
	R153	  > INE_STAT_MI_CIB1[0]
	R154	  > INE_STAT_MI_CIB1[1]
	R155	  > INE_STAT_MI_CIB1[2]
	R156	  > INE_STAT_MI_CIB1[3]
	R157	  > INE_STAT_MI_CIB1[4]
	R158	  > INE_STAT_MI_CIB1[5]
	R159	  > INE_STAT_MI_CIB1[6]
	R160	  > INE_STAT_MI_CIB1[7]
	R161	  > INE_STAT_MI_CIB1[8]
	R162	  > INE_STAT_MI_CIB1[9]
	R163	  > INE_STAT_MI_CIB1[10]
	R164	  > INE_STAT_MI_CIB1[11]
	R165	  > INE_STAT_MI_CIB1[12]
	R166	  > INE_STAT_MI_CIB1[13]
	R167	  > INE_STAT_MI_CIB1[14]
	R168	  > INE_STAT_MI_CIB1[15]
	R169	  > INE_STAT_MI_CIB1[16]
	R170	  > INE_STAT_MI_CIB1[17]
	R171	  > INE_STAT_MI_CIB1[18]
	R172	  > INE_STAT_MI_CIB1[19]
	R173	  > INE_STAT_MI_CIB1[20]
	R174	  > INE_STAT_MI_CIB1[21]
	R175	  > INE_STAT_MI_CIB1[22]
	R176	  > INE_STAT_MI_CIB1[23]
	R177	  > INE_STAT_MI_CIB1[24]
	R178	  > INE_STAT_MI_CIB1[25]
	R179	  > INE_STAT_MI_CIB1[26]
	R180	  > INE_STAT_MI_CIB1[27]
	R181	  > INE_STAT_MI_CIB1[28]
	R182	  > INE_STAT_MI_CIB1[29]
	R183	  > INE_STAT_MI_CIB1[30]
	R184	  > INE_STAT_MI_CIB1[31]
R  185   : 216   =INE_ERR_MI_CIB1 [32]	; 
	R185	  > INE_ERR_MI_CIB1[0]
	R186	  > INE_ERR_MI_CIB1[1]
	R187	  > INE_ERR_MI_CIB1[2]
	R188	  > INE_ERR_MI_CIB1[3]
	R189	  > INE_ERR_MI_CIB1[4]
	R190	  > INE_ERR_MI_CIB1[5]
	R191	  > INE_ERR_MI_CIB1[6]
	R192	  > INE_ERR_MI_CIB1[7]
	R193	  > INE_ERR_MI_CIB1[8]
	R194	  > INE_ERR_MI_CIB1[9]
	R195	  > INE_ERR_MI_CIB1[10]
	R196	  > INE_ERR_MI_CIB1[11]
	R197	  > INE_ERR_MI_CIB1[12]
	R198	  > INE_ERR_MI_CIB1[13]
	R199	  > INE_ERR_MI_CIB1[14]
	R200	  > INE_ERR_MI_CIB1[15]
	R201	  > INE_ERR_MI_CIB1[16]
	R202	  > INE_ERR_MI_CIB1[17]
	R203	  > INE_ERR_MI_CIB1[18]
	R204	  > INE_ERR_MI_CIB1[19]
	R205	  > INE_ERR_MI_CIB1[20]
	R206	  > INE_ERR_MI_CIB1[21]
	R207	  > INE_ERR_MI_CIB1[22]
	R208	  > INE_ERR_MI_CIB1[23]
	R209	  > INE_ERR_MI_CIB1[24]
	R210	  > INE_ERR_MI_CIB1[25]
	R211	  > INE_ERR_MI_CIB1[26]
	R212	  > INE_ERR_MI_CIB1[27]
	R213	  > INE_ERR_MI_CIB1[28]
	R214	  > INE_ERR_MI_CIB1[29]
	R215	  > INE_ERR_MI_CIB1[30]
	R216	  > INE_ERR_MI_CIB1[31]
R  217   : 221   =TMI_CIB2_IN MI_CIB2_IN	; 
	RF217	  > MI_CIB2_IN~INTGR
	R221	  > MI_CIB2_IN~NODATA
R  222   	 =TMI_CIB2_OUT MI_CIB2_OUT	; 
	R222	  > MI_CIB2_OUT~NODATA
R  223   : 254   =INE_STAT_MI_CIB2 [32]	; 
	R223	  > INE_STAT_MI_CIB2[0]
	R224	  > INE_STAT_MI_CIB2[1]
	R225	  > INE_STAT_MI_CIB2[2]
	R226	  > INE_STAT_MI_CIB2[3]
	R227	  > INE_STAT_MI_CIB2[4]
	R228	  > INE_STAT_MI_CIB2[5]
	R229	  > INE_STAT_MI_CIB2[6]
	R230	  > INE_STAT_MI_CIB2[7]
	R231	  > INE_STAT_MI_CIB2[8]
	R232	  > INE_STAT_MI_CIB2[9]
	R233	  > INE_STAT_MI_CIB2[10]
	R234	  > INE_STAT_MI_CIB2[11]
	R235	  > INE_STAT_MI_CIB2[12]
	R236	  > INE_STAT_MI_CIB2[13]
	R237	  > INE_STAT_MI_CIB2[14]
	R238	  > INE_STAT_MI_CIB2[15]
	R239	  > INE_STAT_MI_CIB2[16]
	R240	  > INE_STAT_MI_CIB2[17]
	R241	  > INE_STAT_MI_CIB2[18]
	R242	  > INE_STAT_MI_CIB2[19]
	R243	  > INE_STAT_MI_CIB2[20]
	R244	  > INE_STAT_MI_CIB2[21]
	R245	  > INE_STAT_MI_CIB2[22]
	R246	  > INE_STAT_MI_CIB2[23]
	R247	  > INE_STAT_MI_CIB2[24]
	R248	  > INE_STAT_MI_CIB2[25]
	R249	  > INE_STAT_MI_CIB2[26]
	R250	  > INE_STAT_MI_CIB2[27]
	R251	  > INE_STAT_MI_CIB2[28]
	R252	  > INE_STAT_MI_CIB2[29]
	R253	  > INE_STAT_MI_CIB2[30]
	R254	  > INE_STAT_MI_CIB2[31]
R  255   : 286   =INE_ERR_MI_CIB2 [32]	; 
	R255	  > INE_ERR_MI_CIB2[0]
	R256	  > INE_ERR_MI_CIB2[1]
	R257	  > INE_ERR_MI_CIB2[2]
	R258	  > INE_ERR_MI_CIB2[3]
	R259	  > INE_ERR_MI_CIB2[4]
	R260	  > INE_ERR_MI_CIB2[5]
	R261	  > INE_ERR_MI_CIB2[6]
	R262	  > INE_ERR_MI_CIB2[7]
	R263	  > INE_ERR_MI_CIB2[8]
	R264	  > INE_ERR_MI_CIB2[9]
	R265	  > INE_ERR_MI_CIB2[10]
	R266	  > INE_ERR_MI_CIB2[11]
	R267	  > INE_ERR_MI_CIB2[12]
	R268	  > INE_ERR_MI_CIB2[13]
	R269	  > INE_ERR_MI_CIB2[14]
	R270	  > INE_ERR_MI_CIB2[15]
	R271	  > INE_ERR_MI_CIB2[16]
	R272	  > INE_ERR_MI_CIB2[17]
	R273	  > INE_ERR_MI_CIB2[18]
	R274	  > INE_ERR_MI_CIB2[19]
	R275	  > INE_ERR_MI_CIB2[20]
	R276	  > INE_ERR_MI_CIB2[21]
	R277	  > INE_ERR_MI_CIB2[22]
	R278	  > INE_ERR_MI_CIB2[23]
	R279	  > INE_ERR_MI_CIB2[24]
	R280	  > INE_ERR_MI_CIB2[25]
	R281	  > INE_ERR_MI_CIB2[26]
	R282	  > INE_ERR_MI_CIB2[27]
	R283	  > INE_ERR_MI_CIB2[28]
	R284	  > INE_ERR_MI_CIB2[29]
	R285	  > INE_ERR_MI_CIB2[30]
	R286	  > INE_ERR_MI_CIB2[31]
R  287   : 298   =SUB_TIME __INSTANCE__SUB_TIME	; 
	RL287	  > __INSTANCE__SUB_TIME~__FC__SUB_TIME
	RL291	  > __INSTANCE__SUB_TIME~IN1
	RL295	  > __INSTANCE__SUB_TIME~IN2
R  299   : 303   =PRGMAIN MAIN	; 
	RL299	  > MAIN~OUT_RELAY1
	R303.0	  > MAIN~INIT
R  304   : 441   =PRGHALLLIGHT HALLLIGHT	; 
	RL304	  >> HALLLIGHT~LAMP1~TRIGBUTTON
	R308.0	  >> HALLLIGHT~LAMP1~SETSTATE
	R309.0	  >>> HALLLIGHT~LAMP1~TRIGBUTTONOFF~CLK
	R309.1	  >>> HALLLIGHT~LAMP1~TRIGBUTTONOFF~Q
	R309.2	  >>> HALLLIGHT~LAMP1~TRIGBUTTONOFF~M
	R310.0	  >>> HALLLIGHT~LAMP1~TRIGBUTTONON~CLK
	R310.1	  >>> HALLLIGHT~LAMP1~TRIGBUTTONON~Q
	R310.2	  >>> HALLLIGHT~LAMP1~TRIGBUTTONON~M
	R311.0	  >> HALLLIGHT~LAMP1~STATECHANGED
	R311.1	  >> HALLLIGHT~LAMP1~STATE
	R312.0	  >>> HALLLIGHT~AUTO~SENSOR_DOOR~STATE
	R313	  >>> HALLLIGHT~AUTO~SENSOR_DOOR~MODE
	R314.0	  >>> HALLLIGHT~AUTO~SENSOR_MOTION~STATE
	R315	  >>> HALLLIGHT~AUTO~SENSOR_MOTION~MODE
	R316.0	  >> HALLLIGHT~AUTO~AUTOMODE
	R316.1	  >> HALLLIGHT~AUTO~NIGHTMODE
	R316.2	  >> HALLLIGHT~AUTO~FORGETMODE
	R316.3	  >> HALLLIGHT~AUTO~ANYLIGHTON
	R316.4	  >> HALLLIGHT~AUTO~ANYLIGHTCHANGED
	RL317	  >> HALLLIGHT~AUTO~TIMEAFTERDOOROPENCLOSE
	RL321	  >> HALLLIGHT~AUTO~TIMEAFTERMOTIONDETECT
	RL325	  >> HALLLIGHT~AUTO~TIMEAFTERLASTACTION
	R329.0	  >> HALLLIGHT~AUTO~SETSTATE
	R329.1	  >> HALLLIGHT~AUTO~PERSONLEFT
	R329.2	  >> HALLLIGHT~AUTO~FORGET
	R329.3	  >> HALLLIGHT~AUTO~STATECHANGED
	R329.4	  >> HALLLIGHT~AUTO~STATE
	R330.0	  >>> HALLLIGHT~AUTO~TIMERAFTERDOOROPENED~START
	R330.1	  >>> HALLLIGHT~AUTO~TIMERAFTERDOOROPENED~RESET
	RL331	  >>> HALLLIGHT~AUTO~TIMERAFTERDOOROPENED~TIMETOCOUNT
	R335.0	  >>> HALLLIGHT~AUTO~TIMERAFTERDOOROPENED~ISRUN
	R335.1	  >>> HALLLIGHT~AUTO~TIMERAFTERDOOROPENED~ISDONE
	RL336	  >>> HALLLIGHT~AUTO~TIMERAFTERDOOROPENED~CURRENTTIME
	R340.0	  >>>> HALLLIGHT~AUTO~TIMERAFTERDOOROPENED~TIMER~IN
	RL341	  >>>> HALLLIGHT~AUTO~TIMERAFTERDOOROPENED~TIMER~PT
	R345.0	  >>>> HALLLIGHT~AUTO~TIMERAFTERDOOROPENED~TIMER~Q
	RL346	  >>>> HALLLIGHT~AUTO~TIMERAFTERDOOROPENED~TIMER~ET
	R350.0	  >>>>> HALLLIGHT~AUTO~TIMERAFTERDOOROPENED~TIMER~IN_R_EDGE~CLK
	R350.1	  >>>>> HALLLIGHT~AUTO~TIMERAFTERDOOROPENED~TIMER~IN_R_EDGE~Q
	R350.2	  >>>>> HALLLIGHT~AUTO~TIMERAFTERDOOROPENED~TIMER~IN_R_EDGE~M
	RL351	  >>>> HALLLIGHT~AUTO~TIMERAFTERDOOROPENED~TIMER~LT
	R355.0	  >>> HALLLIGHT~AUTO~TIMERAFTERDOOROPENED~__EDGE_R__START
	R355.1	  >>> HALLLIGHT~AUTO~TIMERAFTERDOOROPENED~__EDGE_R__RESET
	R356.0	  >>> HALLLIGHT~AUTO~TIMERAFTERDOORCLOSED~START
	R356.1	  >>> HALLLIGHT~AUTO~TIMERAFTERDOORCLOSED~RESET
	RL357	  >>> HALLLIGHT~AUTO~TIMERAFTERDOORCLOSED~TIMETOCOUNT
	R361.0	  >>> HALLLIGHT~AUTO~TIMERAFTERDOORCLOSED~ISRUN
	R361.1	  >>> HALLLIGHT~AUTO~TIMERAFTERDOORCLOSED~ISDONE
	RL362	  >>> HALLLIGHT~AUTO~TIMERAFTERDOORCLOSED~CURRENTTIME
	R366.0	  >>>> HALLLIGHT~AUTO~TIMERAFTERDOORCLOSED~TIMER~IN
	RL367	  >>>> HALLLIGHT~AUTO~TIMERAFTERDOORCLOSED~TIMER~PT
	R371.0	  >>>> HALLLIGHT~AUTO~TIMERAFTERDOORCLOSED~TIMER~Q
	RL372	  >>>> HALLLIGHT~AUTO~TIMERAFTERDOORCLOSED~TIMER~ET
	R376.0	  >>>>> HALLLIGHT~AUTO~TIMERAFTERDOORCLOSED~TIMER~IN_R_EDGE~CLK
	R376.1	  >>>>> HALLLIGHT~AUTO~TIMERAFTERDOORCLOSED~TIMER~IN_R_EDGE~Q
	R376.2	  >>>>> HALLLIGHT~AUTO~TIMERAFTERDOORCLOSED~TIMER~IN_R_EDGE~M
	RL377	  >>>> HALLLIGHT~AUTO~TIMERAFTERDOORCLOSED~TIMER~LT
	R381.0	  >>> HALLLIGHT~AUTO~TIMERAFTERDOORCLOSED~__EDGE_R__START
	R381.1	  >>> HALLLIGHT~AUTO~TIMERAFTERDOORCLOSED~__EDGE_R__RESET
	R382.0	  >>> HALLLIGHT~AUTO~TIMERAFTERMOTIONDETECTED~START
	R382.1	  >>> HALLLIGHT~AUTO~TIMERAFTERMOTIONDETECTED~RESET
	RL383	  >>> HALLLIGHT~AUTO~TIMERAFTERMOTIONDETECTED~TIMETOCOUNT
	R387.0	  >>> HALLLIGHT~AUTO~TIMERAFTERMOTIONDETECTED~ISRUN
	R387.1	  >>> HALLLIGHT~AUTO~TIMERAFTERMOTIONDETECTED~ISDONE
	RL388	  >>> HALLLIGHT~AUTO~TIMERAFTERMOTIONDETECTED~CURRENTTIME
	R392.0	  >>>> HALLLIGHT~AUTO~TIMERAFTERMOTIONDETECTED~TIMER~IN
	RL393	  >>>> HALLLIGHT~AUTO~TIMERAFTERMOTIONDETECTED~TIMER~PT
	R397.0	  >>>> HALLLIGHT~AUTO~TIMERAFTERMOTIONDETECTED~TIMER~Q
	RL398	  >>>> HALLLIGHT~AUTO~TIMERAFTERMOTIONDETECTED~TIMER~ET
	R402.0	  >>>>> HALLLIGHT~AUTO~TIMERAFTERMOTIONDETECTED~TIMER~IN_R_EDGE~CLK
	R402.1	  >>>>> HALLLIGHT~AUTO~TIMERAFTERMOTIONDETECTED~TIMER~IN_R_EDGE~Q
	R402.2	  >>>>> HALLLIGHT~AUTO~TIMERAFTERMOTIONDETECTED~TIMER~IN_R_EDGE~M
	RL403	  >>>> HALLLIGHT~AUTO~TIMERAFTERMOTIONDETECTED~TIMER~LT
	R407.0	  >>> HALLLIGHT~AUTO~TIMERAFTERMOTIONDETECTED~__EDGE_R__START
	R407.1	  >>> HALLLIGHT~AUTO~TIMERAFTERMOTIONDETECTED~__EDGE_R__RESET
	R408.0	  >>> HALLLIGHT~AUTO~TIMERAFTERLASTACTION~START
	R408.1	  >>> HALLLIGHT~AUTO~TIMERAFTERLASTACTION~RESET
	RL409	  >>> HALLLIGHT~AUTO~TIMERAFTERLASTACTION~TIMETOCOUNT
	R413.0	  >>> HALLLIGHT~AUTO~TIMERAFTERLASTACTION~ISRUN
	R413.1	  >>> HALLLIGHT~AUTO~TIMERAFTERLASTACTION~ISDONE
	RL414	  >>> HALLLIGHT~AUTO~TIMERAFTERLASTACTION~CURRENTTIME
	R418.0	  >>>> HALLLIGHT~AUTO~TIMERAFTERLASTACTION~TIMER~IN
	RL419	  >>>> HALLLIGHT~AUTO~TIMERAFTERLASTACTION~TIMER~PT
	R423.0	  >>>> HALLLIGHT~AUTO~TIMERAFTERLASTACTION~TIMER~Q
	RL424	  >>>> HALLLIGHT~AUTO~TIMERAFTERLASTACTION~TIMER~ET
	R428.0	  >>>>> HALLLIGHT~AUTO~TIMERAFTERLASTACTION~TIMER~IN_R_EDGE~CLK
	R428.1	  >>>>> HALLLIGHT~AUTO~TIMERAFTERLASTACTION~TIMER~IN_R_EDGE~Q
	R428.2	  >>>>> HALLLIGHT~AUTO~TIMERAFTERLASTACTION~TIMER~IN_R_EDGE~M
	RL429	  >>>> HALLLIGHT~AUTO~TIMERAFTERLASTACTION~TIMER~LT
	R433.0	  >>> HALLLIGHT~AUTO~TIMERAFTERLASTACTION~__EDGE_R__START
	R433.1	  >>> HALLLIGHT~AUTO~TIMERAFTERLASTACTION~__EDGE_R__RESET
	R434.0	  >>> HALLLIGHT~AUTO~DOORSENSRISE~CLK
	R434.1	  >>> HALLLIGHT~AUTO~DOORSENSRISE~Q
	R434.2	  >>> HALLLIGHT~AUTO~DOORSENSRISE~M
	R435.0	  >>> HALLLIGHT~AUTO~DOORSENSFALL~CLK
	R435.1	  >>> HALLLIGHT~AUTO~DOORSENSFALL~Q
	R435.2	  >>> HALLLIGHT~AUTO~DOORSENSFALL~M
	R436.0	  >> HALLLIGHT~AUTO~DOORCLOSED
	R436.1	  >> HALLLIGHT~AUTO~DOOROPENED
	R437.0	  >>> HALLLIGHT~AUTO~MOTIONSENSRISE~CLK
	R437.1	  >>> HALLLIGHT~AUTO~MOTIONSENSRISE~Q
	R437.2	  >>> HALLLIGHT~AUTO~MOTIONSENSRISE~M
	R438.0	  >>> HALLLIGHT~AUTO~MOTIONSENSFALL~CLK
	R438.1	  >>> HALLLIGHT~AUTO~MOTIONSENSFALL~Q
	R438.2	  >>> HALLLIGHT~AUTO~MOTIONSENSFALL~M
	R439.0	  >> HALLLIGHT~AUTO~MOTIONDETECTED
	R439.1	  >> HALLLIGHT~AUTO~MOTIONEND
	R440.0	  >>> HALLLIGHT~AUTO~NIGHTMODEOFF~CLK
	R440.1	  >>> HALLLIGHT~AUTO~NIGHTMODEOFF~Q
	R440.2	  >>> HALLLIGHT~AUTO~NIGHTMODEOFF~M
	R441.0	  > HALLLIGHT~INIT
R  442   : 587   =PRGKITCHENLIGHT KITCHENLIGHT	; 
	RL442	  >> KITCHENLIGHT~LAMP1~TRIGBUTTON
	R446.0	  >> KITCHENLIGHT~LAMP1~SETSTATE
	R447.0	  >>> KITCHENLIGHT~LAMP1~TRIGBUTTONOFF~CLK
	R447.1	  >>> KITCHENLIGHT~LAMP1~TRIGBUTTONOFF~Q
	R447.2	  >>> KITCHENLIGHT~LAMP1~TRIGBUTTONOFF~M
	R448.0	  >>> KITCHENLIGHT~LAMP1~TRIGBUTTONON~CLK
	R448.1	  >>> KITCHENLIGHT~LAMP1~TRIGBUTTONON~Q
	R448.2	  >>> KITCHENLIGHT~LAMP1~TRIGBUTTONON~M
	R449.0	  >> KITCHENLIGHT~LAMP1~STATECHANGED
	R449.1	  >> KITCHENLIGHT~LAMP1~STATE
	RL450	  >> KITCHENLIGHT~LAMP2~TRIGBUTTON
	R454.0	  >> KITCHENLIGHT~LAMP2~SETSTATE
	R455.0	  >>> KITCHENLIGHT~LAMP2~TRIGBUTTONOFF~CLK
	R455.1	  >>> KITCHENLIGHT~LAMP2~TRIGBUTTONOFF~Q
	R455.2	  >>> KITCHENLIGHT~LAMP2~TRIGBUTTONOFF~M
	R456.0	  >>> KITCHENLIGHT~LAMP2~TRIGBUTTONON~CLK
	R456.1	  >>> KITCHENLIGHT~LAMP2~TRIGBUTTONON~Q
	R456.2	  >>> KITCHENLIGHT~LAMP2~TRIGBUTTONON~M
	R457.0	  >> KITCHENLIGHT~LAMP2~STATECHANGED
	R457.1	  >> KITCHENLIGHT~LAMP2~STATE
	R458.0	  >>> KITCHENLIGHT~AUTO~SENSOR_DOOR~STATE
	R459	  >>> KITCHENLIGHT~AUTO~SENSOR_DOOR~MODE
	R460.0	  >>> KITCHENLIGHT~AUTO~SENSOR_MOTION~STATE
	R461	  >>> KITCHENLIGHT~AUTO~SENSOR_MOTION~MODE
	R462.0	  >> KITCHENLIGHT~AUTO~AUTOMODE
	R462.1	  >> KITCHENLIGHT~AUTO~NIGHTMODE
	R462.2	  >> KITCHENLIGHT~AUTO~FORGETMODE
	R462.3	  >> KITCHENLIGHT~AUTO~ANYLIGHTON
	R462.4	  >> KITCHENLIGHT~AUTO~ANYLIGHTCHANGED
	RL463	  >> KITCHENLIGHT~AUTO~TIMEAFTERDOOROPENCLOSE
	RL467	  >> KITCHENLIGHT~AUTO~TIMEAFTERMOTIONDETECT
	RL471	  >> KITCHENLIGHT~AUTO~TIMEAFTERLASTACTION
	R475.0	  >> KITCHENLIGHT~AUTO~SETSTATE
	R475.1	  >> KITCHENLIGHT~AUTO~PERSONLEFT
	R475.2	  >> KITCHENLIGHT~AUTO~FORGET
	R475.3	  >> KITCHENLIGHT~AUTO~STATECHANGED
	R475.4	  >> KITCHENLIGHT~AUTO~STATE
	R476.0	  >>> KITCHENLIGHT~AUTO~TIMERAFTERDOOROPENED~START
	R476.1	  >>> KITCHENLIGHT~AUTO~TIMERAFTERDOOROPENED~RESET
	RL477	  >>> KITCHENLIGHT~AUTO~TIMERAFTERDOOROPENED~TIMETOCOUNT
	R481.0	  >>> KITCHENLIGHT~AUTO~TIMERAFTERDOOROPENED~ISRUN
	R481.1	  >>> KITCHENLIGHT~AUTO~TIMERAFTERDOOROPENED~ISDONE
	RL482	  >>> KITCHENLIGHT~AUTO~TIMERAFTERDOOROPENED~CURRENTTIME
	R486.0	  >>>> KITCHENLIGHT~AUTO~TIMERAFTERDOOROPENED~TIMER~IN
	RL487	  >>>> KITCHENLIGHT~AUTO~TIMERAFTERDOOROPENED~TIMER~PT
	R491.0	  >>>> KITCHENLIGHT~AUTO~TIMERAFTERDOOROPENED~TIMER~Q
	RL492	  >>>> KITCHENLIGHT~AUTO~TIMERAFTERDOOROPENED~TIMER~ET
	R496.0	  >>>>> KITCHENLIGHT~AUTO~TIMERAFTERDOOROPENED~TIMER~IN_R_EDGE~CLK
	R496.1	  >>>>> KITCHENLIGHT~AUTO~TIMERAFTERDOOROPENED~TIMER~IN_R_EDGE~Q
	R496.2	  >>>>> KITCHENLIGHT~AUTO~TIMERAFTERDOOROPENED~TIMER~IN_R_EDGE~M
	RL497	  >>>> KITCHENLIGHT~AUTO~TIMERAFTERDOOROPENED~TIMER~LT
	R501.0	  >>> KITCHENLIGHT~AUTO~TIMERAFTERDOOROPENED~__EDGE_R__START
	R501.1	  >>> KITCHENLIGHT~AUTO~TIMERAFTERDOOROPENED~__EDGE_R__RESET
	R502.0	  >>> KITCHENLIGHT~AUTO~TIMERAFTERDOORCLOSED~START
	R502.1	  >>> KITCHENLIGHT~AUTO~TIMERAFTERDOORCLOSED~RESET
	RL503	  >>> KITCHENLIGHT~AUTO~TIMERAFTERDOORCLOSED~TIMETOCOUNT
	R507.0	  >>> KITCHENLIGHT~AUTO~TIMERAFTERDOORCLOSED~ISRUN
	R507.1	  >>> KITCHENLIGHT~AUTO~TIMERAFTERDOORCLOSED~ISDONE
	RL508	  >>> KITCHENLIGHT~AUTO~TIMERAFTERDOORCLOSED~CURRENTTIME
	R512.0	  >>>> KITCHENLIGHT~AUTO~TIMERAFTERDOORCLOSED~TIMER~IN
	RL513	  >>>> KITCHENLIGHT~AUTO~TIMERAFTERDOORCLOSED~TIMER~PT
	R517.0	  >>>> KITCHENLIGHT~AUTO~TIMERAFTERDOORCLOSED~TIMER~Q
	RL518	  >>>> KITCHENLIGHT~AUTO~TIMERAFTERDOORCLOSED~TIMER~ET
	R522.0	  >>>>> KITCHENLIGHT~AUTO~TIMERAFTERDOORCLOSED~TIMER~IN_R_EDGE~CLK
	R522.1	  >>>>> KITCHENLIGHT~AUTO~TIMERAFTERDOORCLOSED~TIMER~IN_R_EDGE~Q
	R522.2	  >>>>> KITCHENLIGHT~AUTO~TIMERAFTERDOORCLOSED~TIMER~IN_R_EDGE~M
	RL523	  >>>> KITCHENLIGHT~AUTO~TIMERAFTERDOORCLOSED~TIMER~LT
	R527.0	  >>> KITCHENLIGHT~AUTO~TIMERAFTERDOORCLOSED~__EDGE_R__START
	R527.1	  >>> KITCHENLIGHT~AUTO~TIMERAFTERDOORCLOSED~__EDGE_R__RESET
	R528.0	  >>> KITCHENLIGHT~AUTO~TIMERAFTERMOTIONDETECTED~START
	R528.1	  >>> KITCHENLIGHT~AUTO~TIMERAFTERMOTIONDETECTED~RESET
	RL529	  >>> KITCHENLIGHT~AUTO~TIMERAFTERMOTIONDETECTED~TIMETOCOUNT
	R533.0	  >>> KITCHENLIGHT~AUTO~TIMERAFTERMOTIONDETECTED~ISRUN
	R533.1	  >>> KITCHENLIGHT~AUTO~TIMERAFTERMOTIONDETECTED~ISDONE
	RL534	  >>> KITCHENLIGHT~AUTO~TIMERAFTERMOTIONDETECTED~CURRENTTIME
	R538.0	  >>>> KITCHENLIGHT~AUTO~TIMERAFTERMOTIONDETECTED~TIMER~IN
	RL539	  >>>> KITCHENLIGHT~AUTO~TIMERAFTERMOTIONDETECTED~TIMER~PT
	R543.0	  >>>> KITCHENLIGHT~AUTO~TIMERAFTERMOTIONDETECTED~TIMER~Q
	RL544	  >>>> KITCHENLIGHT~AUTO~TIMERAFTERMOTIONDETECTED~TIMER~ET
	R548.0	  >>>>> KITCHENLIGHT~AUTO~TIMERAFTERMOTIONDETECTED~TIMER~IN_R_EDGE~CLK
	R548.1	  >>>>> KITCHENLIGHT~AUTO~TIMERAFTERMOTIONDETECTED~TIMER~IN_R_EDGE~Q
	R548.2	  >>>>> KITCHENLIGHT~AUTO~TIMERAFTERMOTIONDETECTED~TIMER~IN_R_EDGE~M
	RL549	  >>>> KITCHENLIGHT~AUTO~TIMERAFTERMOTIONDETECTED~TIMER~LT
	R553.0	  >>> KITCHENLIGHT~AUTO~TIMERAFTERMOTIONDETECTED~__EDGE_R__START
	R553.1	  >>> KITCHENLIGHT~AUTO~TIMERAFTERMOTIONDETECTED~__EDGE_R__RESET
	R554.0	  >>> KITCHENLIGHT~AUTO~TIMERAFTERLASTACTION~START
	R554.1	  >>> KITCHENLIGHT~AUTO~TIMERAFTERLASTACTION~RESET
	RL555	  >>> KITCHENLIGHT~AUTO~TIMERAFTERLASTACTION~TIMETOCOUNT
	R559.0	  >>> KITCHENLIGHT~AUTO~TIMERAFTERLASTACTION~ISRUN
	R559.1	  >>> KITCHENLIGHT~AUTO~TIMERAFTERLASTACTION~ISDONE
	RL560	  >>> KITCHENLIGHT~AUTO~TIMERAFTERLASTACTION~CURRENTTIME
	R564.0	  >>>> KITCHENLIGHT~AUTO~TIMERAFTERLASTACTION~TIMER~IN
	RL565	  >>>> KITCHENLIGHT~AUTO~TIMERAFTERLASTACTION~TIMER~PT
	R569.0	  >>>> KITCHENLIGHT~AUTO~TIMERAFTERLASTACTION~TIMER~Q
	RL570	  >>>> KITCHENLIGHT~AUTO~TIMERAFTERLASTACTION~TIMER~ET
	R574.0	  >>>>> KITCHENLIGHT~AUTO~TIMERAFTERLASTACTION~TIMER~IN_R_EDGE~CLK
	R574.1	  >>>>> KITCHENLIGHT~AUTO~TIMERAFTERLASTACTION~TIMER~IN_R_EDGE~Q
	R574.2	  >>>>> KITCHENLIGHT~AUTO~TIMERAFTERLASTACTION~TIMER~IN_R_EDGE~M
	RL575	  >>>> KITCHENLIGHT~AUTO~TIMERAFTERLASTACTION~TIMER~LT
	R579.0	  >>> KITCHENLIGHT~AUTO~TIMERAFTERLASTACTION~__EDGE_R__START
	R579.1	  >>> KITCHENLIGHT~AUTO~TIMERAFTERLASTACTION~__EDGE_R__RESET
	R580.0	  >>> KITCHENLIGHT~AUTO~DOORSENSRISE~CLK
	R580.1	  >>> KITCHENLIGHT~AUTO~DOORSENSRISE~Q
	R580.2	  >>> KITCHENLIGHT~AUTO~DOORSENSRISE~M
	R581.0	  >>> KITCHENLIGHT~AUTO~DOORSENSFALL~CLK
	R581.1	  >>> KITCHENLIGHT~AUTO~DOORSENSFALL~Q
	R581.2	  >>> KITCHENLIGHT~AUTO~DOORSENSFALL~M
	R582.0	  >> KITCHENLIGHT~AUTO~DOORCLOSED
	R582.1	  >> KITCHENLIGHT~AUTO~DOOROPENED
	R583.0	  >>> KITCHENLIGHT~AUTO~MOTIONSENSRISE~CLK
	R583.1	  >>> KITCHENLIGHT~AUTO~MOTIONSENSRISE~Q
	R583.2	  >>> KITCHENLIGHT~AUTO~MOTIONSENSRISE~M
	R584.0	  >>> KITCHENLIGHT~AUTO~MOTIONSENSFALL~CLK
	R584.1	  >>> KITCHENLIGHT~AUTO~MOTIONSENSFALL~Q
	R584.2	  >>> KITCHENLIGHT~AUTO~MOTIONSENSFALL~M
	R585.0	  >> KITCHENLIGHT~AUTO~MOTIONDETECTED
	R585.1	  >> KITCHENLIGHT~AUTO~MOTIONEND
	R586.0	  >>> KITCHENLIGHT~AUTO~NIGHTMODEOFF~CLK
	R586.1	  >>> KITCHENLIGHT~AUTO~NIGHTMODEOFF~Q
	R586.2	  >>> KITCHENLIGHT~AUTO~NIGHTMODEOFF~M
	R587.0	  > KITCHENLIGHT~INIT
R  588   : 596   =PRGBALCONYLIGHT BALCONYLIGHT	; 
	RL588	  >> BALCONYLIGHT~LAMP1~TRIGBUTTON
	R592.0	  >> BALCONYLIGHT~LAMP1~SETSTATE
	R593.0	  >>> BALCONYLIGHT~LAMP1~TRIGBUTTONOFF~CLK
	R593.1	  >>> BALCONYLIGHT~LAMP1~TRIGBUTTONOFF~Q
	R593.2	  >>> BALCONYLIGHT~LAMP1~TRIGBUTTONOFF~M
	R594.0	  >>> BALCONYLIGHT~LAMP1~TRIGBUTTONON~CLK
	R594.1	  >>> BALCONYLIGHT~LAMP1~TRIGBUTTONON~Q
	R594.2	  >>> BALCONYLIGHT~LAMP1~TRIGBUTTONON~M
	R595.0	  >> BALCONYLIGHT~LAMP1~STATECHANGED
	R595.1	  >> BALCONYLIGHT~LAMP1~STATE
	R596.0	  > BALCONYLIGHT~INIT
R  597   : 750   =PRGBEDROOM2LIGHT BEDROOM2LIGHT	; 
	RL597	  >> BEDROOM2LIGHT~LAMP1~TRIGBUTTON
	R601.0	  >> BEDROOM2LIGHT~LAMP1~SETSTATE
	R602.0	  >>> BEDROOM2LIGHT~LAMP1~TRIGBUTTONOFF~CLK
	R602.1	  >>> BEDROOM2LIGHT~LAMP1~TRIGBUTTONOFF~Q
	R602.2	  >>> BEDROOM2LIGHT~LAMP1~TRIGBUTTONOFF~M
	R603.0	  >>> BEDROOM2LIGHT~LAMP1~TRIGBUTTONON~CLK
	R603.1	  >>> BEDROOM2LIGHT~LAMP1~TRIGBUTTONON~Q
	R603.2	  >>> BEDROOM2LIGHT~LAMP1~TRIGBUTTONON~M
	R604.0	  >> BEDROOM2LIGHT~LAMP1~STATECHANGED
	R604.1	  >> BEDROOM2LIGHT~LAMP1~STATE
	RL605	  >> BEDROOM2LIGHT~LAMP2~TRIGBUTTON
	R609.0	  >> BEDROOM2LIGHT~LAMP2~SETSTATE
	R610.0	  >>> BEDROOM2LIGHT~LAMP2~TRIGBUTTONOFF~CLK
	R610.1	  >>> BEDROOM2LIGHT~LAMP2~TRIGBUTTONOFF~Q
	R610.2	  >>> BEDROOM2LIGHT~LAMP2~TRIGBUTTONOFF~M
	R611.0	  >>> BEDROOM2LIGHT~LAMP2~TRIGBUTTONON~CLK
	R611.1	  >>> BEDROOM2LIGHT~LAMP2~TRIGBUTTONON~Q
	R611.2	  >>> BEDROOM2LIGHT~LAMP2~TRIGBUTTONON~M
	R612.0	  >> BEDROOM2LIGHT~LAMP2~STATECHANGED
	R612.1	  >> BEDROOM2LIGHT~LAMP2~STATE
	RL613	  >> BEDROOM2LIGHT~LAMP3~TRIGBUTTON
	R617.0	  >> BEDROOM2LIGHT~LAMP3~SETSTATE
	R618.0	  >>> BEDROOM2LIGHT~LAMP3~TRIGBUTTONOFF~CLK
	R618.1	  >>> BEDROOM2LIGHT~LAMP3~TRIGBUTTONOFF~Q
	R618.2	  >>> BEDROOM2LIGHT~LAMP3~TRIGBUTTONOFF~M
	R619.0	  >>> BEDROOM2LIGHT~LAMP3~TRIGBUTTONON~CLK
	R619.1	  >>> BEDROOM2LIGHT~LAMP3~TRIGBUTTONON~Q
	R619.2	  >>> BEDROOM2LIGHT~LAMP3~TRIGBUTTONON~M
	R620.0	  >> BEDROOM2LIGHT~LAMP3~STATECHANGED
	R620.1	  >> BEDROOM2LIGHT~LAMP3~STATE
	R621.0	  >>> BEDROOM2LIGHT~AUTO~SENSOR_DOOR~STATE
	R622	  >>> BEDROOM2LIGHT~AUTO~SENSOR_DOOR~MODE
	R623.0	  >>> BEDROOM2LIGHT~AUTO~SENSOR_MOTION~STATE
	R624	  >>> BEDROOM2LIGHT~AUTO~SENSOR_MOTION~MODE
	R625.0	  >> BEDROOM2LIGHT~AUTO~AUTOMODE
	R625.1	  >> BEDROOM2LIGHT~AUTO~NIGHTMODE
	R625.2	  >> BEDROOM2LIGHT~AUTO~FORGETMODE
	R625.3	  >> BEDROOM2LIGHT~AUTO~ANYLIGHTON
	R625.4	  >> BEDROOM2LIGHT~AUTO~ANYLIGHTCHANGED
	RL626	  >> BEDROOM2LIGHT~AUTO~TIMEAFTERDOOROPENCLOSE
	RL630	  >> BEDROOM2LIGHT~AUTO~TIMEAFTERMOTIONDETECT
	RL634	  >> BEDROOM2LIGHT~AUTO~TIMEAFTERLASTACTION
	R638.0	  >> BEDROOM2LIGHT~AUTO~SETSTATE
	R638.1	  >> BEDROOM2LIGHT~AUTO~PERSONLEFT
	R638.2	  >> BEDROOM2LIGHT~AUTO~FORGET
	R638.3	  >> BEDROOM2LIGHT~AUTO~STATECHANGED
	R638.4	  >> BEDROOM2LIGHT~AUTO~STATE
	R639.0	  >>> BEDROOM2LIGHT~AUTO~TIMERAFTERDOOROPENED~START
	R639.1	  >>> BEDROOM2LIGHT~AUTO~TIMERAFTERDOOROPENED~RESET
	RL640	  >>> BEDROOM2LIGHT~AUTO~TIMERAFTERDOOROPENED~TIMETOCOUNT
	R644.0	  >>> BEDROOM2LIGHT~AUTO~TIMERAFTERDOOROPENED~ISRUN
	R644.1	  >>> BEDROOM2LIGHT~AUTO~TIMERAFTERDOOROPENED~ISDONE
	RL645	  >>> BEDROOM2LIGHT~AUTO~TIMERAFTERDOOROPENED~CURRENTTIME
	R649.0	  >>>> BEDROOM2LIGHT~AUTO~TIMERAFTERDOOROPENED~TIMER~IN
	RL650	  >>>> BEDROOM2LIGHT~AUTO~TIMERAFTERDOOROPENED~TIMER~PT
	R654.0	  >>>> BEDROOM2LIGHT~AUTO~TIMERAFTERDOOROPENED~TIMER~Q
	RL655	  >>>> BEDROOM2LIGHT~AUTO~TIMERAFTERDOOROPENED~TIMER~ET
	R659.0	  >>>>> BEDROOM2LIGHT~AUTO~TIMERAFTERDOOROPENED~TIMER~IN_R_EDGE~CLK
	R659.1	  >>>>> BEDROOM2LIGHT~AUTO~TIMERAFTERDOOROPENED~TIMER~IN_R_EDGE~Q
	R659.2	  >>>>> BEDROOM2LIGHT~AUTO~TIMERAFTERDOOROPENED~TIMER~IN_R_EDGE~M
	RL660	  >>>> BEDROOM2LIGHT~AUTO~TIMERAFTERDOOROPENED~TIMER~LT
	R664.0	  >>> BEDROOM2LIGHT~AUTO~TIMERAFTERDOOROPENED~__EDGE_R__START
	R664.1	  >>> BEDROOM2LIGHT~AUTO~TIMERAFTERDOOROPENED~__EDGE_R__RESET
	R665.0	  >>> BEDROOM2LIGHT~AUTO~TIMERAFTERDOORCLOSED~START
	R665.1	  >>> BEDROOM2LIGHT~AUTO~TIMERAFTERDOORCLOSED~RESET
	RL666	  >>> BEDROOM2LIGHT~AUTO~TIMERAFTERDOORCLOSED~TIMETOCOUNT
	R670.0	  >>> BEDROOM2LIGHT~AUTO~TIMERAFTERDOORCLOSED~ISRUN
	R670.1	  >>> BEDROOM2LIGHT~AUTO~TIMERAFTERDOORCLOSED~ISDONE
	RL671	  >>> BEDROOM2LIGHT~AUTO~TIMERAFTERDOORCLOSED~CURRENTTIME
	R675.0	  >>>> BEDROOM2LIGHT~AUTO~TIMERAFTERDOORCLOSED~TIMER~IN
	RL676	  >>>> BEDROOM2LIGHT~AUTO~TIMERAFTERDOORCLOSED~TIMER~PT
	R680.0	  >>>> BEDROOM2LIGHT~AUTO~TIMERAFTERDOORCLOSED~TIMER~Q
	RL681	  >>>> BEDROOM2LIGHT~AUTO~TIMERAFTERDOORCLOSED~TIMER~ET
	R685.0	  >>>>> BEDROOM2LIGHT~AUTO~TIMERAFTERDOORCLOSED~TIMER~IN_R_EDGE~CLK
	R685.1	  >>>>> BEDROOM2LIGHT~AUTO~TIMERAFTERDOORCLOSED~TIMER~IN_R_EDGE~Q
	R685.2	  >>>>> BEDROOM2LIGHT~AUTO~TIMERAFTERDOORCLOSED~TIMER~IN_R_EDGE~M
	RL686	  >>>> BEDROOM2LIGHT~AUTO~TIMERAFTERDOORCLOSED~TIMER~LT
	R690.0	  >>> BEDROOM2LIGHT~AUTO~TIMERAFTERDOORCLOSED~__EDGE_R__START
	R690.1	  >>> BEDROOM2LIGHT~AUTO~TIMERAFTERDOORCLOSED~__EDGE_R__RESET
	R691.0	  >>> BEDROOM2LIGHT~AUTO~TIMERAFTERMOTIONDETECTED~START
	R691.1	  >>> BEDROOM2LIGHT~AUTO~TIMERAFTERMOTIONDETECTED~RESET
	RL692	  >>> BEDROOM2LIGHT~AUTO~TIMERAFTERMOTIONDETECTED~TIMETOCOUNT
	R696.0	  >>> BEDROOM2LIGHT~AUTO~TIMERAFTERMOTIONDETECTED~ISRUN
	R696.1	  >>> BEDROOM2LIGHT~AUTO~TIMERAFTERMOTIONDETECTED~ISDONE
	RL697	  >>> BEDROOM2LIGHT~AUTO~TIMERAFTERMOTIONDETECTED~CURRENTTIME
	R701.0	  >>>> BEDROOM2LIGHT~AUTO~TIMERAFTERMOTIONDETECTED~TIMER~IN
	RL702	  >>>> BEDROOM2LIGHT~AUTO~TIMERAFTERMOTIONDETECTED~TIMER~PT
	R706.0	  >>>> BEDROOM2LIGHT~AUTO~TIMERAFTERMOTIONDETECTED~TIMER~Q
	RL707	  >>>> BEDROOM2LIGHT~AUTO~TIMERAFTERMOTIONDETECTED~TIMER~ET
	R711.0	  >>>>> BEDROOM2LIGHT~AUTO~TIMERAFTERMOTIONDETECTED~TIMER~IN_R_EDGE~CLK
	R711.1	  >>>>> BEDROOM2LIGHT~AUTO~TIMERAFTERMOTIONDETECTED~TIMER~IN_R_EDGE~Q
	R711.2	  >>>>> BEDROOM2LIGHT~AUTO~TIMERAFTERMOTIONDETECTED~TIMER~IN_R_EDGE~M
	RL712	  >>>> BEDROOM2LIGHT~AUTO~TIMERAFTERMOTIONDETECTED~TIMER~LT
	R716.0	  >>> BEDROOM2LIGHT~AUTO~TIMERAFTERMOTIONDETECTED~__EDGE_R__START
	R716.1	  >>> BEDROOM2LIGHT~AUTO~TIMERAFTERMOTIONDETECTED~__EDGE_R__RESET
	R717.0	  >>> BEDROOM2LIGHT~AUTO~TIMERAFTERLASTACTION~START
	R717.1	  >>> BEDROOM2LIGHT~AUTO~TIMERAFTERLASTACTION~RESET
	RL718	  >>> BEDROOM2LIGHT~AUTO~TIMERAFTERLASTACTION~TIMETOCOUNT
	R722.0	  >>> BEDROOM2LIGHT~AUTO~TIMERAFTERLASTACTION~ISRUN
	R722.1	  >>> BEDROOM2LIGHT~AUTO~TIMERAFTERLASTACTION~ISDONE
	RL723	  >>> BEDROOM2LIGHT~AUTO~TIMERAFTERLASTACTION~CURRENTTIME
	R727.0	  >>>> BEDROOM2LIGHT~AUTO~TIMERAFTERLASTACTION~TIMER~IN
	RL728	  >>>> BEDROOM2LIGHT~AUTO~TIMERAFTERLASTACTION~TIMER~PT
	R732.0	  >>>> BEDROOM2LIGHT~AUTO~TIMERAFTERLASTACTION~TIMER~Q
	RL733	  >>>> BEDROOM2LIGHT~AUTO~TIMERAFTERLASTACTION~TIMER~ET
	R737.0	  >>>>> BEDROOM2LIGHT~AUTO~TIMERAFTERLASTACTION~TIMER~IN_R_EDGE~CLK
	R737.1	  >>>>> BEDROOM2LIGHT~AUTO~TIMERAFTERLASTACTION~TIMER~IN_R_EDGE~Q
	R737.2	  >>>>> BEDROOM2LIGHT~AUTO~TIMERAFTERLASTACTION~TIMER~IN_R_EDGE~M
	RL738	  >>>> BEDROOM2LIGHT~AUTO~TIMERAFTERLASTACTION~TIMER~LT
	R742.0	  >>> BEDROOM2LIGHT~AUTO~TIMERAFTERLASTACTION~__EDGE_R__START
	R742.1	  >>> BEDROOM2LIGHT~AUTO~TIMERAFTERLASTACTION~__EDGE_R__RESET
	R743.0	  >>> BEDROOM2LIGHT~AUTO~DOORSENSRISE~CLK
	R743.1	  >>> BEDROOM2LIGHT~AUTO~DOORSENSRISE~Q
	R743.2	  >>> BEDROOM2LIGHT~AUTO~DOORSENSRISE~M
	R744.0	  >>> BEDROOM2LIGHT~AUTO~DOORSENSFALL~CLK
	R744.1	  >>> BEDROOM2LIGHT~AUTO~DOORSENSFALL~Q
	R744.2	  >>> BEDROOM2LIGHT~AUTO~DOORSENSFALL~M
	R745.0	  >> BEDROOM2LIGHT~AUTO~DOORCLOSED
	R745.1	  >> BEDROOM2LIGHT~AUTO~DOOROPENED
	R746.0	  >>> BEDROOM2LIGHT~AUTO~MOTIONSENSRISE~CLK
	R746.1	  >>> BEDROOM2LIGHT~AUTO~MOTIONSENSRISE~Q
	R746.2	  >>> BEDROOM2LIGHT~AUTO~MOTIONSENSRISE~M
	R747.0	  >>> BEDROOM2LIGHT~AUTO~MOTIONSENSFALL~CLK
	R747.1	  >>> BEDROOM2LIGHT~AUTO~MOTIONSENSFALL~Q
	R747.2	  >>> BEDROOM2LIGHT~AUTO~MOTIONSENSFALL~M
	R748.0	  >> BEDROOM2LIGHT~AUTO~MOTIONDETECTED
	R748.1	  >> BEDROOM2LIGHT~AUTO~MOTIONEND
	R749.0	  >>> BEDROOM2LIGHT~AUTO~NIGHTMODEOFF~CLK
	R749.1	  >>> BEDROOM2LIGHT~AUTO~NIGHTMODEOFF~Q
	R749.2	  >>> BEDROOM2LIGHT~AUTO~NIGHTMODEOFF~M
	R750.0	  > BEDROOM2LIGHT~INIT
R  751   : 965   =PRGEATINGROOMLIGHT EATINGROOMLIGHT	; 
	RL751	  >> EATINGROOMLIGHT~LAMP1~TRIGBUTTON
	R755.0	  >> EATINGROOMLIGHT~LAMP1~SETSTATE
	R756.0	  >>> EATINGROOMLIGHT~LAMP1~TRIGBUTTONOFF~CLK
	R756.1	  >>> EATINGROOMLIGHT~LAMP1~TRIGBUTTONOFF~Q
	R756.2	  >>> EATINGROOMLIGHT~LAMP1~TRIGBUTTONOFF~M
	R757.0	  >>> EATINGROOMLIGHT~LAMP1~TRIGBUTTONON~CLK
	R757.1	  >>> EATINGROOMLIGHT~LAMP1~TRIGBUTTONON~Q
	R757.2	  >>> EATINGROOMLIGHT~LAMP1~TRIGBUTTONON~M
	R758.0	  >> EATINGROOMLIGHT~LAMP1~STATECHANGED
	R758.1	  >> EATINGROOMLIGHT~LAMP1~STATE
	R759.0	  >>> EATINGROOMLIGHT~AUTO~SENSOR_DOOR~STATE
	R760	  >>> EATINGROOMLIGHT~AUTO~SENSOR_DOOR~MODE
	R761.0	  >>> EATINGROOMLIGHT~AUTO~SENSOR_MOTION~STATE
	R762	  >>> EATINGROOMLIGHT~AUTO~SENSOR_MOTION~MODE
	R763.0	  >> EATINGROOMLIGHT~AUTO~AUTOMODE
	R763.1	  >> EATINGROOMLIGHT~AUTO~NIGHTMODE
	R763.2	  >> EATINGROOMLIGHT~AUTO~FORGETMODE
	R763.3	  >> EATINGROOMLIGHT~AUTO~ANYLIGHTON
	R763.4	  >> EATINGROOMLIGHT~AUTO~ANYLIGHTCHANGED
	RL764	  >> EATINGROOMLIGHT~AUTO~TIMEAFTERDOOROPENCLOSE
	RL768	  >> EATINGROOMLIGHT~AUTO~TIMEAFTERMOTIONDETECT
	RL772	  >> EATINGROOMLIGHT~AUTO~TIMEAFTERLASTACTION
	R776.0	  >> EATINGROOMLIGHT~AUTO~SETSTATE
	R776.1	  >> EATINGROOMLIGHT~AUTO~PERSONLEFT
	R776.2	  >> EATINGROOMLIGHT~AUTO~FORGET
	R776.3	  >> EATINGROOMLIGHT~AUTO~STATECHANGED
	R776.4	  >> EATINGROOMLIGHT~AUTO~STATE
	R777.0	  >>> EATINGROOMLIGHT~AUTO~TIMERAFTERDOOROPENED~START
	R777.1	  >>> EATINGROOMLIGHT~AUTO~TIMERAFTERDOOROPENED~RESET
	RL778	  >>> EATINGROOMLIGHT~AUTO~TIMERAFTERDOOROPENED~TIMETOCOUNT
	R782.0	  >>> EATINGROOMLIGHT~AUTO~TIMERAFTERDOOROPENED~ISRUN
	R782.1	  >>> EATINGROOMLIGHT~AUTO~TIMERAFTERDOOROPENED~ISDONE
	RL783	  >>> EATINGROOMLIGHT~AUTO~TIMERAFTERDOOROPENED~CURRENTTIME
	R787.0	  >>>> EATINGROOMLIGHT~AUTO~TIMERAFTERDOOROPENED~TIMER~IN
	RL788	  >>>> EATINGROOMLIGHT~AUTO~TIMERAFTERDOOROPENED~TIMER~PT
	R792.0	  >>>> EATINGROOMLIGHT~AUTO~TIMERAFTERDOOROPENED~TIMER~Q
	RL793	  >>>> EATINGROOMLIGHT~AUTO~TIMERAFTERDOOROPENED~TIMER~ET
	R797.0	  >>>>> EATINGROOMLIGHT~AUTO~TIMERAFTERDOOROPENED~TIMER~IN_R_EDGE~CLK
	R797.1	  >>>>> EATINGROOMLIGHT~AUTO~TIMERAFTERDOOROPENED~TIMER~IN_R_EDGE~Q
	R797.2	  >>>>> EATINGROOMLIGHT~AUTO~TIMERAFTERDOOROPENED~TIMER~IN_R_EDGE~M
	RL798	  >>>> EATINGROOMLIGHT~AUTO~TIMERAFTERDOOROPENED~TIMER~LT
	R802.0	  >>> EATINGROOMLIGHT~AUTO~TIMERAFTERDOOROPENED~__EDGE_R__START
	R802.1	  >>> EATINGROOMLIGHT~AUTO~TIMERAFTERDOOROPENED~__EDGE_R__RESET
	R803.0	  >>> EATINGROOMLIGHT~AUTO~TIMERAFTERDOORCLOSED~START
	R803.1	  >>> EATINGROOMLIGHT~AUTO~TIMERAFTERDOORCLOSED~RESET
	RL804	  >>> EATINGROOMLIGHT~AUTO~TIMERAFTERDOORCLOSED~TIMETOCOUNT
	R808.0	  >>> EATINGROOMLIGHT~AUTO~TIMERAFTERDOORCLOSED~ISRUN
	R808.1	  >>> EATINGROOMLIGHT~AUTO~TIMERAFTERDOORCLOSED~ISDONE
	RL809	  >>> EATINGROOMLIGHT~AUTO~TIMERAFTERDOORCLOSED~CURRENTTIME
	R813.0	  >>>> EATINGROOMLIGHT~AUTO~TIMERAFTERDOORCLOSED~TIMER~IN
	RL814	  >>>> EATINGROOMLIGHT~AUTO~TIMERAFTERDOORCLOSED~TIMER~PT
	R818.0	  >>>> EATINGROOMLIGHT~AUTO~TIMERAFTERDOORCLOSED~TIMER~Q
	RL819	  >>>> EATINGROOMLIGHT~AUTO~TIMERAFTERDOORCLOSED~TIMER~ET
	R823.0	  >>>>> EATINGROOMLIGHT~AUTO~TIMERAFTERDOORCLOSED~TIMER~IN_R_EDGE~CLK
	R823.1	  >>>>> EATINGROOMLIGHT~AUTO~TIMERAFTERDOORCLOSED~TIMER~IN_R_EDGE~Q
	R823.2	  >>>>> EATINGROOMLIGHT~AUTO~TIMERAFTERDOORCLOSED~TIMER~IN_R_EDGE~M
	RL824	  >>>> EATINGROOMLIGHT~AUTO~TIMERAFTERDOORCLOSED~TIMER~LT
	R828.0	  >>> EATINGROOMLIGHT~AUTO~TIMERAFTERDOORCLOSED~__EDGE_R__START
	R828.1	  >>> EATINGROOMLIGHT~AUTO~TIMERAFTERDOORCLOSED~__EDGE_R__RESET
	R829.0	  >>> EATINGROOMLIGHT~AUTO~TIMERAFTERMOTIONDETECTED~START
	R829.1	  >>> EATINGROOMLIGHT~AUTO~TIMERAFTERMOTIONDETECTED~RESET
	RL830	  >>> EATINGROOMLIGHT~AUTO~TIMERAFTERMOTIONDETECTED~TIMETOCOUNT
	R834.0	  >>> EATINGROOMLIGHT~AUTO~TIMERAFTERMOTIONDETECTED~ISRUN
	R834.1	  >>> EATINGROOMLIGHT~AUTO~TIMERAFTERMOTIONDETECTED~ISDONE
	RL835	  >>> EATINGROOMLIGHT~AUTO~TIMERAFTERMOTIONDETECTED~CURRENTTIME
	R839.0	  >>>> EATINGROOMLIGHT~AUTO~TIMERAFTERMOTIONDETECTED~TIMER~IN
	RL840	  >>>> EATINGROOMLIGHT~AUTO~TIMERAFTERMOTIONDETECTED~TIMER~PT
	R844.0	  >>>> EATINGROOMLIGHT~AUTO~TIMERAFTERMOTIONDETECTED~TIMER~Q
	RL845	  >>>> EATINGROOMLIGHT~AUTO~TIMERAFTERMOTIONDETECTED~TIMER~ET
	R849.0	  >>>>> EATINGROOMLIGHT~AUTO~TIMERAFTERMOTIONDETECTED~TIMER~IN_R_EDGE~CLK
	R849.1	  >>>>> EATINGROOMLIGHT~AUTO~TIMERAFTERMOTIONDETECTED~TIMER~IN_R_EDGE~Q
	R849.2	  >>>>> EATINGROOMLIGHT~AUTO~TIMERAFTERMOTIONDETECTED~TIMER~IN_R_EDGE~M
	RL850	  >>>> EATINGROOMLIGHT~AUTO~TIMERAFTERMOTIONDETECTED~TIMER~LT
	R854.0	  >>> EATINGROOMLIGHT~AUTO~TIMERAFTERMOTIONDETECTED~__EDGE_R__START
	R854.1	  >>> EATINGROOMLIGHT~AUTO~TIMERAFTERMOTIONDETECTED~__EDGE_R__RESET
	R855.0	  >>> EATINGROOMLIGHT~AUTO~TIMERAFTERLASTACTION~START
	R855.1	  >>> EATINGROOMLIGHT~AUTO~TIMERAFTERLASTACTION~RESET
	RL856	  >>> EATINGROOMLIGHT~AUTO~TIMERAFTERLASTACTION~TIMETOCOUNT
	R860.0	  >>> EATINGROOMLIGHT~AUTO~TIMERAFTERLASTACTION~ISRUN
	R860.1	  >>> EATINGROOMLIGHT~AUTO~TIMERAFTERLASTACTION~ISDONE
	RL861	  >>> EATINGROOMLIGHT~AUTO~TIMERAFTERLASTACTION~CURRENTTIME
	R865.0	  >>>> EATINGROOMLIGHT~AUTO~TIMERAFTERLASTACTION~TIMER~IN
	RL866	  >>>> EATINGROOMLIGHT~AUTO~TIMERAFTERLASTACTION~TIMER~PT
	R870.0	  >>>> EATINGROOMLIGHT~AUTO~TIMERAFTERLASTACTION~TIMER~Q
	RL871	  >>>> EATINGROOMLIGHT~AUTO~TIMERAFTERLASTACTION~TIMER~ET
	R875.0	  >>>>> EATINGROOMLIGHT~AUTO~TIMERAFTERLASTACTION~TIMER~IN_R_EDGE~CLK
	R875.1	  >>>>> EATINGROOMLIGHT~AUTO~TIMERAFTERLASTACTION~TIMER~IN_R_EDGE~Q
	R875.2	  >>>>> EATINGROOMLIGHT~AUTO~TIMERAFTERLASTACTION~TIMER~IN_R_EDGE~M
	RL876	  >>>> EATINGROOMLIGHT~AUTO~TIMERAFTERLASTACTION~TIMER~LT
	R880.0	  >>> EATINGROOMLIGHT~AUTO~TIMERAFTERLASTACTION~__EDGE_R__START
	R880.1	  >>> EATINGROOMLIGHT~AUTO~TIMERAFTERLASTACTION~__EDGE_R__RESET
	R881.0	  >>> EATINGROOMLIGHT~AUTO~DOORSENSRISE~CLK
	R881.1	  >>> EATINGROOMLIGHT~AUTO~DOORSENSRISE~Q
	R881.2	  >>> EATINGROOMLIGHT~AUTO~DOORSENSRISE~M
	R882.0	  >>> EATINGROOMLIGHT~AUTO~DOORSENSFALL~CLK
	R882.1	  >>> EATINGROOMLIGHT~AUTO~DOORSENSFALL~Q
	R882.2	  >>> EATINGROOMLIGHT~AUTO~DOORSENSFALL~M
	R883.0	  >> EATINGROOMLIGHT~AUTO~DOORCLOSED
	R883.1	  >> EATINGROOMLIGHT~AUTO~DOOROPENED
	R884.0	  >>> EATINGROOMLIGHT~AUTO~MOTIONSENSRISE~CLK
	R884.1	  >>> EATINGROOMLIGHT~AUTO~MOTIONSENSRISE~Q
	R884.2	  >>> EATINGROOMLIGHT~AUTO~MOTIONSENSRISE~M
	R885.0	  >>> EATINGROOMLIGHT~AUTO~MOTIONSENSFALL~CLK
	R885.1	  >>> EATINGROOMLIGHT~AUTO~MOTIONSENSFALL~Q
	R885.2	  >>> EATINGROOMLIGHT~AUTO~MOTIONSENSFALL~M
	R886.0	  >> EATINGROOMLIGHT~AUTO~MOTIONDETECTED
	R886.1	  >> EATINGROOMLIGHT~AUTO~MOTIONEND
	R887.0	  >>> EATINGROOMLIGHT~AUTO~NIGHTMODEOFF~CLK
	R887.1	  >>> EATINGROOMLIGHT~AUTO~NIGHTMODEOFF~Q
	R887.2	  >>> EATINGROOMLIGHT~AUTO~NIGHTMODEOFF~M
	RL888	  >> EATINGROOMLIGHT~BLIND~TIMETO_UP_DOWN
	R892.0	  >> EATINGROOMLIGHT~BLIND~OPEN
	R892.1	  >> EATINGROOMLIGHT~BLIND~CLOSE
	R892.2	  >> EATINGROOMLIGHT~BLIND~STOP
	RF893	  >> EATINGROOMLIGHT~BLIND~SETPOSITION
	R897.0	  >> EATINGROOMLIGHT~BLIND~UP
	R897.1	  >> EATINGROOMLIGHT~BLIND~DOWN
	RF898	  >> EATINGROOMLIGHT~BLIND~CURRENTPOSITION
	RL902	  >> EATINGROOMLIGHT~BLIND~T1
	R906.0	  >>> EATINGROOMLIGHT~BLIND~TIMER~START
	R906.1	  >>> EATINGROOMLIGHT~BLIND~TIMER~RESET
	RL907	  >>> EATINGROOMLIGHT~BLIND~TIMER~TIMETOCOUNT
	R911.0	  >>> EATINGROOMLIGHT~BLIND~TIMER~ISRUN
	R911.1	  >>> EATINGROOMLIGHT~BLIND~TIMER~ISDONE
	RL912	  >>> EATINGROOMLIGHT~BLIND~TIMER~CURRENTTIME
	R916.0	  >>>> EATINGROOMLIGHT~BLIND~TIMER~TIMER~IN
	RL917	  >>>> EATINGROOMLIGHT~BLIND~TIMER~TIMER~PT
	R921.0	  >>>> EATINGROOMLIGHT~BLIND~TIMER~TIMER~Q
	RL922	  >>>> EATINGROOMLIGHT~BLIND~TIMER~TIMER~ET
	R926.0	  >>>>> EATINGROOMLIGHT~BLIND~TIMER~TIMER~IN_R_EDGE~CLK
	R926.1	  >>>>> EATINGROOMLIGHT~BLIND~TIMER~TIMER~IN_R_EDGE~Q
	R926.2	  >>>>> EATINGROOMLIGHT~BLIND~TIMER~TIMER~IN_R_EDGE~M
	RL927	  >>>> EATINGROOMLIGHT~BLIND~TIMER~TIMER~LT
	R931.0	  >>> EATINGROOMLIGHT~BLIND~TIMER~__EDGE_R__START
	R931.1	  >>> EATINGROOMLIGHT~BLIND~TIMER~__EDGE_R__RESET
	R932.0	  >> EATINGROOMLIGHT~BLIND~DIRECTION
	RF933	  >> EATINGROOMLIGHT~BLIND~POSITION
	R937.0	  >>> EATINGROOMLIGHT~BLIND~STOPTTIGG~CLK
	R937.1	  >>> EATINGROOMLIGHT~BLIND~STOPTTIGG~Q
	R937.2	  >>> EATINGROOMLIGHT~BLIND~STOPTTIGG~M
	R938.0	  >>> EATINGROOMLIGHT~BLIND~OPENTRIGG~CLK
	R938.1	  >>> EATINGROOMLIGHT~BLIND~OPENTRIGG~Q
	R938.2	  >>> EATINGROOMLIGHT~BLIND~OPENTRIGG~M
	R939.0	  >>> EATINGROOMLIGHT~BLIND~CLOSETRIGG~CLK
	R939.1	  >>> EATINGROOMLIGHT~BLIND~CLOSETRIGG~Q
	R939.2	  >>> EATINGROOMLIGHT~BLIND~CLOSETRIGG~M
	R940.0	  >> EATINGROOMLIGHT~BLIND~__EDGE_R__OPEN
	R940.1	  >> EATINGROOMLIGHT~BLIND~__EDGE_R__CLOSE
	R940.2	  >> EATINGROOMLIGHT~BLIND~__EDGE_R__STOP
	RF941	  >> EATINGROOMLIGHT~BLINDSETPOSITIONOBSERBER~VALUE
	RF945	  >> EATINGROOMLIGHT~BLINDSETPOSITIONOBSERBER~PREVVALUE
	R949.0	  >> EATINGROOMLIGHT~BLINDSETPOSITIONOBSERBER~VALUECHANGED
	R949.1	  >> EATINGROOMLIGHT~BLINDSETPOSITIONOBSERBER~RISING
	R949.2	  >> EATINGROOMLIGHT~BLINDSETPOSITIONOBSERBER~FALLING
	R950.0	  >> EATINGROOMLIGHT~INITTIMER~IN
	RL951	  >> EATINGROOMLIGHT~INITTIMER~PT
	R955.0	  >> EATINGROOMLIGHT~INITTIMER~Q
	RL956	  >> EATINGROOMLIGHT~INITTIMER~ET
	R960.0	  >>> EATINGROOMLIGHT~INITTIMER~IN_R_EDGE~CLK
	R960.1	  >>> EATINGROOMLIGHT~INITTIMER~IN_R_EDGE~Q
	R960.2	  >>> EATINGROOMLIGHT~INITTIMER~IN_R_EDGE~M
	RL961	  >> EATINGROOMLIGHT~INITTIMER~LT
	R965.0	  > EATINGROOMLIGHT~INIT
R  966   :1210   =PRGBATHROOM1LIGHT BATHROOM1LIGHT	; 
	R966.0	  >> BATHROOM1LIGHT~LAMP1~BTN
	RF967	  >> BATHROOM1LIGHT~LAMP1~MINVALUE
	RF971	  >> BATHROOM1LIGHT~LAMP1~MAXVALUE
	RF975	  >> BATHROOM1LIGHT~LAMP1~DIMMSPEED
	RF979	  >> BATHROOM1LIGHT~LAMP1~SETVALUE
	R983.0	  >> BATHROOM1LIGHT~LAMP1~SETSTATE
	RL984	  >> BATHROOM1LIGHT~LAMP1~SLIDER
	RL988	  >> BATHROOM1LIGHT~LAMP1~TRIGBUTTON
	RF992	  >> BATHROOM1LIGHT~LAMP1~VALUE
	R996.0	  >> BATHROOM1LIGHT~LAMP1~VALUECHANGED
	R996.1	  >> BATHROOM1LIGHT~LAMP1~STATE
	R996.2	  >> BATHROOM1LIGHT~LAMP1~STATECHANGED
	RF997	  >> BATHROOM1LIGHT~LAMP1~DIRECTION
	RF1001	  >> BATHROOM1LIGHT~LAMP1~USERVALUE
	R1005.0	  >> BATHROOM1LIGHT~LAMP1~DIMMING
	R1006.0	  >>> BATHROOM1LIGHT~LAMP1~TIMER~IN
	RL1007	  >>> BATHROOM1LIGHT~LAMP1~TIMER~PT
	R1011.0	  >>> BATHROOM1LIGHT~LAMP1~TIMER~Q
	RL1012	  >>> BATHROOM1LIGHT~LAMP1~TIMER~ET
	R1016.0	  >>>> BATHROOM1LIGHT~LAMP1~TIMER~IN_R_EDGE~CLK
	R1016.1	  >>>> BATHROOM1LIGHT~LAMP1~TIMER~IN_R_EDGE~Q
	R1016.2	  >>>> BATHROOM1LIGHT~LAMP1~TIMER~IN_R_EDGE~M
	RL1017	  >>> BATHROOM1LIGHT~LAMP1~TIMER~LT
	RL1021	  >> BATHROOM1LIGHT~LAMP1~CYCLETIME
	RL1025	  >> BATHROOM1LIGHT~LAMP1~PREVTIME
	RF1029	  >> BATHROOM1LIGHT~LAMP1~STEP
	R1033.0	  >> BATHROOM1LIGHT~LAMP1~INIT
	RF1034	  >> BATHROOM1LIGHT~LAMP1~PREVVALUE
	RF1038	  >> BATHROOM1LIGHT~LAMP1~PREVSETVALUE
	RF1042	  >> BATHROOM1LIGHT~LAMP1~PREVSLIDER
	RL1046	  >>> BATHROOM1LIGHT~LAMP1~BUTTONPROCESSOR~BTN
	RL1050	  >>> BATHROOM1LIGHT~LAMP1~BUTTONPROCESSOR~LONGPRESSTIME
	R1054.0	  >>> BATHROOM1LIGHT~LAMP1~BUTTONPROCESSOR~LONGPRESS
	R1054.1	  >>> BATHROOM1LIGHT~LAMP1~BUTTONPROCESSOR~SHORTPRESS
	R1054.2	  >>> BATHROOM1LIGHT~LAMP1~BUTTONPROCESSOR~BTNPRESSED
	R1054.3	  >>> BATHROOM1LIGHT~LAMP1~BUTTONPROCESSOR~BTNRELEASED
	R1054.4	  >>> BATHROOM1LIGHT~LAMP1~BUTTONPROCESSOR~BTNSTATE
	R1054.5	  >>> BATHROOM1LIGHT~LAMP1~BUTTONPROCESSOR~LONGPRESSANDHOLD
	R1054.6	  >>> BATHROOM1LIGHT~LAMP1~BUTTONPROCESSOR~BTNPREVSTATE
	R1055.0	  >>>> BATHROOM1LIGHT~LAMP1~BUTTONPROCESSOR~TIMER~START
	R1055.1	  >>>> BATHROOM1LIGHT~LAMP1~BUTTONPROCESSOR~TIMER~RESET
	RL1056	  >>>> BATHROOM1LIGHT~LAMP1~BUTTONPROCESSOR~TIMER~TIMETOCOUNT
	R1060.0	  >>>> BATHROOM1LIGHT~LAMP1~BUTTONPROCESSOR~TIMER~ISRUN
	R1060.1	  >>>> BATHROOM1LIGHT~LAMP1~BUTTONPROCESSOR~TIMER~ISDONE
	RL1061	  >>>> BATHROOM1LIGHT~LAMP1~BUTTONPROCESSOR~TIMER~CURRENTTIME
	R1065.0	  >>>>> BATHROOM1LIGHT~LAMP1~BUTTONPROCESSOR~TIMER~TIMER~IN
	RL1066	  >>>>> BATHROOM1LIGHT~LAMP1~BUTTONPROCESSOR~TIMER~TIMER~PT
	R1070.0	  >>>>> BATHROOM1LIGHT~LAMP1~BUTTONPROCESSOR~TIMER~TIMER~Q
	RL1071	  >>>>> BATHROOM1LIGHT~LAMP1~BUTTONPROCESSOR~TIMER~TIMER~ET
	R1075.0	  >>>>>> BATHROOM1LIGHT~LAMP1~BUTTONPROCESSOR~TIMER~TIMER~IN_R_EDGE~CLK
	R1075.1	  >>>>>> BATHROOM1LIGHT~LAMP1~BUTTONPROCESSOR~TIMER~TIMER~IN_R_EDGE~Q
	R1075.2	  >>>>>> BATHROOM1LIGHT~LAMP1~BUTTONPROCESSOR~TIMER~TIMER~IN_R_EDGE~M
	RL1076	  >>>>> BATHROOM1LIGHT~LAMP1~BUTTONPROCESSOR~TIMER~TIMER~LT
	R1080.0	  >>>> BATHROOM1LIGHT~LAMP1~BUTTONPROCESSOR~TIMER~__EDGE_R__START
	R1080.1	  >>>> BATHROOM1LIGHT~LAMP1~BUTTONPROCESSOR~TIMER~__EDGE_R__RESET
	R1081.0	  >>> BATHROOM1LIGHT~AUTO~SENSOR_DOOR~STATE
	R1082	  >>> BATHROOM1LIGHT~AUTO~SENSOR_DOOR~MODE
	R1083.0	  >>> BATHROOM1LIGHT~AUTO~SENSOR_MOTION~STATE
	R1084	  >>> BATHROOM1LIGHT~AUTO~SENSOR_MOTION~MODE
	R1085.0	  >> BATHROOM1LIGHT~AUTO~AUTOMODE
	R1085.1	  >> BATHROOM1LIGHT~AUTO~NIGHTMODE
	R1085.2	  >> BATHROOM1LIGHT~AUTO~FORGETMODE
	R1085.3	  >> BATHROOM1LIGHT~AUTO~ANYLIGHTON
	R1085.4	  >> BATHROOM1LIGHT~AUTO~ANYLIGHTCHANGED
	RL1086	  >> BATHROOM1LIGHT~AUTO~TIMEAFTERDOOROPENCLOSE
	RL1090	  >> BATHROOM1LIGHT~AUTO~TIMEAFTERMOTIONDETECT
	RL1094	  >> BATHROOM1LIGHT~AUTO~TIMEAFTERLASTACTION
	R1098.0	  >> BATHROOM1LIGHT~AUTO~SETSTATE
	R1098.1	  >> BATHROOM1LIGHT~AUTO~PERSONLEFT
	R1098.2	  >> BATHROOM1LIGHT~AUTO~FORGET
	R1098.3	  >> BATHROOM1LIGHT~AUTO~STATECHANGED
	R1098.4	  >> BATHROOM1LIGHT~AUTO~STATE
	R1099.0	  >>> BATHROOM1LIGHT~AUTO~TIMERAFTERDOOROPENED~START
	R1099.1	  >>> BATHROOM1LIGHT~AUTO~TIMERAFTERDOOROPENED~RESET
	RL1100	  >>> BATHROOM1LIGHT~AUTO~TIMERAFTERDOOROPENED~TIMETOCOUNT
	R1104.0	  >>> BATHROOM1LIGHT~AUTO~TIMERAFTERDOOROPENED~ISRUN
	R1104.1	  >>> BATHROOM1LIGHT~AUTO~TIMERAFTERDOOROPENED~ISDONE
	RL1105	  >>> BATHROOM1LIGHT~AUTO~TIMERAFTERDOOROPENED~CURRENTTIME
	R1109.0	  >>>> BATHROOM1LIGHT~AUTO~TIMERAFTERDOOROPENED~TIMER~IN
	RL1110	  >>>> BATHROOM1LIGHT~AUTO~TIMERAFTERDOOROPENED~TIMER~PT
	R1114.0	  >>>> BATHROOM1LIGHT~AUTO~TIMERAFTERDOOROPENED~TIMER~Q
	RL1115	  >>>> BATHROOM1LIGHT~AUTO~TIMERAFTERDOOROPENED~TIMER~ET
	R1119.0	  >>>>> BATHROOM1LIGHT~AUTO~TIMERAFTERDOOROPENED~TIMER~IN_R_EDGE~CLK
	R1119.1	  >>>>> BATHROOM1LIGHT~AUTO~TIMERAFTERDOOROPENED~TIMER~IN_R_EDGE~Q
	R1119.2	  >>>>> BATHROOM1LIGHT~AUTO~TIMERAFTERDOOROPENED~TIMER~IN_R_EDGE~M
	RL1120	  >>>> BATHROOM1LIGHT~AUTO~TIMERAFTERDOOROPENED~TIMER~LT
	R1124.0	  >>> BATHROOM1LIGHT~AUTO~TIMERAFTERDOOROPENED~__EDGE_R__START
	R1124.1	  >>> BATHROOM1LIGHT~AUTO~TIMERAFTERDOOROPENED~__EDGE_R__RESET
	R1125.0	  >>> BATHROOM1LIGHT~AUTO~TIMERAFTERDOORCLOSED~START
	R1125.1	  >>> BATHROOM1LIGHT~AUTO~TIMERAFTERDOORCLOSED~RESET
	RL1126	  >>> BATHROOM1LIGHT~AUTO~TIMERAFTERDOORCLOSED~TIMETOCOUNT
	R1130.0	  >>> BATHROOM1LIGHT~AUTO~TIMERAFTERDOORCLOSED~ISRUN
	R1130.1	  >>> BATHROOM1LIGHT~AUTO~TIMERAFTERDOORCLOSED~ISDONE
	RL1131	  >>> BATHROOM1LIGHT~AUTO~TIMERAFTERDOORCLOSED~CURRENTTIME
	R1135.0	  >>>> BATHROOM1LIGHT~AUTO~TIMERAFTERDOORCLOSED~TIMER~IN
	RL1136	  >>>> BATHROOM1LIGHT~AUTO~TIMERAFTERDOORCLOSED~TIMER~PT
	R1140.0	  >>>> BATHROOM1LIGHT~AUTO~TIMERAFTERDOORCLOSED~TIMER~Q
	RL1141	  >>>> BATHROOM1LIGHT~AUTO~TIMERAFTERDOORCLOSED~TIMER~ET
	R1145.0	  >>>>> BATHROOM1LIGHT~AUTO~TIMERAFTERDOORCLOSED~TIMER~IN_R_EDGE~CLK
	R1145.1	  >>>>> BATHROOM1LIGHT~AUTO~TIMERAFTERDOORCLOSED~TIMER~IN_R_EDGE~Q
	R1145.2	  >>>>> BATHROOM1LIGHT~AUTO~TIMERAFTERDOORCLOSED~TIMER~IN_R_EDGE~M
	RL1146	  >>>> BATHROOM1LIGHT~AUTO~TIMERAFTERDOORCLOSED~TIMER~LT
	R1150.0	  >>> BATHROOM1LIGHT~AUTO~TIMERAFTERDOORCLOSED~__EDGE_R__START
	R1150.1	  >>> BATHROOM1LIGHT~AUTO~TIMERAFTERDOORCLOSED~__EDGE_R__RESET
	R1151.0	  >>> BATHROOM1LIGHT~AUTO~TIMERAFTERMOTIONDETECTED~START
	R1151.1	  >>> BATHROOM1LIGHT~AUTO~TIMERAFTERMOTIONDETECTED~RESET
	RL1152	  >>> BATHROOM1LIGHT~AUTO~TIMERAFTERMOTIONDETECTED~TIMETOCOUNT
	R1156.0	  >>> BATHROOM1LIGHT~AUTO~TIMERAFTERMOTIONDETECTED~ISRUN
	R1156.1	  >>> BATHROOM1LIGHT~AUTO~TIMERAFTERMOTIONDETECTED~ISDONE
	RL1157	  >>> BATHROOM1LIGHT~AUTO~TIMERAFTERMOTIONDETECTED~CURRENTTIME
	R1161.0	  >>>> BATHROOM1LIGHT~AUTO~TIMERAFTERMOTIONDETECTED~TIMER~IN
	RL1162	  >>>> BATHROOM1LIGHT~AUTO~TIMERAFTERMOTIONDETECTED~TIMER~PT
	R1166.0	  >>>> BATHROOM1LIGHT~AUTO~TIMERAFTERMOTIONDETECTED~TIMER~Q
	RL1167	  >>>> BATHROOM1LIGHT~AUTO~TIMERAFTERMOTIONDETECTED~TIMER~ET
	R1171.0	  >>>>> BATHROOM1LIGHT~AUTO~TIMERAFTERMOTIONDETECTED~TIMER~IN_R_EDGE~CLK
	R1171.1	  >>>>> BATHROOM1LIGHT~AUTO~TIMERAFTERMOTIONDETECTED~TIMER~IN_R_EDGE~Q
	R1171.2	  >>>>> BATHROOM1LIGHT~AUTO~TIMERAFTERMOTIONDETECTED~TIMER~IN_R_EDGE~M
	RL1172	  >>>> BATHROOM1LIGHT~AUTO~TIMERAFTERMOTIONDETECTED~TIMER~LT
	R1176.0	  >>> BATHROOM1LIGHT~AUTO~TIMERAFTERMOTIONDETECTED~__EDGE_R__START
	R1176.1	  >>> BATHROOM1LIGHT~AUTO~TIMERAFTERMOTIONDETECTED~__EDGE_R__RESET
	R1177.0	  >>> BATHROOM1LIGHT~AUTO~TIMERAFTERLASTACTION~START
	R1177.1	  >>> BATHROOM1LIGHT~AUTO~TIMERAFTERLASTACTION~RESET
	RL1178	  >>> BATHROOM1LIGHT~AUTO~TIMERAFTERLASTACTION~TIMETOCOUNT
	R1182.0	  >>> BATHROOM1LIGHT~AUTO~TIMERAFTERLASTACTION~ISRUN
	R1182.1	  >>> BATHROOM1LIGHT~AUTO~TIMERAFTERLASTACTION~ISDONE
	RL1183	  >>> BATHROOM1LIGHT~AUTO~TIMERAFTERLASTACTION~CURRENTTIME
	R1187.0	  >>>> BATHROOM1LIGHT~AUTO~TIMERAFTERLASTACTION~TIMER~IN
	RL1188	  >>>> BATHROOM1LIGHT~AUTO~TIMERAFTERLASTACTION~TIMER~PT
	R1192.0	  >>>> BATHROOM1LIGHT~AUTO~TIMERAFTERLASTACTION~TIMER~Q
	RL1193	  >>>> BATHROOM1LIGHT~AUTO~TIMERAFTERLASTACTION~TIMER~ET
	R1197.0	  >>>>> BATHROOM1LIGHT~AUTO~TIMERAFTERLASTACTION~TIMER~IN_R_EDGE~CLK
	R1197.1	  >>>>> BATHROOM1LIGHT~AUTO~TIMERAFTERLASTACTION~TIMER~IN_R_EDGE~Q
	R1197.2	  >>>>> BATHROOM1LIGHT~AUTO~TIMERAFTERLASTACTION~TIMER~IN_R_EDGE~M
	RL1198	  >>>> BATHROOM1LIGHT~AUTO~TIMERAFTERLASTACTION~TIMER~LT
	R1202.0	  >>> BATHROOM1LIGHT~AUTO~TIMERAFTERLASTACTION~__EDGE_R__START
	R1202.1	  >>> BATHROOM1LIGHT~AUTO~TIMERAFTERLASTACTION~__EDGE_R__RESET
	R1203.0	  >>> BATHROOM1LIGHT~AUTO~DOORSENSRISE~CLK
	R1203.1	  >>> BATHROOM1LIGHT~AUTO~DOORSENSRISE~Q
	R1203.2	  >>> BATHROOM1LIGHT~AUTO~DOORSENSRISE~M
	R1204.0	  >>> BATHROOM1LIGHT~AUTO~DOORSENSFALL~CLK
	R1204.1	  >>> BATHROOM1LIGHT~AUTO~DOORSENSFALL~Q
	R1204.2	  >>> BATHROOM1LIGHT~AUTO~DOORSENSFALL~M
	R1205.0	  >> BATHROOM1LIGHT~AUTO~DOORCLOSED
	R1205.1	  >> BATHROOM1LIGHT~AUTO~DOOROPENED
	R1206.0	  >>> BATHROOM1LIGHT~AUTO~MOTIONSENSRISE~CLK
	R1206.1	  >>> BATHROOM1LIGHT~AUTO~MOTIONSENSRISE~Q
	R1206.2	  >>> BATHROOM1LIGHT~AUTO~MOTIONSENSRISE~M
	R1207.0	  >>> BATHROOM1LIGHT~AUTO~MOTIONSENSFALL~CLK
	R1207.1	  >>> BATHROOM1LIGHT~AUTO~MOTIONSENSFALL~Q
	R1207.2	  >>> BATHROOM1LIGHT~AUTO~MOTIONSENSFALL~M
	R1208.0	  >> BATHROOM1LIGHT~AUTO~MOTIONDETECTED
	R1208.1	  >> BATHROOM1LIGHT~AUTO~MOTIONEND
	R1209.0	  >>> BATHROOM1LIGHT~AUTO~NIGHTMODEOFF~CLK
	R1209.1	  >>> BATHROOM1LIGHT~AUTO~NIGHTMODEOFF~Q
	R1209.2	  >>> BATHROOM1LIGHT~AUTO~NIGHTMODEOFF~M
	R1210.0	  > BATHROOM1LIGHT~INIT
R 1211   :1348   =PRGBATHROOM2LIGHT BATHROOM2LIGHT	; 
	RL1211	  >> BATHROOM2LIGHT~LAMP1~TRIGBUTTON
	R1215.0	  >> BATHROOM2LIGHT~LAMP1~SETSTATE
	R1216.0	  >>> BATHROOM2LIGHT~LAMP1~TRIGBUTTONOFF~CLK
	R1216.1	  >>> BATHROOM2LIGHT~LAMP1~TRIGBUTTONOFF~Q
	R1216.2	  >>> BATHROOM2LIGHT~LAMP1~TRIGBUTTONOFF~M
	R1217.0	  >>> BATHROOM2LIGHT~LAMP1~TRIGBUTTONON~CLK
	R1217.1	  >>> BATHROOM2LIGHT~LAMP1~TRIGBUTTONON~Q
	R1217.2	  >>> BATHROOM2LIGHT~LAMP1~TRIGBUTTONON~M
	R1218.0	  >> BATHROOM2LIGHT~LAMP1~STATECHANGED
	R1218.1	  >> BATHROOM2LIGHT~LAMP1~STATE
	R1219.0	  >>> BATHROOM2LIGHT~AUTO~SENSOR_DOOR~STATE
	R1220	  >>> BATHROOM2LIGHT~AUTO~SENSOR_DOOR~MODE
	R1221.0	  >>> BATHROOM2LIGHT~AUTO~SENSOR_MOTION~STATE
	R1222	  >>> BATHROOM2LIGHT~AUTO~SENSOR_MOTION~MODE
	R1223.0	  >> BATHROOM2LIGHT~AUTO~AUTOMODE
	R1223.1	  >> BATHROOM2LIGHT~AUTO~NIGHTMODE
	R1223.2	  >> BATHROOM2LIGHT~AUTO~FORGETMODE
	R1223.3	  >> BATHROOM2LIGHT~AUTO~ANYLIGHTON
	R1223.4	  >> BATHROOM2LIGHT~AUTO~ANYLIGHTCHANGED
	RL1224	  >> BATHROOM2LIGHT~AUTO~TIMEAFTERDOOROPENCLOSE
	RL1228	  >> BATHROOM2LIGHT~AUTO~TIMEAFTERMOTIONDETECT
	RL1232	  >> BATHROOM2LIGHT~AUTO~TIMEAFTERLASTACTION
	R1236.0	  >> BATHROOM2LIGHT~AUTO~SETSTATE
	R1236.1	  >> BATHROOM2LIGHT~AUTO~PERSONLEFT
	R1236.2	  >> BATHROOM2LIGHT~AUTO~FORGET
	R1236.3	  >> BATHROOM2LIGHT~AUTO~STATECHANGED
	R1236.4	  >> BATHROOM2LIGHT~AUTO~STATE
	R1237.0	  >>> BATHROOM2LIGHT~AUTO~TIMERAFTERDOOROPENED~START
	R1237.1	  >>> BATHROOM2LIGHT~AUTO~TIMERAFTERDOOROPENED~RESET
	RL1238	  >>> BATHROOM2LIGHT~AUTO~TIMERAFTERDOOROPENED~TIMETOCOUNT
	R1242.0	  >>> BATHROOM2LIGHT~AUTO~TIMERAFTERDOOROPENED~ISRUN
	R1242.1	  >>> BATHROOM2LIGHT~AUTO~TIMERAFTERDOOROPENED~ISDONE
	RL1243	  >>> BATHROOM2LIGHT~AUTO~TIMERAFTERDOOROPENED~CURRENTTIME
	R1247.0	  >>>> BATHROOM2LIGHT~AUTO~TIMERAFTERDOOROPENED~TIMER~IN
	RL1248	  >>>> BATHROOM2LIGHT~AUTO~TIMERAFTERDOOROPENED~TIMER~PT
	R1252.0	  >>>> BATHROOM2LIGHT~AUTO~TIMERAFTERDOOROPENED~TIMER~Q
	RL1253	  >>>> BATHROOM2LIGHT~AUTO~TIMERAFTERDOOROPENED~TIMER~ET
	R1257.0	  >>>>> BATHROOM2LIGHT~AUTO~TIMERAFTERDOOROPENED~TIMER~IN_R_EDGE~CLK
	R1257.1	  >>>>> BATHROOM2LIGHT~AUTO~TIMERAFTERDOOROPENED~TIMER~IN_R_EDGE~Q
	R1257.2	  >>>>> BATHROOM2LIGHT~AUTO~TIMERAFTERDOOROPENED~TIMER~IN_R_EDGE~M
	RL1258	  >>>> BATHROOM2LIGHT~AUTO~TIMERAFTERDOOROPENED~TIMER~LT
	R1262.0	  >>> BATHROOM2LIGHT~AUTO~TIMERAFTERDOOROPENED~__EDGE_R__START
	R1262.1	  >>> BATHROOM2LIGHT~AUTO~TIMERAFTERDOOROPENED~__EDGE_R__RESET
	R1263.0	  >>> BATHROOM2LIGHT~AUTO~TIMERAFTERDOORCLOSED~START
	R1263.1	  >>> BATHROOM2LIGHT~AUTO~TIMERAFTERDOORCLOSED~RESET
	RL1264	  >>> BATHROOM2LIGHT~AUTO~TIMERAFTERDOORCLOSED~TIMETOCOUNT
	R1268.0	  >>> BATHROOM2LIGHT~AUTO~TIMERAFTERDOORCLOSED~ISRUN
	R1268.1	  >>> BATHROOM2LIGHT~AUTO~TIMERAFTERDOORCLOSED~ISDONE
	RL1269	  >>> BATHROOM2LIGHT~AUTO~TIMERAFTERDOORCLOSED~CURRENTTIME
	R1273.0	  >>>> BATHROOM2LIGHT~AUTO~TIMERAFTERDOORCLOSED~TIMER~IN
	RL1274	  >>>> BATHROOM2LIGHT~AUTO~TIMERAFTERDOORCLOSED~TIMER~PT
	R1278.0	  >>>> BATHROOM2LIGHT~AUTO~TIMERAFTERDOORCLOSED~TIMER~Q
	RL1279	  >>>> BATHROOM2LIGHT~AUTO~TIMERAFTERDOORCLOSED~TIMER~ET
	R1283.0	  >>>>> BATHROOM2LIGHT~AUTO~TIMERAFTERDOORCLOSED~TIMER~IN_R_EDGE~CLK
	R1283.1	  >>>>> BATHROOM2LIGHT~AUTO~TIMERAFTERDOORCLOSED~TIMER~IN_R_EDGE~Q
	R1283.2	  >>>>> BATHROOM2LIGHT~AUTO~TIMERAFTERDOORCLOSED~TIMER~IN_R_EDGE~M
	RL1284	  >>>> BATHROOM2LIGHT~AUTO~TIMERAFTERDOORCLOSED~TIMER~LT
	R1288.0	  >>> BATHROOM2LIGHT~AUTO~TIMERAFTERDOORCLOSED~__EDGE_R__START
	R1288.1	  >>> BATHROOM2LIGHT~AUTO~TIMERAFTERDOORCLOSED~__EDGE_R__RESET
	R1289.0	  >>> BATHROOM2LIGHT~AUTO~TIMERAFTERMOTIONDETECTED~START
	R1289.1	  >>> BATHROOM2LIGHT~AUTO~TIMERAFTERMOTIONDETECTED~RESET
	RL1290	  >>> BATHROOM2LIGHT~AUTO~TIMERAFTERMOTIONDETECTED~TIMETOCOUNT
	R1294.0	  >>> BATHROOM2LIGHT~AUTO~TIMERAFTERMOTIONDETECTED~ISRUN
	R1294.1	  >>> BATHROOM2LIGHT~AUTO~TIMERAFTERMOTIONDETECTED~ISDONE
	RL1295	  >>> BATHROOM2LIGHT~AUTO~TIMERAFTERMOTIONDETECTED~CURRENTTIME
	R1299.0	  >>>> BATHROOM2LIGHT~AUTO~TIMERAFTERMOTIONDETECTED~TIMER~IN
	RL1300	  >>>> BATHROOM2LIGHT~AUTO~TIMERAFTERMOTIONDETECTED~TIMER~PT
	R1304.0	  >>>> BATHROOM2LIGHT~AUTO~TIMERAFTERMOTIONDETECTED~TIMER~Q
	RL1305	  >>>> BATHROOM2LIGHT~AUTO~TIMERAFTERMOTIONDETECTED~TIMER~ET
	R1309.0	  >>>>> BATHROOM2LIGHT~AUTO~TIMERAFTERMOTIONDETECTED~TIMER~IN_R_EDGE~CLK
	R1309.1	  >>>>> BATHROOM2LIGHT~AUTO~TIMERAFTERMOTIONDETECTED~TIMER~IN_R_EDGE~Q
	R1309.2	  >>>>> BATHROOM2LIGHT~AUTO~TIMERAFTERMOTIONDETECTED~TIMER~IN_R_EDGE~M
	RL1310	  >>>> BATHROOM2LIGHT~AUTO~TIMERAFTERMOTIONDETECTED~TIMER~LT
	R1314.0	  >>> BATHROOM2LIGHT~AUTO~TIMERAFTERMOTIONDETECTED~__EDGE_R__START
	R1314.1	  >>> BATHROOM2LIGHT~AUTO~TIMERAFTERMOTIONDETECTED~__EDGE_R__RESET
	R1315.0	  >>> BATHROOM2LIGHT~AUTO~TIMERAFTERLASTACTION~START
	R1315.1	  >>> BATHROOM2LIGHT~AUTO~TIMERAFTERLASTACTION~RESET
	RL1316	  >>> BATHROOM2LIGHT~AUTO~TIMERAFTERLASTACTION~TIMETOCOUNT
	R1320.0	  >>> BATHROOM2LIGHT~AUTO~TIMERAFTERLASTACTION~ISRUN
	R1320.1	  >>> BATHROOM2LIGHT~AUTO~TIMERAFTERLASTACTION~ISDONE
	RL1321	  >>> BATHROOM2LIGHT~AUTO~TIMERAFTERLASTACTION~CURRENTTIME
	R1325.0	  >>>> BATHROOM2LIGHT~AUTO~TIMERAFTERLASTACTION~TIMER~IN
	RL1326	  >>>> BATHROOM2LIGHT~AUTO~TIMERAFTERLASTACTION~TIMER~PT
	R1330.0	  >>>> BATHROOM2LIGHT~AUTO~TIMERAFTERLASTACTION~TIMER~Q
	RL1331	  >>>> BATHROOM2LIGHT~AUTO~TIMERAFTERLASTACTION~TIMER~ET
	R1335.0	  >>>>> BATHROOM2LIGHT~AUTO~TIMERAFTERLASTACTION~TIMER~IN_R_EDGE~CLK
	R1335.1	  >>>>> BATHROOM2LIGHT~AUTO~TIMERAFTERLASTACTION~TIMER~IN_R_EDGE~Q
	R1335.2	  >>>>> BATHROOM2LIGHT~AUTO~TIMERAFTERLASTACTION~TIMER~IN_R_EDGE~M
	RL1336	  >>>> BATHROOM2LIGHT~AUTO~TIMERAFTERLASTACTION~TIMER~LT
	R1340.0	  >>> BATHROOM2LIGHT~AUTO~TIMERAFTERLASTACTION~__EDGE_R__START
	R1340.1	  >>> BATHROOM2LIGHT~AUTO~TIMERAFTERLASTACTION~__EDGE_R__RESET
	R1341.0	  >>> BATHROOM2LIGHT~AUTO~DOORSENSRISE~CLK
	R1341.1	  >>> BATHROOM2LIGHT~AUTO~DOORSENSRISE~Q
	R1341.2	  >>> BATHROOM2LIGHT~AUTO~DOORSENSRISE~M
	R1342.0	  >>> BATHROOM2LIGHT~AUTO~DOORSENSFALL~CLK
	R1342.1	  >>> BATHROOM2LIGHT~AUTO~DOORSENSFALL~Q
	R1342.2	  >>> BATHROOM2LIGHT~AUTO~DOORSENSFALL~M
	R1343.0	  >> BATHROOM2LIGHT~AUTO~DOORCLOSED
	R1343.1	  >> BATHROOM2LIGHT~AUTO~DOOROPENED
	R1344.0	  >>> BATHROOM2LIGHT~AUTO~MOTIONSENSRISE~CLK
	R1344.1	  >>> BATHROOM2LIGHT~AUTO~MOTIONSENSRISE~Q
	R1344.2	  >>> BATHROOM2LIGHT~AUTO~MOTIONSENSRISE~M
	R1345.0	  >>> BATHROOM2LIGHT~AUTO~MOTIONSENSFALL~CLK
	R1345.1	  >>> BATHROOM2LIGHT~AUTO~MOTIONSENSFALL~Q
	R1345.2	  >>> BATHROOM2LIGHT~AUTO~MOTIONSENSFALL~M
	R1346.0	  >> BATHROOM2LIGHT~AUTO~MOTIONDETECTED
	R1346.1	  >> BATHROOM2LIGHT~AUTO~MOTIONEND
	R1347.0	  >>> BATHROOM2LIGHT~AUTO~NIGHTMODEOFF~CLK
	R1347.1	  >>> BATHROOM2LIGHT~AUTO~NIGHTMODEOFF~Q
	R1347.2	  >>> BATHROOM2LIGHT~AUTO~NIGHTMODEOFF~M
	R1348.0	  > BATHROOM2LIGHT~INIT
R 1349   :1593   =PRGLIVINGROOMLIGHT LIVINGROOMLIGHT	; 
	R1349.0	  >> LIVINGROOMLIGHT~LAMP1~BTN
	RF1350	  >> LIVINGROOMLIGHT~LAMP1~MINVALUE
	RF1354	  >> LIVINGROOMLIGHT~LAMP1~MAXVALUE
	RF1358	  >> LIVINGROOMLIGHT~LAMP1~DIMMSPEED
	RF1362	  >> LIVINGROOMLIGHT~LAMP1~SETVALUE
	R1366.0	  >> LIVINGROOMLIGHT~LAMP1~SETSTATE
	RL1367	  >> LIVINGROOMLIGHT~LAMP1~SLIDER
	RL1371	  >> LIVINGROOMLIGHT~LAMP1~TRIGBUTTON
	RF1375	  >> LIVINGROOMLIGHT~LAMP1~VALUE
	R1379.0	  >> LIVINGROOMLIGHT~LAMP1~VALUECHANGED
	R1379.1	  >> LIVINGROOMLIGHT~LAMP1~STATE
	R1379.2	  >> LIVINGROOMLIGHT~LAMP1~STATECHANGED
	RF1380	  >> LIVINGROOMLIGHT~LAMP1~DIRECTION
	RF1384	  >> LIVINGROOMLIGHT~LAMP1~USERVALUE
	R1388.0	  >> LIVINGROOMLIGHT~LAMP1~DIMMING
	R1389.0	  >>> LIVINGROOMLIGHT~LAMP1~TIMER~IN
	RL1390	  >>> LIVINGROOMLIGHT~LAMP1~TIMER~PT
	R1394.0	  >>> LIVINGROOMLIGHT~LAMP1~TIMER~Q
	RL1395	  >>> LIVINGROOMLIGHT~LAMP1~TIMER~ET
	R1399.0	  >>>> LIVINGROOMLIGHT~LAMP1~TIMER~IN_R_EDGE~CLK
	R1399.1	  >>>> LIVINGROOMLIGHT~LAMP1~TIMER~IN_R_EDGE~Q
	R1399.2	  >>>> LIVINGROOMLIGHT~LAMP1~TIMER~IN_R_EDGE~M
	RL1400	  >>> LIVINGROOMLIGHT~LAMP1~TIMER~LT
	RL1404	  >> LIVINGROOMLIGHT~LAMP1~CYCLETIME
	RL1408	  >> LIVINGROOMLIGHT~LAMP1~PREVTIME
	RF1412	  >> LIVINGROOMLIGHT~LAMP1~STEP
	R1416.0	  >> LIVINGROOMLIGHT~LAMP1~INIT
	RF1417	  >> LIVINGROOMLIGHT~LAMP1~PREVVALUE
	RF1421	  >> LIVINGROOMLIGHT~LAMP1~PREVSETVALUE
	RF1425	  >> LIVINGROOMLIGHT~LAMP1~PREVSLIDER
	RL1429	  >>> LIVINGROOMLIGHT~LAMP1~BUTTONPROCESSOR~BTN
	RL1433	  >>> LIVINGROOMLIGHT~LAMP1~BUTTONPROCESSOR~LONGPRESSTIME
	R1437.0	  >>> LIVINGROOMLIGHT~LAMP1~BUTTONPROCESSOR~LONGPRESS
	R1437.1	  >>> LIVINGROOMLIGHT~LAMP1~BUTTONPROCESSOR~SHORTPRESS
	R1437.2	  >>> LIVINGROOMLIGHT~LAMP1~BUTTONPROCESSOR~BTNPRESSED
	R1437.3	  >>> LIVINGROOMLIGHT~LAMP1~BUTTONPROCESSOR~BTNRELEASED
	R1437.4	  >>> LIVINGROOMLIGHT~LAMP1~BUTTONPROCESSOR~BTNSTATE
	R1437.5	  >>> LIVINGROOMLIGHT~LAMP1~BUTTONPROCESSOR~LONGPRESSANDHOLD
	R1437.6	  >>> LIVINGROOMLIGHT~LAMP1~BUTTONPROCESSOR~BTNPREVSTATE
	R1438.0	  >>>> LIVINGROOMLIGHT~LAMP1~BUTTONPROCESSOR~TIMER~START
	R1438.1	  >>>> LIVINGROOMLIGHT~LAMP1~BUTTONPROCESSOR~TIMER~RESET
	RL1439	  >>>> LIVINGROOMLIGHT~LAMP1~BUTTONPROCESSOR~TIMER~TIMETOCOUNT
	R1443.0	  >>>> LIVINGROOMLIGHT~LAMP1~BUTTONPROCESSOR~TIMER~ISRUN
	R1443.1	  >>>> LIVINGROOMLIGHT~LAMP1~BUTTONPROCESSOR~TIMER~ISDONE
	RL1444	  >>>> LIVINGROOMLIGHT~LAMP1~BUTTONPROCESSOR~TIMER~CURRENTTIME
	R1448.0	  >>>>> LIVINGROOMLIGHT~LAMP1~BUTTONPROCESSOR~TIMER~TIMER~IN
	RL1449	  >>>>> LIVINGROOMLIGHT~LAMP1~BUTTONPROCESSOR~TIMER~TIMER~PT
	R1453.0	  >>>>> LIVINGROOMLIGHT~LAMP1~BUTTONPROCESSOR~TIMER~TIMER~Q
	RL1454	  >>>>> LIVINGROOMLIGHT~LAMP1~BUTTONPROCESSOR~TIMER~TIMER~ET
	R1458.0	  >>>>>> LIVINGROOMLIGHT~LAMP1~BUTTONPROCESSOR~TIMER~TIMER~IN_R_EDGE~CLK
	R1458.1	  >>>>>> LIVINGROOMLIGHT~LAMP1~BUTTONPROCESSOR~TIMER~TIMER~IN_R_EDGE~Q
	R1458.2	  >>>>>> LIVINGROOMLIGHT~LAMP1~BUTTONPROCESSOR~TIMER~TIMER~IN_R_EDGE~M
	RL1459	  >>>>> LIVINGROOMLIGHT~LAMP1~BUTTONPROCESSOR~TIMER~TIMER~LT
	R1463.0	  >>>> LIVINGROOMLIGHT~LAMP1~BUTTONPROCESSOR~TIMER~__EDGE_R__START
	R1463.1	  >>>> LIVINGROOMLIGHT~LAMP1~BUTTONPROCESSOR~TIMER~__EDGE_R__RESET
	R1464.0	  >>> LIVINGROOMLIGHT~AUTO~SENSOR_DOOR~STATE
	R1465	  >>> LIVINGROOMLIGHT~AUTO~SENSOR_DOOR~MODE
	R1466.0	  >>> LIVINGROOMLIGHT~AUTO~SENSOR_MOTION~STATE
	R1467	  >>> LIVINGROOMLIGHT~AUTO~SENSOR_MOTION~MODE
	R1468.0	  >> LIVINGROOMLIGHT~AUTO~AUTOMODE
	R1468.1	  >> LIVINGROOMLIGHT~AUTO~NIGHTMODE
	R1468.2	  >> LIVINGROOMLIGHT~AUTO~FORGETMODE
	R1468.3	  >> LIVINGROOMLIGHT~AUTO~ANYLIGHTON
	R1468.4	  >> LIVINGROOMLIGHT~AUTO~ANYLIGHTCHANGED
	RL1469	  >> LIVINGROOMLIGHT~AUTO~TIMEAFTERDOOROPENCLOSE
	RL1473	  >> LIVINGROOMLIGHT~AUTO~TIMEAFTERMOTIONDETECT
	RL1477	  >> LIVINGROOMLIGHT~AUTO~TIMEAFTERLASTACTION
	R1481.0	  >> LIVINGROOMLIGHT~AUTO~SETSTATE
	R1481.1	  >> LIVINGROOMLIGHT~AUTO~PERSONLEFT
	R1481.2	  >> LIVINGROOMLIGHT~AUTO~FORGET
	R1481.3	  >> LIVINGROOMLIGHT~AUTO~STATECHANGED
	R1481.4	  >> LIVINGROOMLIGHT~AUTO~STATE
	R1482.0	  >>> LIVINGROOMLIGHT~AUTO~TIMERAFTERDOOROPENED~START
	R1482.1	  >>> LIVINGROOMLIGHT~AUTO~TIMERAFTERDOOROPENED~RESET
	RL1483	  >>> LIVINGROOMLIGHT~AUTO~TIMERAFTERDOOROPENED~TIMETOCOUNT
	R1487.0	  >>> LIVINGROOMLIGHT~AUTO~TIMERAFTERDOOROPENED~ISRUN
	R1487.1	  >>> LIVINGROOMLIGHT~AUTO~TIMERAFTERDOOROPENED~ISDONE
	RL1488	  >>> LIVINGROOMLIGHT~AUTO~TIMERAFTERDOOROPENED~CURRENTTIME
	R1492.0	  >>>> LIVINGROOMLIGHT~AUTO~TIMERAFTERDOOROPENED~TIMER~IN
	RL1493	  >>>> LIVINGROOMLIGHT~AUTO~TIMERAFTERDOOROPENED~TIMER~PT
	R1497.0	  >>>> LIVINGROOMLIGHT~AUTO~TIMERAFTERDOOROPENED~TIMER~Q
	RL1498	  >>>> LIVINGROOMLIGHT~AUTO~TIMERAFTERDOOROPENED~TIMER~ET
	R1502.0	  >>>>> LIVINGROOMLIGHT~AUTO~TIMERAFTERDOOROPENED~TIMER~IN_R_EDGE~CLK
	R1502.1	  >>>>> LIVINGROOMLIGHT~AUTO~TIMERAFTERDOOROPENED~TIMER~IN_R_EDGE~Q
	R1502.2	  >>>>> LIVINGROOMLIGHT~AUTO~TIMERAFTERDOOROPENED~TIMER~IN_R_EDGE~M
	RL1503	  >>>> LIVINGROOMLIGHT~AUTO~TIMERAFTERDOOROPENED~TIMER~LT
	R1507.0	  >>> LIVINGROOMLIGHT~AUTO~TIMERAFTERDOOROPENED~__EDGE_R__START
	R1507.1	  >>> LIVINGROOMLIGHT~AUTO~TIMERAFTERDOOROPENED~__EDGE_R__RESET
	R1508.0	  >>> LIVINGROOMLIGHT~AUTO~TIMERAFTERDOORCLOSED~START
	R1508.1	  >>> LIVINGROOMLIGHT~AUTO~TIMERAFTERDOORCLOSED~RESET
	RL1509	  >>> LIVINGROOMLIGHT~AUTO~TIMERAFTERDOORCLOSED~TIMETOCOUNT
	R1513.0	  >>> LIVINGROOMLIGHT~AUTO~TIMERAFTERDOORCLOSED~ISRUN
	R1513.1	  >>> LIVINGROOMLIGHT~AUTO~TIMERAFTERDOORCLOSED~ISDONE
	RL1514	  >>> LIVINGROOMLIGHT~AUTO~TIMERAFTERDOORCLOSED~CURRENTTIME
	R1518.0	  >>>> LIVINGROOMLIGHT~AUTO~TIMERAFTERDOORCLOSED~TIMER~IN
	RL1519	  >>>> LIVINGROOMLIGHT~AUTO~TIMERAFTERDOORCLOSED~TIMER~PT
	R1523.0	  >>>> LIVINGROOMLIGHT~AUTO~TIMERAFTERDOORCLOSED~TIMER~Q
	RL1524	  >>>> LIVINGROOMLIGHT~AUTO~TIMERAFTERDOORCLOSED~TIMER~ET
	R1528.0	  >>>>> LIVINGROOMLIGHT~AUTO~TIMERAFTERDOORCLOSED~TIMER~IN_R_EDGE~CLK
	R1528.1	  >>>>> LIVINGROOMLIGHT~AUTO~TIMERAFTERDOORCLOSED~TIMER~IN_R_EDGE~Q
	R1528.2	  >>>>> LIVINGROOMLIGHT~AUTO~TIMERAFTERDOORCLOSED~TIMER~IN_R_EDGE~M
	RL1529	  >>>> LIVINGROOMLIGHT~AUTO~TIMERAFTERDOORCLOSED~TIMER~LT
	R1533.0	  >>> LIVINGROOMLIGHT~AUTO~TIMERAFTERDOORCLOSED~__EDGE_R__START
	R1533.1	  >>> LIVINGROOMLIGHT~AUTO~TIMERAFTERDOORCLOSED~__EDGE_R__RESET
	R1534.0	  >>> LIVINGROOMLIGHT~AUTO~TIMERAFTERMOTIONDETECTED~START
	R1534.1	  >>> LIVINGROOMLIGHT~AUTO~TIMERAFTERMOTIONDETECTED~RESET
	RL1535	  >>> LIVINGROOMLIGHT~AUTO~TIMERAFTERMOTIONDETECTED~TIMETOCOUNT
	R1539.0	  >>> LIVINGROOMLIGHT~AUTO~TIMERAFTERMOTIONDETECTED~ISRUN
	R1539.1	  >>> LIVINGROOMLIGHT~AUTO~TIMERAFTERMOTIONDETECTED~ISDONE
	RL1540	  >>> LIVINGROOMLIGHT~AUTO~TIMERAFTERMOTIONDETECTED~CURRENTTIME
	R1544.0	  >>>> LIVINGROOMLIGHT~AUTO~TIMERAFTERMOTIONDETECTED~TIMER~IN
	RL1545	  >>>> LIVINGROOMLIGHT~AUTO~TIMERAFTERMOTIONDETECTED~TIMER~PT
	R1549.0	  >>>> LIVINGROOMLIGHT~AUTO~TIMERAFTERMOTIONDETECTED~TIMER~Q
	RL1550	  >>>> LIVINGROOMLIGHT~AUTO~TIMERAFTERMOTIONDETECTED~TIMER~ET
	R1554.0	  >>>>> LIVINGROOMLIGHT~AUTO~TIMERAFTERMOTIONDETECTED~TIMER~IN_R_EDGE~CLK
	R1554.1	  >>>>> LIVINGROOMLIGHT~AUTO~TIMERAFTERMOTIONDETECTED~TIMER~IN_R_EDGE~Q
	R1554.2	  >>>>> LIVINGROOMLIGHT~AUTO~TIMERAFTERMOTIONDETECTED~TIMER~IN_R_EDGE~M
	RL1555	  >>>> LIVINGROOMLIGHT~AUTO~TIMERAFTERMOTIONDETECTED~TIMER~LT
	R1559.0	  >>> LIVINGROOMLIGHT~AUTO~TIMERAFTERMOTIONDETECTED~__EDGE_R__START
	R1559.1	  >>> LIVINGROOMLIGHT~AUTO~TIMERAFTERMOTIONDETECTED~__EDGE_R__RESET
	R1560.0	  >>> LIVINGROOMLIGHT~AUTO~TIMERAFTERLASTACTION~START
	R1560.1	  >>> LIVINGROOMLIGHT~AUTO~TIMERAFTERLASTACTION~RESET
	RL1561	  >>> LIVINGROOMLIGHT~AUTO~TIMERAFTERLASTACTION~TIMETOCOUNT
	R1565.0	  >>> LIVINGROOMLIGHT~AUTO~TIMERAFTERLASTACTION~ISRUN
	R1565.1	  >>> LIVINGROOMLIGHT~AUTO~TIMERAFTERLASTACTION~ISDONE
	RL1566	  >>> LIVINGROOMLIGHT~AUTO~TIMERAFTERLASTACTION~CURRENTTIME
	R1570.0	  >>>> LIVINGROOMLIGHT~AUTO~TIMERAFTERLASTACTION~TIMER~IN
	RL1571	  >>>> LIVINGROOMLIGHT~AUTO~TIMERAFTERLASTACTION~TIMER~PT
	R1575.0	  >>>> LIVINGROOMLIGHT~AUTO~TIMERAFTERLASTACTION~TIMER~Q
	RL1576	  >>>> LIVINGROOMLIGHT~AUTO~TIMERAFTERLASTACTION~TIMER~ET
	R1580.0	  >>>>> LIVINGROOMLIGHT~AUTO~TIMERAFTERLASTACTION~TIMER~IN_R_EDGE~CLK
	R1580.1	  >>>>> LIVINGROOMLIGHT~AUTO~TIMERAFTERLASTACTION~TIMER~IN_R_EDGE~Q
	R1580.2	  >>>>> LIVINGROOMLIGHT~AUTO~TIMERAFTERLASTACTION~TIMER~IN_R_EDGE~M
	RL1581	  >>>> LIVINGROOMLIGHT~AUTO~TIMERAFTERLASTACTION~TIMER~LT
	R1585.0	  >>> LIVINGROOMLIGHT~AUTO~TIMERAFTERLASTACTION~__EDGE_R__START
	R1585.1	  >>> LIVINGROOMLIGHT~AUTO~TIMERAFTERLASTACTION~__EDGE_R__RESET
	R1586.0	  >>> LIVINGROOMLIGHT~AUTO~DOORSENSRISE~CLK
	R1586.1	  >>> LIVINGROOMLIGHT~AUTO~DOORSENSRISE~Q
	R1586.2	  >>> LIVINGROOMLIGHT~AUTO~DOORSENSRISE~M
	R1587.0	  >>> LIVINGROOMLIGHT~AUTO~DOORSENSFALL~CLK
	R1587.1	  >>> LIVINGROOMLIGHT~AUTO~DOORSENSFALL~Q
	R1587.2	  >>> LIVINGROOMLIGHT~AUTO~DOORSENSFALL~M
	R1588.0	  >> LIVINGROOMLIGHT~AUTO~DOORCLOSED
	R1588.1	  >> LIVINGROOMLIGHT~AUTO~DOOROPENED
	R1589.0	  >>> LIVINGROOMLIGHT~AUTO~MOTIONSENSRISE~CLK
	R1589.1	  >>> LIVINGROOMLIGHT~AUTO~MOTIONSENSRISE~Q
	R1589.2	  >>> LIVINGROOMLIGHT~AUTO~MOTIONSENSRISE~M
	R1590.0	  >>> LIVINGROOMLIGHT~AUTO~MOTIONSENSFALL~CLK
	R1590.1	  >>> LIVINGROOMLIGHT~AUTO~MOTIONSENSFALL~Q
	R1590.2	  >>> LIVINGROOMLIGHT~AUTO~MOTIONSENSFALL~M
	R1591.0	  >> LIVINGROOMLIGHT~AUTO~MOTIONDETECTED
	R1591.1	  >> LIVINGROOMLIGHT~AUTO~MOTIONEND
	R1592.0	  >>> LIVINGROOMLIGHT~AUTO~NIGHTMODEOFF~CLK
	R1592.1	  >>> LIVINGROOMLIGHT~AUTO~NIGHTMODEOFF~Q
	R1592.2	  >>> LIVINGROOMLIGHT~AUTO~NIGHTMODEOFF~M
	R1593.0	  > LIVINGROOMLIGHT~INIT
R 1594   :1731   =PRGBEDROOM1LIGHT BEDROOM1LIGHT	; 
	RL1594	  >> BEDROOM1LIGHT~LAMP1~TRIGBUTTON
	R1598.0	  >> BEDROOM1LIGHT~LAMP1~SETSTATE
	R1599.0	  >>> BEDROOM1LIGHT~LAMP1~TRIGBUTTONOFF~CLK
	R1599.1	  >>> BEDROOM1LIGHT~LAMP1~TRIGBUTTONOFF~Q
	R1599.2	  >>> BEDROOM1LIGHT~LAMP1~TRIGBUTTONOFF~M
	R1600.0	  >>> BEDROOM1LIGHT~LAMP1~TRIGBUTTONON~CLK
	R1600.1	  >>> BEDROOM1LIGHT~LAMP1~TRIGBUTTONON~Q
	R1600.2	  >>> BEDROOM1LIGHT~LAMP1~TRIGBUTTONON~M
	R1601.0	  >> BEDROOM1LIGHT~LAMP1~STATECHANGED
	R1601.1	  >> BEDROOM1LIGHT~LAMP1~STATE
	R1602.0	  >>> BEDROOM1LIGHT~AUTO~SENSOR_DOOR~STATE
	R1603	  >>> BEDROOM1LIGHT~AUTO~SENSOR_DOOR~MODE
	R1604.0	  >>> BEDROOM1LIGHT~AUTO~SENSOR_MOTION~STATE
	R1605	  >>> BEDROOM1LIGHT~AUTO~SENSOR_MOTION~MODE
	R1606.0	  >> BEDROOM1LIGHT~AUTO~AUTOMODE
	R1606.1	  >> BEDROOM1LIGHT~AUTO~NIGHTMODE
	R1606.2	  >> BEDROOM1LIGHT~AUTO~FORGETMODE
	R1606.3	  >> BEDROOM1LIGHT~AUTO~ANYLIGHTON
	R1606.4	  >> BEDROOM1LIGHT~AUTO~ANYLIGHTCHANGED
	RL1607	  >> BEDROOM1LIGHT~AUTO~TIMEAFTERDOOROPENCLOSE
	RL1611	  >> BEDROOM1LIGHT~AUTO~TIMEAFTERMOTIONDETECT
	RL1615	  >> BEDROOM1LIGHT~AUTO~TIMEAFTERLASTACTION
	R1619.0	  >> BEDROOM1LIGHT~AUTO~SETSTATE
	R1619.1	  >> BEDROOM1LIGHT~AUTO~PERSONLEFT
	R1619.2	  >> BEDROOM1LIGHT~AUTO~FORGET
	R1619.3	  >> BEDROOM1LIGHT~AUTO~STATECHANGED
	R1619.4	  >> BEDROOM1LIGHT~AUTO~STATE
	R1620.0	  >>> BEDROOM1LIGHT~AUTO~TIMERAFTERDOOROPENED~START
	R1620.1	  >>> BEDROOM1LIGHT~AUTO~TIMERAFTERDOOROPENED~RESET
	RL1621	  >>> BEDROOM1LIGHT~AUTO~TIMERAFTERDOOROPENED~TIMETOCOUNT
	R1625.0	  >>> BEDROOM1LIGHT~AUTO~TIMERAFTERDOOROPENED~ISRUN
	R1625.1	  >>> BEDROOM1LIGHT~AUTO~TIMERAFTERDOOROPENED~ISDONE
	RL1626	  >>> BEDROOM1LIGHT~AUTO~TIMERAFTERDOOROPENED~CURRENTTIME
	R1630.0	  >>>> BEDROOM1LIGHT~AUTO~TIMERAFTERDOOROPENED~TIMER~IN
	RL1631	  >>>> BEDROOM1LIGHT~AUTO~TIMERAFTERDOOROPENED~TIMER~PT
	R1635.0	  >>>> BEDROOM1LIGHT~AUTO~TIMERAFTERDOOROPENED~TIMER~Q
	RL1636	  >>>> BEDROOM1LIGHT~AUTO~TIMERAFTERDOOROPENED~TIMER~ET
	R1640.0	  >>>>> BEDROOM1LIGHT~AUTO~TIMERAFTERDOOROPENED~TIMER~IN_R_EDGE~CLK
	R1640.1	  >>>>> BEDROOM1LIGHT~AUTO~TIMERAFTERDOOROPENED~TIMER~IN_R_EDGE~Q
	R1640.2	  >>>>> BEDROOM1LIGHT~AUTO~TIMERAFTERDOOROPENED~TIMER~IN_R_EDGE~M
	RL1641	  >>>> BEDROOM1LIGHT~AUTO~TIMERAFTERDOOROPENED~TIMER~LT
	R1645.0	  >>> BEDROOM1LIGHT~AUTO~TIMERAFTERDOOROPENED~__EDGE_R__START
	R1645.1	  >>> BEDROOM1LIGHT~AUTO~TIMERAFTERDOOROPENED~__EDGE_R__RESET
	R1646.0	  >>> BEDROOM1LIGHT~AUTO~TIMERAFTERDOORCLOSED~START
	R1646.1	  >>> BEDROOM1LIGHT~AUTO~TIMERAFTERDOORCLOSED~RESET
	RL1647	  >>> BEDROOM1LIGHT~AUTO~TIMERAFTERDOORCLOSED~TIMETOCOUNT
	R1651.0	  >>> BEDROOM1LIGHT~AUTO~TIMERAFTERDOORCLOSED~ISRUN
	R1651.1	  >>> BEDROOM1LIGHT~AUTO~TIMERAFTERDOORCLOSED~ISDONE
	RL1652	  >>> BEDROOM1LIGHT~AUTO~TIMERAFTERDOORCLOSED~CURRENTTIME
	R1656.0	  >>>> BEDROOM1LIGHT~AUTO~TIMERAFTERDOORCLOSED~TIMER~IN
	RL1657	  >>>> BEDROOM1LIGHT~AUTO~TIMERAFTERDOORCLOSED~TIMER~PT
	R1661.0	  >>>> BEDROOM1LIGHT~AUTO~TIMERAFTERDOORCLOSED~TIMER~Q
	RL1662	  >>>> BEDROOM1LIGHT~AUTO~TIMERAFTERDOORCLOSED~TIMER~ET
	R1666.0	  >>>>> BEDROOM1LIGHT~AUTO~TIMERAFTERDOORCLOSED~TIMER~IN_R_EDGE~CLK
	R1666.1	  >>>>> BEDROOM1LIGHT~AUTO~TIMERAFTERDOORCLOSED~TIMER~IN_R_EDGE~Q
	R1666.2	  >>>>> BEDROOM1LIGHT~AUTO~TIMERAFTERDOORCLOSED~TIMER~IN_R_EDGE~M
	RL1667	  >>>> BEDROOM1LIGHT~AUTO~TIMERAFTERDOORCLOSED~TIMER~LT
	R1671.0	  >>> BEDROOM1LIGHT~AUTO~TIMERAFTERDOORCLOSED~__EDGE_R__START
	R1671.1	  >>> BEDROOM1LIGHT~AUTO~TIMERAFTERDOORCLOSED~__EDGE_R__RESET
	R1672.0	  >>> BEDROOM1LIGHT~AUTO~TIMERAFTERMOTIONDETECTED~START
	R1672.1	  >>> BEDROOM1LIGHT~AUTO~TIMERAFTERMOTIONDETECTED~RESET
	RL1673	  >>> BEDROOM1LIGHT~AUTO~TIMERAFTERMOTIONDETECTED~TIMETOCOUNT
	R1677.0	  >>> BEDROOM1LIGHT~AUTO~TIMERAFTERMOTIONDETECTED~ISRUN
	R1677.1	  >>> BEDROOM1LIGHT~AUTO~TIMERAFTERMOTIONDETECTED~ISDONE
	RL1678	  >>> BEDROOM1LIGHT~AUTO~TIMERAFTERMOTIONDETECTED~CURRENTTIME
	R1682.0	  >>>> BEDROOM1LIGHT~AUTO~TIMERAFTERMOTIONDETECTED~TIMER~IN
	RL1683	  >>>> BEDROOM1LIGHT~AUTO~TIMERAFTERMOTIONDETECTED~TIMER~PT
	R1687.0	  >>>> BEDROOM1LIGHT~AUTO~TIMERAFTERMOTIONDETECTED~TIMER~Q
	RL1688	  >>>> BEDROOM1LIGHT~AUTO~TIMERAFTERMOTIONDETECTED~TIMER~ET
	R1692.0	  >>>>> BEDROOM1LIGHT~AUTO~TIMERAFTERMOTIONDETECTED~TIMER~IN_R_EDGE~CLK
	R1692.1	  >>>>> BEDROOM1LIGHT~AUTO~TIMERAFTERMOTIONDETECTED~TIMER~IN_R_EDGE~Q
	R1692.2	  >>>>> BEDROOM1LIGHT~AUTO~TIMERAFTERMOTIONDETECTED~TIMER~IN_R_EDGE~M
	RL1693	  >>>> BEDROOM1LIGHT~AUTO~TIMERAFTERMOTIONDETECTED~TIMER~LT
	R1697.0	  >>> BEDROOM1LIGHT~AUTO~TIMERAFTERMOTIONDETECTED~__EDGE_R__START
	R1697.1	  >>> BEDROOM1LIGHT~AUTO~TIMERAFTERMOTIONDETECTED~__EDGE_R__RESET
	R1698.0	  >>> BEDROOM1LIGHT~AUTO~TIMERAFTERLASTACTION~START
	R1698.1	  >>> BEDROOM1LIGHT~AUTO~TIMERAFTERLASTACTION~RESET
	RL1699	  >>> BEDROOM1LIGHT~AUTO~TIMERAFTERLASTACTION~TIMETOCOUNT
	R1703.0	  >>> BEDROOM1LIGHT~AUTO~TIMERAFTERLASTACTION~ISRUN
	R1703.1	  >>> BEDROOM1LIGHT~AUTO~TIMERAFTERLASTACTION~ISDONE
	RL1704	  >>> BEDROOM1LIGHT~AUTO~TIMERAFTERLASTACTION~CURRENTTIME
	R1708.0	  >>>> BEDROOM1LIGHT~AUTO~TIMERAFTERLASTACTION~TIMER~IN
	RL1709	  >>>> BEDROOM1LIGHT~AUTO~TIMERAFTERLASTACTION~TIMER~PT
	R1713.0	  >>>> BEDROOM1LIGHT~AUTO~TIMERAFTERLASTACTION~TIMER~Q
	RL1714	  >>>> BEDROOM1LIGHT~AUTO~TIMERAFTERLASTACTION~TIMER~ET
	R1718.0	  >>>>> BEDROOM1LIGHT~AUTO~TIMERAFTERLASTACTION~TIMER~IN_R_EDGE~CLK
	R1718.1	  >>>>> BEDROOM1LIGHT~AUTO~TIMERAFTERLASTACTION~TIMER~IN_R_EDGE~Q
	R1718.2	  >>>>> BEDROOM1LIGHT~AUTO~TIMERAFTERLASTACTION~TIMER~IN_R_EDGE~M
	RL1719	  >>>> BEDROOM1LIGHT~AUTO~TIMERAFTERLASTACTION~TIMER~LT
	R1723.0	  >>> BEDROOM1LIGHT~AUTO~TIMERAFTERLASTACTION~__EDGE_R__START
	R1723.1	  >>> BEDROOM1LIGHT~AUTO~TIMERAFTERLASTACTION~__EDGE_R__RESET
	R1724.0	  >>> BEDROOM1LIGHT~AUTO~DOORSENSRISE~CLK
	R1724.1	  >>> BEDROOM1LIGHT~AUTO~DOORSENSRISE~Q
	R1724.2	  >>> BEDROOM1LIGHT~AUTO~DOORSENSRISE~M
	R1725.0	  >>> BEDROOM1LIGHT~AUTO~DOORSENSFALL~CLK
	R1725.1	  >>> BEDROOM1LIGHT~AUTO~DOORSENSFALL~Q
	R1725.2	  >>> BEDROOM1LIGHT~AUTO~DOORSENSFALL~M
	R1726.0	  >> BEDROOM1LIGHT~AUTO~DOORCLOSED
	R1726.1	  >> BEDROOM1LIGHT~AUTO~DOOROPENED
	R1727.0	  >>> BEDROOM1LIGHT~AUTO~MOTIONSENSRISE~CLK
	R1727.1	  >>> BEDROOM1LIGHT~AUTO~MOTIONSENSRISE~Q
	R1727.2	  >>> BEDROOM1LIGHT~AUTO~MOTIONSENSRISE~M
	R1728.0	  >>> BEDROOM1LIGHT~AUTO~MOTIONSENSFALL~CLK
	R1728.1	  >>> BEDROOM1LIGHT~AUTO~MOTIONSENSFALL~Q
	R1728.2	  >>> BEDROOM1LIGHT~AUTO~MOTIONSENSFALL~M
	R1729.0	  >> BEDROOM1LIGHT~AUTO~MOTIONDETECTED
	R1729.1	  >> BEDROOM1LIGHT~AUTO~MOTIONEND
	R1730.0	  >>> BEDROOM1LIGHT~AUTO~NIGHTMODEOFF~CLK
	R1730.1	  >>> BEDROOM1LIGHT~AUTO~NIGHTMODEOFF~Q
	R1730.2	  >>> BEDROOM1LIGHT~AUTO~NIGHTMODEOFF~M
	R1731.0	  > BEDROOM1LIGHT~INIT
R 1732   :1869   =PRGWARDROBELIGHT WARDROBELIGHT	; 
	RL1732	  >> WARDROBELIGHT~LAMP1~TRIGBUTTON
	R1736.0	  >> WARDROBELIGHT~LAMP1~SETSTATE
	R1737.0	  >>> WARDROBELIGHT~LAMP1~TRIGBUTTONOFF~CLK
	R1737.1	  >>> WARDROBELIGHT~LAMP1~TRIGBUTTONOFF~Q
	R1737.2	  >>> WARDROBELIGHT~LAMP1~TRIGBUTTONOFF~M
	R1738.0	  >>> WARDROBELIGHT~LAMP1~TRIGBUTTONON~CLK
	R1738.1	  >>> WARDROBELIGHT~LAMP1~TRIGBUTTONON~Q
	R1738.2	  >>> WARDROBELIGHT~LAMP1~TRIGBUTTONON~M
	R1739.0	  >> WARDROBELIGHT~LAMP1~STATECHANGED
	R1739.1	  >> WARDROBELIGHT~LAMP1~STATE
	R1740.0	  >>> WARDROBELIGHT~AUTO~SENSOR_DOOR~STATE
	R1741	  >>> WARDROBELIGHT~AUTO~SENSOR_DOOR~MODE
	R1742.0	  >>> WARDROBELIGHT~AUTO~SENSOR_MOTION~STATE
	R1743	  >>> WARDROBELIGHT~AUTO~SENSOR_MOTION~MODE
	R1744.0	  >> WARDROBELIGHT~AUTO~AUTOMODE
	R1744.1	  >> WARDROBELIGHT~AUTO~NIGHTMODE
	R1744.2	  >> WARDROBELIGHT~AUTO~FORGETMODE
	R1744.3	  >> WARDROBELIGHT~AUTO~ANYLIGHTON
	R1744.4	  >> WARDROBELIGHT~AUTO~ANYLIGHTCHANGED
	RL1745	  >> WARDROBELIGHT~AUTO~TIMEAFTERDOOROPENCLOSE
	RL1749	  >> WARDROBELIGHT~AUTO~TIMEAFTERMOTIONDETECT
	RL1753	  >> WARDROBELIGHT~AUTO~TIMEAFTERLASTACTION
	R1757.0	  >> WARDROBELIGHT~AUTO~SETSTATE
	R1757.1	  >> WARDROBELIGHT~AUTO~PERSONLEFT
	R1757.2	  >> WARDROBELIGHT~AUTO~FORGET
	R1757.3	  >> WARDROBELIGHT~AUTO~STATECHANGED
	R1757.4	  >> WARDROBELIGHT~AUTO~STATE
	R1758.0	  >>> WARDROBELIGHT~AUTO~TIMERAFTERDOOROPENED~START
	R1758.1	  >>> WARDROBELIGHT~AUTO~TIMERAFTERDOOROPENED~RESET
	RL1759	  >>> WARDROBELIGHT~AUTO~TIMERAFTERDOOROPENED~TIMETOCOUNT
	R1763.0	  >>> WARDROBELIGHT~AUTO~TIMERAFTERDOOROPENED~ISRUN
	R1763.1	  >>> WARDROBELIGHT~AUTO~TIMERAFTERDOOROPENED~ISDONE
	RL1764	  >>> WARDROBELIGHT~AUTO~TIMERAFTERDOOROPENED~CURRENTTIME
	R1768.0	  >>>> WARDROBELIGHT~AUTO~TIMERAFTERDOOROPENED~TIMER~IN
	RL1769	  >>>> WARDROBELIGHT~AUTO~TIMERAFTERDOOROPENED~TIMER~PT
	R1773.0	  >>>> WARDROBELIGHT~AUTO~TIMERAFTERDOOROPENED~TIMER~Q
	RL1774	  >>>> WARDROBELIGHT~AUTO~TIMERAFTERDOOROPENED~TIMER~ET
	R1778.0	  >>>>> WARDROBELIGHT~AUTO~TIMERAFTERDOOROPENED~TIMER~IN_R_EDGE~CLK
	R1778.1	  >>>>> WARDROBELIGHT~AUTO~TIMERAFTERDOOROPENED~TIMER~IN_R_EDGE~Q
	R1778.2	  >>>>> WARDROBELIGHT~AUTO~TIMERAFTERDOOROPENED~TIMER~IN_R_EDGE~M
	RL1779	  >>>> WARDROBELIGHT~AUTO~TIMERAFTERDOOROPENED~TIMER~LT
	R1783.0	  >>> WARDROBELIGHT~AUTO~TIMERAFTERDOOROPENED~__EDGE_R__START
	R1783.1	  >>> WARDROBELIGHT~AUTO~TIMERAFTERDOOROPENED~__EDGE_R__RESET
	R1784.0	  >>> WARDROBELIGHT~AUTO~TIMERAFTERDOORCLOSED~START
	R1784.1	  >>> WARDROBELIGHT~AUTO~TIMERAFTERDOORCLOSED~RESET
	RL1785	  >>> WARDROBELIGHT~AUTO~TIMERAFTERDOORCLOSED~TIMETOCOUNT
	R1789.0	  >>> WARDROBELIGHT~AUTO~TIMERAFTERDOORCLOSED~ISRUN
	R1789.1	  >>> WARDROBELIGHT~AUTO~TIMERAFTERDOORCLOSED~ISDONE
	RL1790	  >>> WARDROBELIGHT~AUTO~TIMERAFTERDOORCLOSED~CURRENTTIME
	R1794.0	  >>>> WARDROBELIGHT~AUTO~TIMERAFTERDOORCLOSED~TIMER~IN
	RL1795	  >>>> WARDROBELIGHT~AUTO~TIMERAFTERDOORCLOSED~TIMER~PT
	R1799.0	  >>>> WARDROBELIGHT~AUTO~TIMERAFTERDOORCLOSED~TIMER~Q
	RL1800	  >>>> WARDROBELIGHT~AUTO~TIMERAFTERDOORCLOSED~TIMER~ET
	R1804.0	  >>>>> WARDROBELIGHT~AUTO~TIMERAFTERDOORCLOSED~TIMER~IN_R_EDGE~CLK
	R1804.1	  >>>>> WARDROBELIGHT~AUTO~TIMERAFTERDOORCLOSED~TIMER~IN_R_EDGE~Q
	R1804.2	  >>>>> WARDROBELIGHT~AUTO~TIMERAFTERDOORCLOSED~TIMER~IN_R_EDGE~M
	RL1805	  >>>> WARDROBELIGHT~AUTO~TIMERAFTERDOORCLOSED~TIMER~LT
	R1809.0	  >>> WARDROBELIGHT~AUTO~TIMERAFTERDOORCLOSED~__EDGE_R__START
	R1809.1	  >>> WARDROBELIGHT~AUTO~TIMERAFTERDOORCLOSED~__EDGE_R__RESET
	R1810.0	  >>> WARDROBELIGHT~AUTO~TIMERAFTERMOTIONDETECTED~START
	R1810.1	  >>> WARDROBELIGHT~AUTO~TIMERAFTERMOTIONDETECTED~RESET
	RL1811	  >>> WARDROBELIGHT~AUTO~TIMERAFTERMOTIONDETECTED~TIMETOCOUNT
	R1815.0	  >>> WARDROBELIGHT~AUTO~TIMERAFTERMOTIONDETECTED~ISRUN
	R1815.1	  >>> WARDROBELIGHT~AUTO~TIMERAFTERMOTIONDETECTED~ISDONE
	RL1816	  >>> WARDROBELIGHT~AUTO~TIMERAFTERMOTIONDETECTED~CURRENTTIME
	R1820.0	  >>>> WARDROBELIGHT~AUTO~TIMERAFTERMOTIONDETECTED~TIMER~IN
	RL1821	  >>>> WARDROBELIGHT~AUTO~TIMERAFTERMOTIONDETECTED~TIMER~PT
	R1825.0	  >>>> WARDROBELIGHT~AUTO~TIMERAFTERMOTIONDETECTED~TIMER~Q
	RL1826	  >>>> WARDROBELIGHT~AUTO~TIMERAFTERMOTIONDETECTED~TIMER~ET
	R1830.0	  >>>>> WARDROBELIGHT~AUTO~TIMERAFTERMOTIONDETECTED~TIMER~IN_R_EDGE~CLK
	R1830.1	  >>>>> WARDROBELIGHT~AUTO~TIMERAFTERMOTIONDETECTED~TIMER~IN_R_EDGE~Q
	R1830.2	  >>>>> WARDROBELIGHT~AUTO~TIMERAFTERMOTIONDETECTED~TIMER~IN_R_EDGE~M
	RL1831	  >>>> WARDROBELIGHT~AUTO~TIMERAFTERMOTIONDETECTED~TIMER~LT
	R1835.0	  >>> WARDROBELIGHT~AUTO~TIMERAFTERMOTIONDETECTED~__EDGE_R__START
	R1835.1	  >>> WARDROBELIGHT~AUTO~TIMERAFTERMOTIONDETECTED~__EDGE_R__RESET
	R1836.0	  >>> WARDROBELIGHT~AUTO~TIMERAFTERLASTACTION~START
	R1836.1	  >>> WARDROBELIGHT~AUTO~TIMERAFTERLASTACTION~RESET
	RL1837	  >>> WARDROBELIGHT~AUTO~TIMERAFTERLASTACTION~TIMETOCOUNT
	R1841.0	  >>> WARDROBELIGHT~AUTO~TIMERAFTERLASTACTION~ISRUN
	R1841.1	  >>> WARDROBELIGHT~AUTO~TIMERAFTERLASTACTION~ISDONE
	RL1842	  >>> WARDROBELIGHT~AUTO~TIMERAFTERLASTACTION~CURRENTTIME
	R1846.0	  >>>> WARDROBELIGHT~AUTO~TIMERAFTERLASTACTION~TIMER~IN
	RL1847	  >>>> WARDROBELIGHT~AUTO~TIMERAFTERLASTACTION~TIMER~PT
	R1851.0	  >>>> WARDROBELIGHT~AUTO~TIMERAFTERLASTACTION~TIMER~Q
	RL1852	  >>>> WARDROBELIGHT~AUTO~TIMERAFTERLASTACTION~TIMER~ET
	R1856.0	  >>>>> WARDROBELIGHT~AUTO~TIMERAFTERLASTACTION~TIMER~IN_R_EDGE~CLK
	R1856.1	  >>>>> WARDROBELIGHT~AUTO~TIMERAFTERLASTACTION~TIMER~IN_R_EDGE~Q
	R1856.2	  >>>>> WARDROBELIGHT~AUTO~TIMERAFTERLASTACTION~TIMER~IN_R_EDGE~M
	RL1857	  >>>> WARDROBELIGHT~AUTO~TIMERAFTERLASTACTION~TIMER~LT
	R1861.0	  >>> WARDROBELIGHT~AUTO~TIMERAFTERLASTACTION~__EDGE_R__START
	R1861.1	  >>> WARDROBELIGHT~AUTO~TIMERAFTERLASTACTION~__EDGE_R__RESET
	R1862.0	  >>> WARDROBELIGHT~AUTO~DOORSENSRISE~CLK
	R1862.1	  >>> WARDROBELIGHT~AUTO~DOORSENSRISE~Q
	R1862.2	  >>> WARDROBELIGHT~AUTO~DOORSENSRISE~M
	R1863.0	  >>> WARDROBELIGHT~AUTO~DOORSENSFALL~CLK
	R1863.1	  >>> WARDROBELIGHT~AUTO~DOORSENSFALL~Q
	R1863.2	  >>> WARDROBELIGHT~AUTO~DOORSENSFALL~M
	R1864.0	  >> WARDROBELIGHT~AUTO~DOORCLOSED
	R1864.1	  >> WARDROBELIGHT~AUTO~DOOROPENED
	R1865.0	  >>> WARDROBELIGHT~AUTO~MOTIONSENSRISE~CLK
	R1865.1	  >>> WARDROBELIGHT~AUTO~MOTIONSENSRISE~Q
	R1865.2	  >>> WARDROBELIGHT~AUTO~MOTIONSENSRISE~M
	R1866.0	  >>> WARDROBELIGHT~AUTO~MOTIONSENSFALL~CLK
	R1866.1	  >>> WARDROBELIGHT~AUTO~MOTIONSENSFALL~Q
	R1866.2	  >>> WARDROBELIGHT~AUTO~MOTIONSENSFALL~M
	R1867.0	  >> WARDROBELIGHT~AUTO~MOTIONDETECTED
	R1867.1	  >> WARDROBELIGHT~AUTO~MOTIONEND
	R1868.0	  >>> WARDROBELIGHT~AUTO~NIGHTMODEOFF~CLK
	R1868.1	  >>> WARDROBELIGHT~AUTO~NIGHTMODEOFF~Q
	R1868.2	  >>> WARDROBELIGHT~AUTO~NIGHTMODEOFF~M
	R1869.0	  > WARDROBELIGHT~INIT
R 1870   :1927   =PRGFLOORHEATING FLOORHEATING	; 
	RL1870	  >> FLOORHEATING~TERMOSTAT~PERIOD
	R1874.0	  >> FLOORHEATING~TERMOSTAT~OUT
	RL1875	  >> FLOORHEATING~TERMOSTAT~STATE
	RL1879	  >> FLOORHEATING~TERMOSTAT~POWER
	R1883.0	  >>> FLOORHEATING~TERMOSTAT~PWMGENERATOR~ENB
	RL1884	  >>> FLOORHEATING~TERMOSTAT~PWMGENERATOR~PER
	RF1888	  >>> FLOORHEATING~TERMOSTAT~PWMGENERATOR~PLS
	R1892.0	  >>> FLOORHEATING~TERMOSTAT~PWMGENERATOR~OUT
	R1893.0	  >>>> FLOORHEATING~TERMOSTAT~PWMGENERATOR~TIMERPERIOD~IN
	RL1894	  >>>> FLOORHEATING~TERMOSTAT~PWMGENERATOR~TIMERPERIOD~PT
	R1898.0	  >>>> FLOORHEATING~TERMOSTAT~PWMGENERATOR~TIMERPERIOD~Q
	RL1899	  >>>> FLOORHEATING~TERMOSTAT~PWMGENERATOR~TIMERPERIOD~ET
	R1903.0	  >>>>> FLOORHEATING~TERMOSTAT~PWMGENERATOR~TIMERPERIOD~IN_F_EDGE~CLK
	R1903.1	  >>>>> FLOORHEATING~TERMOSTAT~PWMGENERATOR~TIMERPERIOD~IN_F_EDGE~Q
	R1903.2	  >>>>> FLOORHEATING~TERMOSTAT~PWMGENERATOR~TIMERPERIOD~IN_F_EDGE~M
	RL1904	  >>>> FLOORHEATING~TERMOSTAT~PWMGENERATOR~TIMERPERIOD~LT
	R1908.0	  >>>> FLOORHEATING~TERMOSTAT~PWMGENERATOR~TIMERPULSE~IN
	RL1909	  >>>> FLOORHEATING~TERMOSTAT~PWMGENERATOR~TIMERPULSE~PT
	R1913.0	  >>>> FLOORHEATING~TERMOSTAT~PWMGENERATOR~TIMERPULSE~Q
	RL1914	  >>>> FLOORHEATING~TERMOSTAT~PWMGENERATOR~TIMERPULSE~ET
	R1918.0	  >>>>> FLOORHEATING~TERMOSTAT~PWMGENERATOR~TIMERPULSE~IN_R_EDGE~CLK
	R1918.1	  >>>>> FLOORHEATING~TERMOSTAT~PWMGENERATOR~TIMERPULSE~IN_R_EDGE~Q
	R1918.2	  >>>>> FLOORHEATING~TERMOSTAT~PWMGENERATOR~TIMERPULSE~IN_R_EDGE~M
	RL1919	  >>>> FLOORHEATING~TERMOSTAT~PWMGENERATOR~TIMERPULSE~LT
	RL1923	  >>> FLOORHEATING~TERMOSTAT~PWMGENERATOR~PTPULSE
	R1927.0	  >>> FLOORHEATING~TERMOSTAT~PWMGENERATOR~START
R 1928   :1977   =PRGWATERLEAKEGECONTROL WATERLEAKEGECONTROL	; 
	R1928.0	  >> WATERLEAKEGECONTROL~WATERLEACKEGECONTROL~SENSOR
	R1928.1	  >> WATERLEAKEGECONTROL~WATERLEACKEGECONTROL~OPENWATER
	R1928.2	  >> WATERLEAKEGECONTROL~WATERLEACKEGECONTROL~CLOSEWATER
	R1928.3	  >> WATERLEAKEGECONTROL~WATERLEACKEGECONTROL~ALARMRESET
	R1929	  >>> WATERLEAKEGECONTROL~WATERLEACKEGECONTROL~CONFIG~SENSORMODE
	R1930	  >>> WATERLEAKEGECONTROL~WATERLEACKEGECONTROL~CONFIG~VALVEMODE
	RL1931	  >>> WATERLEAKEGECONTROL~WATERLEACKEGECONTROL~CONFIG~TIMETRESHOLD
	RL1935	  >>> WATERLEAKEGECONTROL~WATERLEACKEGECONTROL~CONFIG~WATERONSENDORSTIMEOUTTIME
	R1939.0	  >> WATERLEAKEGECONTROL~WATERLEACKEGECONTROL~AUTOCONTROL
	R1939.1	  >> WATERLEAKEGECONTROL~WATERLEACKEGECONTROL~VALVE
	R1939.2	  >> WATERLEAKEGECONTROL~WATERLEACKEGECONTROL~ALARM
	RL1940	  >> WATERLEAKEGECONTROL~WATERLEACKEGECONTROL~WATERSTATE
	R1944.0	  >> WATERLEAKEGECONTROL~WATERLEACKEGECONTROL~WATERONSENSOR
	R1945.0	  >>> WATERLEAKEGECONTROL~WATERLEACKEGECONTROL~TIMETRESHOLD~IN
	RL1946	  >>> WATERLEAKEGECONTROL~WATERLEACKEGECONTROL~TIMETRESHOLD~PT
	R1950.0	  >>> WATERLEAKEGECONTROL~WATERLEACKEGECONTROL~TIMETRESHOLD~Q
	RL1951	  >>> WATERLEAKEGECONTROL~WATERLEACKEGECONTROL~TIMETRESHOLD~ET
	R1955.0	  >>>> WATERLEAKEGECONTROL~WATERLEACKEGECONTROL~TIMETRESHOLD~IN_R_EDGE~CLK
	R1955.1	  >>>> WATERLEAKEGECONTROL~WATERLEACKEGECONTROL~TIMETRESHOLD~IN_R_EDGE~Q
	R1955.2	  >>>> WATERLEAKEGECONTROL~WATERLEACKEGECONTROL~TIMETRESHOLD~IN_R_EDGE~M
	RL1956	  >>> WATERLEAKEGECONTROL~WATERLEACKEGECONTROL~TIMETRESHOLD~LT
	R1960.0	  >>> WATERLEAKEGECONTROL~WATERLEACKEGECONTROL~WATERONSENDORSTIMEOUT~IN
	RL1961	  >>> WATERLEAKEGECONTROL~WATERLEACKEGECONTROL~WATERONSENDORSTIMEOUT~PT
	R1965.0	  >>> WATERLEAKEGECONTROL~WATERLEACKEGECONTROL~WATERONSENDORSTIMEOUT~Q
	RL1966	  >>> WATERLEAKEGECONTROL~WATERLEACKEGECONTROL~WATERONSENDORSTIMEOUT~ET
	R1970.0	  >>>> WATERLEAKEGECONTROL~WATERLEACKEGECONTROL~WATERONSENDORSTIMEOUT~IN_R_EDGE~CLK
	R1970.1	  >>>> WATERLEAKEGECONTROL~WATERLEACKEGECONTROL~WATERONSENDORSTIMEOUT~IN_R_EDGE~Q
	R1970.2	  >>>> WATERLEAKEGECONTROL~WATERLEACKEGECONTROL~WATERONSENDORSTIMEOUT~IN_R_EDGE~M
	RL1971	  >>> WATERLEAKEGECONTROL~WATERLEACKEGECONTROL~WATERONSENDORSTIMEOUT~LT
	R1975.0	  >>> WATERLEAKEGECONTROL~WATERLEACKEGECONTROL~TIMEOUT~CLK
	R1975.1	  >>> WATERLEAKEGECONTROL~WATERLEACKEGECONTROL~TIMEOUT~Q
	R1975.2	  >>> WATERLEAKEGECONTROL~WATERLEACKEGECONTROL~TIMEOUT~M
	R1976.0	  >> WATERLEAKEGECONTROL~WATERLEACKEGECONTROL~__EDGE_R__OPENWATER
	R1976.1	  >> WATERLEAKEGECONTROL~WATERLEACKEGECONTROL~__EDGE_R__CLOSEWATER
	R1976.2	  >> WATERLEAKEGECONTROL~WATERLEACKEGECONTROL~__EDGE_R__ALARMRESET
	R1977.0	  > WATERLEAKEGECONTROL~INIT
R 1978   :2092   =PRGSECURITY SECURITY	; 
	RL1978	  >>> SECURITY~SECURITY~CONFIG~EXITTIME
	RL1982	  >>> SECURITY~SECURITY~CONFIG~ENTERENCETIME
	R1986	  >>> SECURITY~SECURITY~CONFIG~Z1MODE
	R1987	  >>> SECURITY~SECURITY~CONFIG~Z2MODE
	R1988	  >>> SECURITY~SECURITY~CONFIG~Z3MODE
	R1989	  >>> SECURITY~SECURITY~CONFIG~Z4MODE
	R1990	  >>> SECURITY~SECURITY~CONFIG~Z5MODE
	R1991.0	  >>> SECURITY~SECURITY~CONFIG~KEYBOARDENABLE
	RL1992	  >>> SECURITY~SECURITY~CONFIG~KEYBIMPULSETIME
	R1996.0	  >> SECURITY~SECURITY~Z1
	R1996.1	  >> SECURITY~SECURITY~Z2
	R1996.2	  >> SECURITY~SECURITY~Z3
	R1996.3	  >> SECURITY~SECURITY~Z4
	R1996.4	  >> SECURITY~SECURITY~Z5
	R1996.5	  >> SECURITY~SECURITY~KEYBOARD
	R1996.6	  >> SECURITY~SECURITY~ARM
	R1996.7	  >> SECURITY~SECURITY~DISARM
	R1997.0	  >> SECURITY~SECURITY~ALARMRESET
	R1997.1	  >> SECURITY~SECURITY~SABOTAGERESET
	R1997.2	  >> SECURITY~SECURITY~SECURITYSTATE
	R1997.3	  >> SECURITY~SECURITY~ALARM
	R1997.4	  >> SECURITY~SECURITY~SIREN
	R1997.5	  >> SECURITY~SECURITY~LEDINDICATOR
	R1997.6	  >> SECURITY~SECURITY~SABOTAGE
	R1997.7	  >> SECURITY~SECURITY~ERROR
	R1998	  >> SECURITY~SECURITY~ERRORCODE
	R1999	  >> SECURITY~SECURITY~STATE
	R2000.0	  >>> SECURITY~SECURITY~KEYBOARDIMPULSE~IN
	RL2001	  >>> SECURITY~SECURITY~KEYBOARDIMPULSE~PT
	R2005.0	  >>> SECURITY~SECURITY~KEYBOARDIMPULSE~Q
	RL2006	  >>> SECURITY~SECURITY~KEYBOARDIMPULSE~ET
	R2010.0	  >>>> SECURITY~SECURITY~KEYBOARDIMPULSE~IN_R_EDGE~CLK
	R2010.1	  >>>> SECURITY~SECURITY~KEYBOARDIMPULSE~IN_R_EDGE~Q
	R2010.2	  >>>> SECURITY~SECURITY~KEYBOARDIMPULSE~IN_R_EDGE~M
	RL2011	  >>> SECURITY~SECURITY~KEYBOARDIMPULSE~LT
	R2015.0	  >>> SECURITY~SECURITY~KEYBOARDEVENT~CLK
	R2015.1	  >>> SECURITY~SECURITY~KEYBOARDEVENT~Q
	R2015.2	  >>> SECURITY~SECURITY~KEYBOARDEVENT~M
	R2016.0	  >>> SECURITY~SECURITY~KEYBOARDIMPULSEEND~CLK
	R2016.1	  >>> SECURITY~SECURITY~KEYBOARDIMPULSEEND~Q
	R2016.2	  >>> SECURITY~SECURITY~KEYBOARDIMPULSEEND~M
	R2017.0	  >>> SECURITY~SECURITY~EXITTIMER~IN
	RL2018	  >>> SECURITY~SECURITY~EXITTIMER~PT
	R2022.0	  >>> SECURITY~SECURITY~EXITTIMER~Q
	RL2023	  >>> SECURITY~SECURITY~EXITTIMER~ET
	R2027.0	  >>>> SECURITY~SECURITY~EXITTIMER~IN_R_EDGE~CLK
	R2027.1	  >>>> SECURITY~SECURITY~EXITTIMER~IN_R_EDGE~Q
	R2027.2	  >>>> SECURITY~SECURITY~EXITTIMER~IN_R_EDGE~M
	RL2028	  >>> SECURITY~SECURITY~EXITTIMER~LT
	R2032.0	  >>> SECURITY~SECURITY~ENTRANCETIMER~IN
	RL2033	  >>> SECURITY~SECURITY~ENTRANCETIMER~PT
	R2037.0	  >>> SECURITY~SECURITY~ENTRANCETIMER~Q
	RL2038	  >>> SECURITY~SECURITY~ENTRANCETIMER~ET
	R2042.0	  >>>> SECURITY~SECURITY~ENTRANCETIMER~IN_R_EDGE~CLK
	R2042.1	  >>>> SECURITY~SECURITY~ENTRANCETIMER~IN_R_EDGE~Q
	R2042.2	  >>>> SECURITY~SECURITY~ENTRANCETIMER~IN_R_EDGE~M
	RL2043	  >>> SECURITY~SECURITY~ENTRANCETIMER~LT
	R2047.0	  >>> SECURITY~SECURITY~LEDPULSE~ENB
	RL2048	  >>> SECURITY~SECURITY~LEDPULSE~PER
	RF2052	  >>> SECURITY~SECURITY~LEDPULSE~PLS
	R2056.0	  >>> SECURITY~SECURITY~LEDPULSE~OUT
	R2057.0	  >>>> SECURITY~SECURITY~LEDPULSE~TIMERPERIOD~IN
	RL2058	  >>>> SECURITY~SECURITY~LEDPULSE~TIMERPERIOD~PT
	R2062.0	  >>>> SECURITY~SECURITY~LEDPULSE~TIMERPERIOD~Q
	RL2063	  >>>> SECURITY~SECURITY~LEDPULSE~TIMERPERIOD~ET
	R2067.0	  >>>>> SECURITY~SECURITY~LEDPULSE~TIMERPERIOD~IN_F_EDGE~CLK
	R2067.1	  >>>>> SECURITY~SECURITY~LEDPULSE~TIMERPERIOD~IN_F_EDGE~Q
	R2067.2	  >>>>> SECURITY~SECURITY~LEDPULSE~TIMERPERIOD~IN_F_EDGE~M
	RL2068	  >>>> SECURITY~SECURITY~LEDPULSE~TIMERPERIOD~LT
	R2072.0	  >>>> SECURITY~SECURITY~LEDPULSE~TIMERPULSE~IN
	RL2073	  >>>> SECURITY~SECURITY~LEDPULSE~TIMERPULSE~PT
	R2077.0	  >>>> SECURITY~SECURITY~LEDPULSE~TIMERPULSE~Q
	RL2078	  >>>> SECURITY~SECURITY~LEDPULSE~TIMERPULSE~ET
	R2082.0	  >>>>> SECURITY~SECURITY~LEDPULSE~TIMERPULSE~IN_R_EDGE~CLK
	R2082.1	  >>>>> SECURITY~SECURITY~LEDPULSE~TIMERPULSE~IN_R_EDGE~Q
	R2082.2	  >>>>> SECURITY~SECURITY~LEDPULSE~TIMERPULSE~IN_R_EDGE~M
	RL2083	  >>>> SECURITY~SECURITY~LEDPULSE~TIMERPULSE~LT
	RL2087	  >>> SECURITY~SECURITY~LEDPULSE~PTPULSE
	R2091.0	  >>> SECURITY~SECURITY~LEDPULSE~START
	R2092.0	  >> SECURITY~SECURITY~USERENTERPASSWORD
	R2092.1	  >> SECURITY~SECURITY~ARMWITHOUTDELAY
	R2092.2	  >> SECURITY~SECURITY~__EDGE_R__ARM
	R2092.3	  >> SECURITY~SECURITY~__EDGE_R__DISARM
	R2092.4	  >> SECURITY~SECURITY~__EDGE_R__ALARMRESET
	R2092.5	  >> SECURITY~SECURITY~__EDGE_R__SABOTAGERESET
R 2093   :2096   =GETCHANINDEX __INSTANCE__GETCHANINDEX	; 
	RW2093	  > __INSTANCE__GETCHANINDEX~__FC__GETCHANINDEX
	RW2095	  > __INSTANCE__GETCHANINDEX~CHANCODE
R 2097   :2124   =GETCHANDESC __INSTANCE__GETCHANDESC	; 
	R2097	  >> __INSTANCE__GETCHANDESC~__FC__GETCHANDESC~MODECHAN
	R2098	  >> __INSTANCE__GETCHANDESC~__FC__GETCHANDESC~RES
	RL2099	  >> __INSTANCE__GETCHANDESC~__FC__GETCHANDESC~ADRUNISTAT
	RW2103	  >> __INSTANCE__GETCHANDESC~__FC__GETCHANDESC~LENUNISTAT
	RL2105	  >> __INSTANCE__GETCHANDESC~__FC__GETCHANDESC~ADRUNICONT
	RW2109	  >> __INSTANCE__GETCHANDESC~__FC__GETCHANDESC~LENUNICONT
	RL2111	  >> __INSTANCE__GETCHANDESC~__FC__GETCHANDESC~ADRUNIIN
	RW2115	  >> __INSTANCE__GETCHANDESC~__FC__GETCHANDESC~LENUNIIN
	RL2117	  >> __INSTANCE__GETCHANDESC~__FC__GETCHANDESC~ADRUNIOUT
	RW2121	  >> __INSTANCE__GETCHANDESC~__FC__GETCHANDESC~LENUNIOUT
	RW2123	  > __INSTANCE__GETCHANDESC~CHANCODE

No errors.


;* Map completed.
